05-25 02:54:49.149 12204 12257 W Looper  : Dispatch took 133ms on android.ui, h=Handler (com.android.server.am.ActivityManagerService$UiHandler) {5c13f6f} cb=null msg=30
05-25 02:54:49.411 12204 12894 I ActivityManager: Activity reported stop, but no longer stopping: ActivityRecord{15d638c u0 com.google.android.apps.nexuslauncher/.NexusLauncherActivity t8}
05-25 02:54:49.471 12988 13127 E ActivityThread: Failed to find provider info for com.google.android.apps.gsa.testing.ui.audio.recorded
05-25 02:54:50.185 12204 12478 I ActivityManager: Force stopping splitsound.com.splitsound appid=10084 user=0: finished inst
05-25 02:54:50.185 12204 12478 I ActivityManager: Killing 14138:splitsound.com.splitsound/u0a84 (adj 0): stop splitsound.com.splitsound
05-25 02:54:50.590 12204 14213 F libc    : Fatal signal 11 (SIGSEGV), code 2, fault addr 0xc247b050 in tid 14213 (RenderThread), pid 12204 (system_server)
05-25 02:54:50.699 14220 14220 F DEBUG   : *** *** *** *** *** *** *** *** *** *** *** *** *** *** *** ***
05-25 02:54:50.699 14220 14220 F DEBUG   : Build fingerprint: 'google/sdk_gphone_x86/generic_x86:8.1.0/OSM1.180201.021/4741582:userdebug/dev-keys'
05-25 02:54:50.699 14220 14220 F DEBUG   : Revision: '0'
05-25 02:54:50.699 14220 14220 F DEBUG   : ABI: 'x86'
05-25 02:54:50.699 14220 14220 F DEBUG   : pid: 12204, tid: 14213, name: RenderThread  >>> system_server <<<
05-25 02:54:50.699 14220 14220 F DEBUG   : signal 11 (SIGSEGV), code 2 (SEGV_ACCERR), fault addr 0xc247b050
05-25 02:54:50.699 14220 14220 F DEBUG   :     eax ca4eb1e8  ebx df2ccc64  ecx c7e03c90  edx 00000002
05-25 02:54:50.699 14220 14220 F DEBUG   :     esi 00000003  edi 00000002
05-25 02:54:50.699 14220 14220 F DEBUG   :     xcs 00000023  xds 0000002b  xes 0000002b  xfs 0000006b  xss 0000002b
05-25 02:54:50.699 14220 14220 F DEBUG   :     eip c247b050  ebp ca4eb808  esp ca4eb1ac  flags 00010246
05-25 02:54:50.764 14220 14220 F DEBUG   : 
05-25 02:54:50.764 14220 14220 F DEBUG   : backtrace:
05-25 02:54:50.764 14220 14220 F DEBUG   :     #00 pc 0007b050  [anon:libc_malloc:c2400000]
05-25 02:54:50.764 14220 14220 F DEBUG   :     #01 pc 000dfd3d  /vendor/lib/egl/libGLESv2_swiftshader.so (sw::Renderer::executeTask(int)+189)
05-25 02:54:50.764 14220 14220 F DEBUG   :     #02 pc 000dfa07  /vendor/lib/egl/libGLESv2_swiftshader.so (sw::Renderer::threadLoop(int)+103)
05-25 02:54:50.764 14220 14220 F DEBUG   :     #03 pc 000df98e  /vendor/lib/egl/libGLESv2_swiftshader.so (sw::Renderer::threadFunction(void*)+78)
05-25 02:54:50.764 14220 14220 F DEBUG   :     #04 pc 000ce064  /vendor/lib/egl/libGLESv2_swiftshader.so (sw::Thread::startFunction(void*)+84)
05-25 02:54:50.764 14220 14220 F DEBUG   :     #05 pc 00071445  /system/lib/libc.so (__pthread_start(void*)+53)
05-25 02:54:50.764 14220 14220 F DEBUG   :     #06 pc 000205db  /system/lib/libc.so (__start_thread+75)
05-25 02:54:50.764 14220 14220 F DEBUG   :     #07 pc 0001ec16  /system/lib/libc.so (__bionic_clone+70)
05-25 02:54:54.904 13185 13480 E AndroidRuntime: FATAL EXCEPTION: lowpool[1]
05-25 02:54:54.904 13185 13480 E AndroidRuntime: Process: com.google.android.gms, PID: 13185
05-25 02:54:54.904 13185 13480 E AndroidRuntime: DeadSystemException: The system died; earlier logs will point to the root cause
05-25 02:54:54.906 13185 14123 E AndroidRuntime: FATAL EXCEPTION: lowpool[7]
05-25 02:54:54.906 13185 14123 E AndroidRuntime: Process: com.google.android.gms, PID: 13185
05-25 02:54:54.906 13185 14123 E AndroidRuntime: DeadSystemException: The system died; earlier logs will point to the root cause
05-25 02:54:54.907 13185 13535 E AndroidRuntime: FATAL EXCEPTION: highpool[0]
05-25 02:54:54.907 13185 13535 E AndroidRuntime: Process: com.google.android.gms, PID: 13185
05-25 02:54:54.907 13185 13535 E AndroidRuntime: DeadSystemException: The system died; earlier logs will point to the root cause
05-25 02:54:54.907 13185 14069 E AndroidRuntime: FATAL EXCEPTION: highpool[3]
05-25 02:54:54.907 13185 14069 E AndroidRuntime: Process: com.google.android.gms, PID: 13185
05-25 02:54:54.907 13185 14069 E AndroidRuntime: DeadSystemException: The system died; earlier logs will point to the root cause
05-25 02:54:54.908 13185 14124 E AndroidRuntime: FATAL EXCEPTION: highpool[5]
05-25 02:54:54.908 13185 14124 E AndroidRuntime: Process: com.google.android.gms, PID: 13185
05-25 02:54:54.908 13185 14124 E AndroidRuntime: DeadSystemException: The system died; earlier logs will point to the root cause
05-25 02:54:54.908 13185 13909 E AndroidRuntime: FATAL EXCEPTION: highpool[2]
05-25 02:54:54.908 13185 13909 E AndroidRuntime: Process: com.google.android.gms, PID: 13185
05-25 02:54:54.908 13185 13909 E AndroidRuntime: DeadSystemException: The system died; earlier logs will point to the root cause
05-25 02:54:54.908 13185 14120 E AndroidRuntime: FATAL EXCEPTION: highpool[4]
05-25 02:54:54.908 13185 14120 E AndroidRuntime: Process: com.google.android.gms, PID: 13185
05-25 02:54:54.908 13185 14120 E AndroidRuntime: DeadSystemException: The system died; earlier logs will point to the root cause
05-25 02:54:54.910 12451 12451 E AndroidRuntime: FATAL EXCEPTION: main
05-25 02:54:54.910 12451 12451 E AndroidRuntime: Process: com.android.phone, PID: 12451
05-25 02:54:54.910 12451 12451 E AndroidRuntime: DeadSystemException: The system died; earlier logs will point to the root cause
05-25 02:54:54.914 12839 13621 E AndroidRuntime: FATAL EXCEPTION: Places
05-25 02:54:54.914 12839 13621 E AndroidRuntime: Process: com.google.android.gms.persistent, PID: 12839
05-25 02:54:54.914 12839 13621 E AndroidRuntime: DeadSystemException: The system died; earlier logs will point to the root cause
05-25 02:54:54.916 13572 13572 E AndroidRuntime: FATAL EXCEPTION: main
05-25 02:54:54.916 13572 13572 E AndroidRuntime: Process: com.google.android.gm, PID: 13572
05-25 02:54:54.916 13572 13572 E AndroidRuntime: DeadSystemException: The system died; earlier logs will point to the root cause
05-25 02:54:54.930 12839 13307 E AndroidRuntime: FATAL EXCEPTION: highpool[2]
05-25 02:54:54.930 12839 13307 E AndroidRuntime: Process: com.google.android.gms.persistent, PID: 12839
05-25 02:54:54.930 12839 13307 E AndroidRuntime: DeadSystemException: The system died; earlier logs will point to the root cause
05-25 02:54:54.960 12988 12988 E AndroidRuntime: FATAL EXCEPTION: main
05-25 02:54:54.960 12988 12988 E AndroidRuntime: Process: com.google.android.googlequicksearchbox:search, PID: 12988
05-25 02:54:54.960 12988 12988 E AndroidRuntime: DeadSystemException: The system died; earlier logs will point to the root cause
05-25 02:54:54.998 13185 14242 E AndroidRuntime: FATAL EXCEPTION: highpool[7]
05-25 02:54:54.998 13185 14242 E AndroidRuntime: Process: com.google.android.gms, PID: 13185
05-25 02:54:54.998 13185 14242 E AndroidRuntime: DeadSystemException: The system died; earlier logs will point to the root cause
05-25 02:54:55.127 13408 13408 E AndroidRuntime: FATAL EXCEPTION: main
05-25 02:54:55.127 13408 13408 E AndroidRuntime: Process: com.google.android.apps.photos, PID: 13408
05-25 02:54:55.127 13408 13408 E AndroidRuntime: DeadSystemException: The system died; earlier logs will point to the root cause
05-25 02:54:55.131 13224 13224 E AndroidRuntime: FATAL EXCEPTION: main
05-25 02:54:55.131 13224 13224 E AndroidRuntime: Process: com.google.android.apps.maps, PID: 13224
05-25 02:54:55.131 13224 13224 E AndroidRuntime: DeadSystemException: The system died; earlier logs will point to the root cause
05-25 02:54:55.138 12896 12896 E AndroidRuntime: FATAL EXCEPTION: main
05-25 02:54:55.138 12896 12896 E AndroidRuntime: Process: com.google.android.apps.nexuslauncher, PID: 12896
05-25 02:54:55.138 12896 12896 E AndroidRuntime: DeadSystemException: The system died; earlier logs will point to the root cause
05-25 02:54:55.273 13705 13739 E AndroidRuntime: FATAL EXCEPTION: AndroidTestOrchestrator
05-25 02:54:55.273 13705 13739 E AndroidRuntime: Process: android.support.test.orchestrator, PID: 13705
05-25 02:54:55.273 13705 13739 E AndroidRuntime: DeadSystemException: The system died; earlier logs will point to the root cause
05-25 02:54:55.925 14276 14276 D Zygote32Timing: BeginIcuCachePinning took to complete: 22ms
05-25 02:54:56.071 14276 14276 D Zygote32Timing: PreloadClasses took to complete: 145ms
05-25 02:54:56.143 14276 14276 D Zygote32Timing: PreloadResources took to complete: 72ms
05-25 02:54:56.204 14276 14276 D Zygote32Timing: ZygotePreload took to complete: 300ms
05-25 02:54:56.212 14276 14276 D Zygote32Timing: PostZygoteInitGC took to complete: 8ms
05-25 02:54:56.212 14276 14276 D Zygote32Timing: ZygoteInit took to complete: 308ms
05-25 02:54:56.268 14291 14291 I wificond: wificond is starting up...
05-25 02:54:56.350 14295 14295 I chatty  : uid=1000 system_server expire 512 lines
05-25 02:54:56.567 14295 14326 I chatty  : uid=1000 system_server expire 9 lines
05-25 02:54:56.585 14295 14328 I chatty  : uid=1000 system_server expire 40 lines
05-25 02:54:56.599 14295 14329 I chatty  : uid=1000 system_server expire 8 lines
05-25 02:54:56.637 14295 14331 I chatty  : uid=1000 system_server expire 15 lines
05-25 02:54:56.700 14295 14355 I chatty  : uid=1000 system_server expire 19 lines
05-25 02:54:56.710 14295 14357 I chatty  : uid=1000 system_server expire 2 lines
05-25 02:54:57.096 14295 14377 I chatty  : uid=1000 system_server expire 19 lines
05-25 02:54:57.288 14295 14379 I chatty  : uid=1000 system_server expire 7 lines
05-25 02:54:57.289 14295 14381 I chatty  : uid=1000 system_server expire 7 lines
05-25 02:54:57.298 14295 14380 I chatty  : uid=1000 system_server expire 6 lines
05-25 02:54:57.462 14295 14327 I chatty  : uid=1000 system_server expire 20 lines
05-25 02:54:57.496 14295 14406 I chatty  : uid=1000 system_server expire 17 lines
05-25 02:54:57.498 14295 14407 I chatty  : uid=1000 system_server expire 15 lines
05-25 02:54:57.532 14295 14402 I chatty  : uid=1000 system_server expire 2 lines
05-25 02:54:57.585 14295 14360 I chatty  : uid=1000 system_server expire 15 lines
05-25 02:54:57.594 14295 14410 I chatty  : uid=1000 system_server expire 1 line
05-25 02:54:57.611 14295 14413 I chatty  : uid=1000 system_server expire 1 line
05-25 02:54:57.746 14295 14433 I chatty  : uid=1000 system_server expire 1 line
05-25 02:54:57.771  1380  1380 I android.hardware.wifi@1.0-service: Legacy HAL stop complete callback received
05-25 02:54:57.972  1380  1380 I android.hardware.wifi@1.0-service: Wifi HAL stopped
05-25 02:54:58.070  1322  1333 D vold    : e4crypt_unlock_user_key 0 serial=0 token_present=0
05-25 02:54:58.070 14295 14408 I chatty  : uid=1000 system_server expire 6 lines
05-25 02:54:58.722  1380  1380 I android.hardware.wifi@1.0-service: Wifi HAL started
05-25 02:54:59.060  1380  1380 E android.hardware.wifi@1.0-service: Failed to set DFS flag; DFS channels may be unavailable.
05-25 02:54:59.243 14291 14291 I wificond: create scanner for interface with index: 3
05-25 02:54:59.243 14291 14291 I wificond: subscribe scan result for interface with index: 3
05-25 02:54:59.298 14291 14291 E wificond: No Offload Service available
05-25 02:54:59.298 14291 14291 I wificond: Offload HAL not supported 
05-25 02:54:59.397 14295 14314 I chatty  : uid=1000 system_server expire 10 lines
05-25 02:54:59.801 14295 14353 I chatty  : uid=1000 system_server expire 3 lines
05-25 02:55:00.107 14295 14412 I chatty  : uid=1000 system_server expire 15 lines
05-25 02:55:01.165  1322  1332 V vold    : Waiting for FUSE to spin up...
05-25 02:55:01.216  1322  1332 I chatty  : uid=0(root) /system/bin/vold identical 9 lines
05-25 02:55:01.266  1322  1332 V vold    : Waiting for FUSE to spin up...
05-25 02:55:01.316  1322  1332 V vold    : Waiting for FUSE to spin up...
05-25 02:55:01.416  1322  1332 V vold    : Waiting for FUSE to spin up...
05-25 02:55:01.467  1322  1332 V vold    : Waiting for FUSE to spin up...
05-25 02:55:01.517  1322  1332 V vold    : Waiting for FUSE to spin up...
05-25 02:55:01.529 14461 14461 D SystemUIBootTiming: StartServicesDependency took to complete: 156ms
05-25 02:55:01.568  1322  1332 V vold    : Waiting for FUSE to spin up...
05-25 02:55:01.618  1322  1332 V vold    : Waiting for FUSE to spin up...
05-25 02:55:01.668  1322  1332 V vold    : Waiting for FUSE to spin up...
05-25 02:55:01.785 14461 14461 D SystemUIBootTiming: StartServicesNotificationChannels took to complete: 257ms
05-25 02:55:01.828 14461 14461 D SystemUIBootTiming: StartServicesCommandQueueStart took to complete: 41ms
05-25 02:55:03.448 14461 14461 D SystemUIBootTiming: StartServicesKeyguardViewMediator took to complete: 1619ms
05-25 02:55:04.778 14461 14461 D SystemUIBootTiming: StartServicesRecents took to complete: 1329ms
05-25 02:55:04.907 14295 14662 I chatty  : uid=1000 system_server expire 1 line
05-25 02:55:05.133 14295 14663 I chatty  : uid=1000 system_server expire 1 line
05-25 02:55:05.249 14295 14664 I chatty  : uid=1000 system_server expire 1 line
05-25 02:55:06.759 14295 14425 I chatty  : uid=1000 system_server expire 4 lines
05-25 02:55:07.777 14295 14419 I chatty  : uid=1000 system_server expire 14 lines
05-25 02:55:07.969 14591 14591 I TelecomFramework: TtyManager: updateUiTtyMode -1 -> 0
05-25 02:55:08.012 14591 14715 E ActivityThread: Failed to find provider info for com.android.contacts
05-25 02:55:08.201 14461 14461 D SystemUIBootTiming: StartServicesVolumeUI took to complete: 3381ms
05-25 02:55:08.301 14461 14461 D SystemUIBootTiming: StartServicesDivider took to complete: 100ms
05-25 02:55:08.680 14295 14312 I chatty  : uid=1000 system_server expire 20 lines
05-25 02:55:08.955 14591 14591 I TelecomFramework: AccountEntry: Registered phoneAccount: [[ ] PhoneAccount: ComponentInfo{com.android.phone/com.android.services.telephony.TelephonyConnectionService}, [e0184adedf913b076626646d3f52c3b49c39ad6d], UserHandle{0} Capabilities: CallProvider MultiUser PlaceEmerg SimSub  Audio Routes: BESW Schemes: tel voicemail  Extras: Bundle[{android.telecom.extra.SUPPORTS_VIDEO_CALLING_FALLBACK=true}] GroupId: [da39a3ee5e6b4b0d3255bfef95601890afd80709]] with handle: ComponentInfo{com.android.phone/com.android.services.telephony.TelephonyConnectionService}, [e0184adedf913b076626646d3f52c3b49c39ad6d], UserHandle{0}
05-25 02:55:08.956 14591 14591 I TelecomFramework: PstnIncomingCallNotifier: Registering: Handler (com.android.internal.telephony.GsmCdmaPhone) {fc1703e}
05-25 02:55:08.961 14591 14591 I TelecomFramework: TelecomAccountRegistry: Unregistering phone account ComponentInfo{com.android.phone/com.android.services.telephony.TelephonyConnectionService}, [e2f7d48dd2b5ca523e7313cf4ba0f6ea830b6281], UserHandle{0}.
05-25 02:55:09.099 14591 14591 I TelecomFramework: PstnPhoneCapabilitiesNotifier: handleVideoCapabilitesChanged. Video capability - false
05-25 02:55:09.379 14591 14591 D MccTable: updateMccMncConfiguration mccmnc='310260' fromServiceState=false
05-25 02:55:09.379 14591 14591 D MccTable: updateMccMncConfiguration defaultMccMnc=
05-25 02:55:09.380 14591 14591 D MccTable: updateMccMncConfiguration: mcc=310, mnc=260
05-25 02:55:09.390 14295 14295 I chatty  : uid=1000 system_server expire 24 lines
05-25 02:55:09.400 14591 14591 D MccTable: timezone set to America/New_York
05-25 02:55:09.401 14591 14591 D MccTable: updateMccMncConfiguration updateConfig config={0.0 310mcc260mnc ?localeList ?layoutDir ?swdp ?wdp ?hdp ?density ?lsize ?long ?ldr ?wideColorGamut ?orien ?uimode ?night ?touch ?keyb/?/? ?nav/?}
05-25 02:55:09.457 14591 14591 I TelecomFramework: PstnIncomingCallNotifier: Unregistering: Handler (com.android.internal.telephony.GsmCdmaPhone) {fc1703e}
05-25 02:55:09.495 14461 14461 I StatusBar: isKeyguardShowing() called before startKeyguard(), returning true
05-25 02:55:09.551 14461 14461 W StatusBar: isKeyguardSecure() called before startKeyguard(), returning false
05-25 02:55:09.551 14461 14461 W StatusBar: java.lang.Throwable
05-25 02:55:09.551 14461 14461 W StatusBar: 	at com.android.systemui.statusbar.phone.StatusBar.isKeyguardSecure(StatusBar.java:7551)
05-25 02:55:09.551 14461 14461 W StatusBar: 	at com.android.systemui.statusbar.phone.StatusBar.isCameraAllowedByAdmin(StatusBar.java:5436)
05-25 02:55:09.551 14461 14461 W StatusBar: 	at com.android.systemui.statusbar.phone.KeyguardBottomAreaView$DefaultRightButton.getIcon(KeyguardBottomAreaView.java:856)
05-25 02:55:09.551 14461 14461 W StatusBar: 	at com.android.systemui.statusbar.phone.KeyguardBottomAreaView.updateCameraVisibility(KeyguardBottomAreaView.java:382)
05-25 02:55:09.551 14461 14461 W StatusBar: 	at com.android.systemui.statusbar.phone.KeyguardBottomAreaView.setStatusBar(KeyguardBottomAreaView.java:351)
05-25 02:55:09.551 14461 14461 W StatusBar: 	at com.android.systemui.statusbar.phone.NotificationPanelView.setStatusBar(NotificationPanelView.java:252)
05-25 02:55:09.551 14461 14461 W StatusBar: 	at com.android.systemui.statusbar.phone.StatusBar.makeStatusBarView(StatusBar.java:1019)
05-25 02:55:09.551 14461 14461 W StatusBar: 	at com.android.systemui.statusbar.phone.StatusBar.addStatusBarWindow(StatusBar.java:3664)
05-25 02:55:09.551 14461 14461 W StatusBar: 	at com.android.systemui.statusbar.phone.StatusBar.createAndAddWindows(StatusBar.java:3660)
05-25 02:55:09.551 14461 14461 W StatusBar: 	at com.android.systemui.statusbar.phone.StatusBar.start(StatusBar.java:889)
05-25 02:55:09.551 14461 14461 W StatusBar: 	at com.google.android.systemui.statusbar.phone.StatusBarGoogle.start(StatusBarGoogle.java:56)
05-25 02:55:09.551 14461 14461 W StatusBar: 	at com.android.systemui.SystemBars.createStatusBarFromConfig(SystemBars.java:71)
05-25 02:55:09.551 14461 14461 W StatusBar: 	at com.android.systemui.SystemBars.start(SystemBars.java:42)
05-25 02:55:09.551 14461 14461 W StatusBar: 	at com.android.systemui.SystemUIApplication.startServicesIfNeeded(SystemUIApplication.java:215)
05-25 02:55:09.551 14461 14461 W StatusBar: 	at com.android.systemui.SystemUIApplication.startServicesIfNeeded(SystemUIApplication.java:164)
05-25 02:55:09.551 14461 14461 W StatusBar: 	at com.android.systemui.SystemUIService.onCreate(SystemUIService.java:33)
05-25 02:55:09.551 14461 14461 W StatusBar: 	at android.app.ActivityThread.handleCreateService(ActivityThread.java:3339)
05-25 02:55:09.551 14461 14461 W StatusBar: 	at android.app.ActivityThread.-wrap4(Unknown Source:0)
05-25 02:55:09.551 14461 14461 W StatusBar: 	at android.app.ActivityThread$H.handleMessage(ActivityThread.java:1677)
05-25 02:55:09.551 14461 14461 W StatusBar: 	at android.os.Handler.dispatchMessage(Handler.java:106)
05-25 02:55:09.551 14461 14461 W StatusBar: 	at android.os.Looper.loop(Looper.java:164)
05-25 02:55:09.551 14461 14461 W StatusBar: 	at android.app.ActivityThread.main(ActivityThread.java:6494)
05-25 02:55:09.551 14461 14461 W StatusBar: 	at java.lang.reflect.Method.invoke(Native Method)
05-25 02:55:09.551 14461 14461 W StatusBar: 	at com.android.internal.os.RuntimeInit$MethodAndArgsCaller.run(RuntimeInit.java:438)
05-25 02:55:09.551 14461 14461 W StatusBar: 	at com.android.internal.os.ZygoteInit.main(ZygoteInit.java:807)
05-25 02:55:09.697 14591 14591 I TelecomFramework: AccountEntry: Registered phoneAccount: [[ ] PhoneAccount: ComponentInfo{com.android.phone/com.android.services.telephony.TelephonyConnectionService}, [e0184adedf913b076626646d3f52c3b49c39ad6d], UserHandle{0} Capabilities: CallProvider MultiUser PlaceEmerg SimSub  Audio Routes: BESW Schemes: tel voicemail  Extras: Bundle[{android.telecom.extra.SUPPORTS_VIDEO_CALLING_FALLBACK=true}] GroupId: [da39a3ee5e6b4b0d3255bfef95601890afd80709]] with handle: ComponentInfo{com.android.phone/com.android.services.telephony.TelephonyConnectionService}, [e0184adedf913b076626646d3f52c3b49c39ad6d], UserHandle{0}
05-25 02:55:09.697 14591 14591 I TelecomFramework: PstnIncomingCallNotifier: Registering: Handler (com.android.internal.telephony.GsmCdmaPhone) {fc1703e}
05-25 02:55:09.769 14591 14591 I TelecomFramework: PstnPhoneCapabilitiesNotifier: handleVideoCapabilitesChanged. Video capability - false
05-25 02:55:09.798 14461 14461 I StatusBar: isKeyguardShowing() called before startKeyguard(), returning true
05-25 02:55:09.812 14461 14461 W StatusBar: isKeyguardSecure() called before startKeyguard(), returning false
05-25 02:55:09.812 14461 14461 W StatusBar: java.lang.Throwable
05-25 02:55:09.812 14461 14461 W StatusBar: 	at com.android.systemui.statusbar.phone.StatusBar.isKeyguardSecure(StatusBar.java:7551)
05-25 02:55:09.812 14461 14461 W StatusBar: 	at com.android.systemui.statusbar.phone.StatusBar.isCameraAllowedByAdmin(StatusBar.java:5436)
05-25 02:55:09.812 14461 14461 W StatusBar: 	at com.android.systemui.statusbar.phone.KeyguardBottomAreaView$DefaultRightButton.getIcon(KeyguardBottomAreaView.java:856)
05-25 02:55:09.812 14461 14461 W StatusBar: 	at com.android.systemui.statusbar.phone.KeyguardBottomAreaView.updateCameraVisibility(KeyguardBottomAreaView.java:382)
05-25 02:55:09.812 14461 14461 W StatusBar: 	at com.android.systemui.statusbar.phone.KeyguardBottomAreaView.setUserSetupComplete(KeyguardBottomAreaView.java:360)
05-25 02:55:09.812 14461 14461 W StatusBar: 	at com.android.systemui.statusbar.phone.NotificationPanelView.setUserSetupComplete(NotificationPanelView.java:2655)
05-25 02:55:09.812 14461 14461 W StatusBar: 	at com.android.systemui.statusbar.phone.StatusBar.makeStatusBarView(StatusBar.java:1162)
05-25 02:55:09.812 14461 14461 W StatusBar: 	at com.android.systemui.statusbar.phone.StatusBar.addStatusBarWindow(StatusBar.java:3664)
05-25 02:55:09.812 14461 14461 W StatusBar: 	at com.android.systemui.statusbar.phone.StatusBar.createAndAddWindows(StatusBar.java:3660)
05-25 02:55:09.812 14461 14461 W StatusBar: 	at com.android.systemui.statusbar.phone.StatusBar.start(StatusBar.java:889)
05-25 02:55:09.812 14461 14461 W StatusBar: 	at com.google.android.systemui.statusbar.phone.StatusBarGoogle.start(StatusBarGoogle.java:56)
05-25 02:55:09.812 14461 14461 W StatusBar: 	at com.android.systemui.SystemBars.createStatusBarFromConfig(SystemBars.java:71)
05-25 02:55:09.812 14461 14461 W StatusBar: 	at com.android.systemui.SystemBars.start(SystemBars.java:42)
05-25 02:55:09.812 14461 14461 W StatusBar: 	at com.android.systemui.SystemUIApplication.startServicesIfNeeded(SystemUIApplication.java:215)
05-25 02:55:09.812 14461 14461 W StatusBar: 	at com.android.systemui.SystemUIApplication.startServicesIfNeeded(SystemUIApplication.java:164)
05-25 02:55:09.812 14461 14461 W StatusBar: 	at com.android.systemui.SystemUIService.onCreate(SystemUIService.java:33)
05-25 02:55:09.812 14461 14461 W StatusBar: 	at android.app.ActivityThread.handleCreateService(ActivityThread.java:3339)
05-25 02:55:09.812 14461 14461 W StatusBar: 	at android.app.ActivityThread.-wrap4(Unknown Source:0)
05-25 02:55:09.812 14461 14461 W StatusBar: 	at android.app.ActivityThread$H.handleMessage(ActivityThread.java:1677)
05-25 02:55:09.812 14461 14461 W StatusBar: 	at android.os.Handler.dispatchMessage(Handler.java:106)
05-25 02:55:09.812 14461 14461 W StatusBar: 	at android.os.Looper.loop(Looper.java:164)
05-25 02:55:09.812 14461 14461 W StatusBar: 	at android.app.ActivityThread.main(ActivityThread.java:6494)
05-25 02:55:09.812 14461 14461 W StatusBar: 	at java.lang.reflect.Method.invoke(Native Method)
05-25 02:55:09.812 14461 14461 W StatusBar: 	at com.android.internal.os.RuntimeInit$MethodAndArgsCaller.run(RuntimeInit.java:438)
05-25 02:55:09.812 14461 14461 W StatusBar: 	at com.android.internal.os.ZygoteInit.main(ZygoteInit.java:807)
05-25 02:55:09.867 14591 14710 D MccTable: updateMccMncConfiguration mccmnc='310260' fromServiceState=false
05-25 02:55:09.889 14461 14461 I StatusBar: isKeyguardShowing() called before startKeyguard(), returning true
05-25 02:55:09.892 14461 14461 W StatusBar: isKeyguardSecure() called before startKeyguard(), returning false
05-25 02:55:09.892 14461 14461 W StatusBar: java.lang.Throwable
05-25 02:55:09.892 14461 14461 W StatusBar: 	at com.android.systemui.statusbar.phone.StatusBar.isKeyguardSecure(StatusBar.java:7551)
05-25 02:55:09.892 14461 14461 W StatusBar: 	at com.android.systemui.statusbar.phone.StatusBar.isCameraAllowedByAdmin(StatusBar.java:5436)
05-25 02:55:09.892 14461 14461 W StatusBar: 	at com.android.systemui.statusbar.phone.KeyguardBottomAreaView$DefaultRightButton.getIcon(KeyguardBottomAreaView.java:856)
05-25 02:55:09.892 14461 14461 W StatusBar: 	at com.android.systemui.statusbar.phone.KeyguardBottomAreaView.updateCameraVisibility(KeyguardBottomAreaView.java:382)
05-25 02:55:09.892 14461 14461 W StatusBar: 	at com.android.systemui.statusbar.phone.KeyguardBottomAreaView.setUserSetupComplete(KeyguardBottomAreaView.java:360)
05-25 02:55:09.892 14461 14461 W StatusBar: 	at com.android.systemui.statusbar.phone.NotificationPanelView.setUserSetupComplete(NotificationPanelView.java:2655)
05-25 02:55:09.892 14461 14461 W StatusBar: 	at com.android.systemui.statusbar.phone.StatusBar$1.onUserSetupChanged(StatusBar.java:524)
05-25 02:55:09.892 14461 14461 W StatusBar: 	at com.android.systemui.statusbar.policy.DeviceProvisionedControllerImpl.addCallback(DeviceProvisionedControllerImpl.java:69)
05-25 02:55:09.892 14461 14461 W StatusBar: 	at com.android.systemui.statusbar.policy.DeviceProvisionedControllerImpl.addCallback(DeviceProvisionedControllerImpl.java:63)
05-25 02:55:09.892 14461 14461 W StatusBar: 	at com.android.systemui.statusbar.phone.StatusBar.makeStatusBarView(StatusBar.java:1252)
05-25 02:55:09.892 14461 14461 W StatusBar: 	at com.android.systemui.statusbar.phone.StatusBar.addStatusBarWindow(StatusBar.java:3664)
05-25 02:55:09.892 14461 14461 W StatusBar: 	at com.android.systemui.statusbar.phone.StatusBar.createAndAddWindows(StatusBar.java:3660)
05-25 02:55:09.892 14461 14461 W StatusBar: 	at com.android.systemui.statusbar.phone.StatusBar.start(StatusBar.java:889)
05-25 02:55:09.892 14461 14461 W StatusBar: 	at com.google.android.systemui.statusbar.phone.StatusBarGoogle.start(StatusBarGoogle.java:56)
05-25 02:55:09.892 14461 14461 W StatusBar: 	at com.android.systemui.SystemBars.createStatusBarFromConfig(SystemBars.java:71)
05-25 02:55:09.892 14461 14461 W StatusBar: 	at com.android.systemui.SystemBars.start(SystemBars.java:42)
05-25 02:55:09.892 14461 14461 W StatusBar: 	at com.android.systemui.SystemUIApplication.startServicesIfNeeded(SystemUIApplication.java:215)
05-25 02:55:09.892 14461 14461 W StatusBar: 	at com.android.systemui.SystemUIApplication.startServicesIfNeeded(SystemUIApplication.java:164)
05-25 02:55:09.892 14461 14461 W StatusBar: 	at com.android.systemui.SystemUIService.onCreate(SystemUIService.java:33)
05-25 02:55:09.892 14461 14461 W StatusBar: 	at android.app.ActivityThread.handleCreateService(ActivityThread.java:3339)
05-25 02:55:09.892 14461 14461 W StatusBar: 	at android.app.ActivityThread.-wrap4(Unknown Source:0)
05-25 02:55:09.892 14461 14461 W StatusBar: 	at android.app.ActivityThread$H.handleMessage(ActivityThread.java:1677)
05-25 02:55:09.892 14461 14461 W StatusBar: 	at android.os.Handler.dispatchMessage(Handler.java:106)
05-25 02:55:09.892 14461 14461 W StatusBar: 	at android.os.Looper.loop(Looper.java:164)
05-25 02:55:09.892 14461 14461 W StatusBar: 	at android.app.ActivityThread.main(ActivityThread.java:6494)
05-25 02:55:09.892 14461 14461 W StatusBar: 	at java.lang.reflect.Method.invoke(Native Method)
05-25 02:55:09.892 14461 14461 W StatusBar: 	at com.android.internal.os.RuntimeInit$MethodAndArgsCaller.run(RuntimeInit.java:438)
05-25 02:55:09.892 14461 14461 W StatusBar: 	at com.android.internal.os.ZygoteInit.main(ZygoteInit.java:807)
05-25 02:55:09.928 14591 14710 D MccTable: updateMccMncConfiguration defaultMccMnc=310260
05-25 02:55:09.928 14591 14710 D MccTable: updateMccMncConfiguration: mcc=310, mnc=260
05-25 02:55:09.928 14591 14710 D MccTable: updateMccMncConfiguration updateConfig config={0.0 310mcc260mnc ?localeList ?layoutDir ?swdp ?wdp ?hdp ?density ?lsize ?long ?ldr ?wideColorGamut ?orien ?uimode ?night ?touch ?keyb/?/? ?nav/?}
05-25 02:55:09.937 14591 14591 I TelecomFramework: PstnIncomingCallNotifier: Unregistering: Handler (com.android.internal.telephony.GsmCdmaPhone) {fc1703e}
05-25 02:55:09.954 14295 14569 I chatty  : uid=1000 system_server expire 14 lines
05-25 02:55:09.975 14591 14591 I TelecomFramework: AccountEntry: Registered phoneAccount: [[ ] PhoneAccount: ComponentInfo{com.android.phone/com.android.services.telephony.TelephonyConnectionService}, [e2f7d48dd2b5ca523e7313cf4ba0f6ea830b6281], UserHandle{0} Capabilities: CallProvider MultiUser PlaceEmerg SimSub  Audio Routes: BESW Schemes: tel voicemail  Extras: Bundle[{android.telecom.extra.SUPPORTS_VIDEO_CALLING_FALLBACK=true}] GroupId: [da39a3ee5e6b4b0d3255bfef95601890afd80709]] with handle: ComponentInfo{com.android.phone/com.android.services.telephony.TelephonyConnectionService}, [e2f7d48dd2b5ca523e7313cf4ba0f6ea830b6281], UserHandle{0}
05-25 02:55:09.975 14591 14591 I TelecomFramework: PstnIncomingCallNotifier: Registering: Handler (com.android.internal.telephony.GsmCdmaPhone) {fc1703e}
05-25 02:55:09.980 14591 14591 I TelecomFramework: TelecomAccountRegistry: Unregistering phone account ComponentInfo{com.android.phone/com.android.services.telephony.TelephonyConnectionService}, [e0184adedf913b076626646d3f52c3b49c39ad6d], UserHandle{0}.
05-25 02:55:10.048 14591 14591 I TelecomFramework: PstnPhoneCapabilitiesNotifier: handleVideoCapabilitesChanged. Video capability - false
05-25 02:55:10.250 14461 14732 E ActivityThread: Failed to find provider info for com.android.contacts
05-25 02:55:10.258 14461 14461 D SystemUIBootTiming: StartServicesSystemBars took to complete: 1958ms
05-25 02:55:10.276 14738 14756 E ActivityThread: Failed to find provider info for media
05-25 02:55:10.284 14461 14461 D SystemUIBootTiming: StartServicesStorageNotification took to complete: 25ms
05-25 02:55:10.293 14461 14461 D SystemUIBootTiming: StartServicesPowerUI took to complete: 10ms
05-25 02:55:10.295 14461 14461 D SystemUIBootTiming: StartServicesRingtonePlayer took to complete: 1ms
05-25 02:55:10.304 14461 14461 D SystemUIBootTiming: StartServicesKeyboardUI took to complete: 9ms
05-25 02:55:10.325 14461 14461 D SystemUIBootTiming: StartServicesPipUI took to complete: 22ms
05-25 02:55:10.333 14461 14461 D SystemUIBootTiming: StartServicesShortcutKeyDispatcher took to complete: 7ms
05-25 02:55:10.345 14461 14461 D SystemUIBootTiming: StartServicesVendorServices took to complete: 4ms
05-25 02:55:10.346 14461 14461 D SystemUIBootTiming: StartServicesService took to complete: 0ms
05-25 02:55:10.346 14461 14461 D SystemUIBootTiming: StartServicesLatencyTester took to complete: 1ms
05-25 02:55:10.347 14461 14461 D SystemUIBootTiming: StartServicesGlobalActionsComponent took to complete: 1ms
05-25 02:55:10.360 14461 14461 D SystemUIBootTiming: StartServicesRoundedCorners took to complete: 12ms
05-25 02:55:10.360 14461 14461 D SystemUIBootTiming: StartServices took to complete: 9027ms
05-25 02:55:10.768  1322  1333 D vold    : e4crypt_prepare_user_storage for volume null, user 0, serial 0, flags 2
05-25 02:55:10.768  1322  1333 D vold    : Preparing: /data/system_ce/0
05-25 02:55:10.768  1322  1333 D vold    : Preparing: /data/misc_ce/0
05-25 02:55:10.768  1322  1333 D vold    : Preparing: /data/media/0
05-25 02:55:10.768  1322  1333 D vold    : Preparing: /data/data
05-25 02:55:10.770 14295 14355 I chatty  : uid=1000 system_server expire 5 lines
05-25 02:55:11.003  1322  1332 D vold    : Linking /storage/emulated/0 to /mnt/user/0/primary
05-25 02:55:11.003 14295 14407 I chatty  : uid=1000 system_server expire 1 line
05-25 02:55:11.006 14295 14406 I chatty  : uid=1000 system_server expire 1 line
05-25 02:55:11.479 14295 14784 I chatty  : uid=1000 system_server expire 2 lines
05-25 02:55:12.190 14295 14769 I chatty  : uid=1000 system_server expire 2 lines
05-25 02:55:12.191  1322  1333 D VoldCryptCmdListener: cryptfs getpwtype
05-25 02:55:12.301 14295 14328 I chatty  : uid=1000 system_server expire 14 lines
05-25 02:55:12.985 14295 14779 I chatty  : uid=1000 system_server expire 13 lines
05-25 02:55:14.407 14295 14902 I chatty  : uid=1000 system_server expire 22 lines
05-25 02:55:15.100 14591 14710 D MccTable: updateMccMncConfiguration mccmnc='310260' fromServiceState=false
05-25 02:55:15.100 14591 14710 D MccTable: updateMccMncConfiguration defaultMccMnc=310260
05-25 02:55:15.100 14591 14710 D MccTable: updateMccMncConfiguration: mcc=310, mnc=260
05-25 02:55:15.100 14591 14710 D MccTable: updateMccMncConfiguration updateConfig config={0.0 310mcc260mnc ?localeList ?layoutDir ?swdp ?wdp ?hdp ?density ?lsize ?long ?ldr ?wideColorGamut ?orien ?uimode ?night ?touch ?keyb/?/? ?nav/?}
05-25 02:55:15.235 14295 14405 I chatty  : uid=1000 system_server expire 10 lines
05-25 02:55:15.845 14876 14952 E ActivityThread: Failed to find provider info for com.google.android.googlequicksearchbox.GsaPublicContentProvider
05-25 02:55:16.342 14591 14591 I TelecomFramework: PstnIncomingCallNotifier: Unregistering: Handler (com.android.internal.telephony.GsmCdmaPhone) {fc1703e}
05-25 02:55:16.408 14591 14591 I TelecomFramework: AccountEntry: Registered phoneAccount: [[ ] PhoneAccount: ComponentInfo{com.android.phone/com.android.services.telephony.TelephonyConnectionService}, [e2f7d48dd2b5ca523e7313cf4ba0f6ea830b6281], UserHandle{0} Capabilities: CallProvider MultiUser PlaceEmerg SimSub  Audio Routes: BESW Schemes: tel voicemail  Extras: Bundle[{android.telecom.extra.SUPPORTS_VIDEO_CALLING_FALLBACK=true}] GroupId: [da39a3ee5e6b4b0d3255bfef95601890afd80709]] with handle: ComponentInfo{com.android.phone/com.android.services.telephony.TelephonyConnectionService}, [e2f7d48dd2b5ca523e7313cf4ba0f6ea830b6281], UserHandle{0}
05-25 02:55:16.408 14591 14591 I TelecomFramework: PstnIncomingCallNotifier: Registering: Handler (com.android.internal.telephony.GsmCdmaPhone) {fc1703e}
05-25 02:55:17.201 14591 14591 I TelecomFramework: PstnPhoneCapabilitiesNotifier: handleVideoCapabilitesChanged. Video capability - false
05-25 02:55:17.271 14295 14914 I chatty  : uid=1000 system_server expire 8 lines
05-25 02:55:18.806 14591 14591 I TelecomFramework: PstnIncomingCallNotifier: Unregistering: Handler (com.android.internal.telephony.GsmCdmaPhone) {fc1703e}
05-25 02:55:19.306 14591 14591 I TelecomFramework: AccountEntry: Registered phoneAccount: [[ ] PhoneAccount: ComponentInfo{com.android.phone/com.android.services.telephony.TelephonyConnectionService}, [e2f7d48dd2b5ca523e7313cf4ba0f6ea830b6281], UserHandle{0} Capabilities: CallProvider MultiUser PlaceEmerg SimSub  Audio Routes: BESW Schemes: tel voicemail  Extras: Bundle[{android.telecom.extra.SUPPORTS_VIDEO_CALLING_FALLBACK=true}] GroupId: [da39a3ee5e6b4b0d3255bfef95601890afd80709]] with handle: ComponentInfo{com.android.phone/com.android.services.telephony.TelephonyConnectionService}, [e2f7d48dd2b5ca523e7313cf4ba0f6ea830b6281], UserHandle{0}
05-25 02:55:19.306 14591 14591 I TelecomFramework: PstnIncomingCallNotifier: Registering: Handler (com.android.internal.telephony.GsmCdmaPhone) {fc1703e}
05-25 02:55:19.426 14591 14591 I TelecomFramework: PstnIncomingCallNotifier: Unregistering: Handler (com.android.internal.telephony.GsmCdmaPhone) {fc1703e}
05-25 02:55:19.568 14591 14591 I TelecomFramework: AccountEntry: Registered phoneAccount: [[ ] PhoneAccount: ComponentInfo{com.android.phone/com.android.services.telephony.TelephonyConnectionService}, [e2f7d48dd2b5ca523e7313cf4ba0f6ea830b6281], UserHandle{0} Capabilities: CallProvider MultiUser PlaceEmerg SimSub  Audio Routes: BESW Schemes: tel voicemail  Extras: Bundle[{android.telecom.extra.SUPPORTS_VIDEO_CALLING_FALLBACK=true}] GroupId: [da39a3ee5e6b4b0d3255bfef95601890afd80709]] with handle: ComponentInfo{com.android.phone/com.android.services.telephony.TelephonyConnectionService}, [e2f7d48dd2b5ca523e7313cf4ba0f6ea830b6281], UserHandle{0}
05-25 02:55:19.569 14591 14591 I TelecomFramework: PstnIncomingCallNotifier: Registering: Handler (com.android.internal.telephony.GsmCdmaPhone) {fc1703e}
05-25 02:58:56.569 14295 14414 I chatty  : uid=1000 system_server expire 1 line
05-25 02:58:56.584 14591 14591 I TelecomFramework: PstnIncomingCallNotifier: Unregistering: Handler (com.android.internal.telephony.GsmCdmaPhone) {fc1703e}
05-25 02:58:56.627 14591 14591 I TelecomFramework: AccountEntry: Registered phoneAccount: [[ ] PhoneAccount: ComponentInfo{com.android.phone/com.android.services.telephony.TelephonyConnectionService}, [e2f7d48dd2b5ca523e7313cf4ba0f6ea830b6281], UserHandle{0} Capabilities: CallProvider MultiUser PlaceEmerg SimSub  Audio Routes: BESW Schemes: tel voicemail  Extras: Bundle[{android.telecom.extra.SUPPORTS_VIDEO_CALLING_FALLBACK=true}] GroupId: [da39a3ee5e6b4b0d3255bfef95601890afd80709]] with handle: ComponentInfo{com.android.phone/com.android.services.telephony.TelephonyConnectionService}, [e2f7d48dd2b5ca523e7313cf4ba0f6ea830b6281], UserHandle{0}
05-25 02:58:56.627 14591 14591 I TelecomFramework: PstnIncomingCallNotifier: Registering: Handler (com.android.internal.telephony.GsmCdmaPhone) {fc1703e}
05-25 02:58:57.316 14295 14981 I chatty  : uid=1000 system_server expire 19 lines
05-25 02:58:57.337 14807 14807 W KeyphraseEnrollmentInfo: No enrollment application supports the given keyphrase/locale: 'Ok Google'/en_US
05-25 02:58:58.894 14295 14479 I chatty  : uid=1000 system_server expire 28 lines
05-25 02:58:58.905 14591 14591 I TelecomFramework: PstnPhoneCapabilitiesNotifier: handleVideoCapabilitesChanged. Video capability - false
05-25 02:58:58.905 14591 14591 I chatty  : uid=1001(radio) com.android.phone identical 1 line
05-25 02:58:58.905 14591 14591 I TelecomFramework: PstnPhoneCapabilitiesNotifier: handleVideoCapabilitesChanged. Video capability - false
05-25 02:59:03.641 14291 14291 W wificond: Scan is not started. Ignore abort request
05-25 02:59:03.821 14295 14415 I chatty  : uid=1000 system_server expire 1 line
05-25 02:59:04.110 14295 14412 I chatty  : uid=1000 system_server expire 19 lines
05-25 02:59:04.319 14295 14354 I chatty  : uid=1000 system_server expire 7 lines
05-25 02:59:04.437 14295 14419 I chatty  : uid=1000 system_server expire 6 lines
05-25 02:59:04.453 14295 14295 I chatty  : uid=1000 system_server expire 10 lines
05-25 02:59:04.469 14295 14983 I chatty  : uid=1000 system_server expire 5 lines
05-25 02:59:06.502 14941 15097 E ActivityThread: Failed to find provider info for com.google.android.apps.gsa.testing.ui.audio.recorded
05-25 02:59:10.969 14295 15469 I chatty  : uid=1000 system_server expire 2 lines
05-25 02:59:11.300 14295 14314 I chatty  : uid=1000 system_server expire 10 lines
05-25 02:59:11.812 14295 14892 I chatty  : uid=1000 system_server expire 3 lines
05-25 02:59:11.832 14295 14328 I chatty  : uid=1000 system_server expire 12 lines
05-25 02:59:11.979 14941 15097 E ActivityThread: Failed to find provider info for com.google.android.apps.gsa.testing.ui.audio.recorded
05-25 02:59:13.511 14788 14788 E ActivityThread: Failed to find provider info for com.google.android.gms.common.phenotype
05-25 02:59:13.922 14295 14405 I chatty  : uid=1000 system_server expire 1 line
05-25 02:59:13.922  1322  1333 D VoldCryptCmdListener: cryptfs getpwtype
05-25 02:59:13.969 14295 15139 I chatty  : uid=1000 system_server expire 2 lines
05-25 02:59:14.610 14295 15166 I chatty  : uid=1000 system_server expire 11 lines
05-25 02:59:15.253 14295 15521 I chatty  : uid=1000 system_server expire 7 lines
05-25 02:59:15.439 15656 15676 D ActivityThread: Loading provider com.google.android.gmail.provider;com.android.mail.notifier;com.google.android.gm.email.provider;com.google.android.gm.tasks.provider;com.google.android.gm.email.notifier: com.android.email.provider.EmailProvider
05-25 02:59:15.818 14295 14905 I chatty  : uid=1000 system_server expire 4 lines
05-25 02:59:15.868 14295 14312 I chatty  : uid=1000 system_server expire 1 line
05-25 02:59:16.392 14295 15738 I chatty  : uid=1000 system_server expire 10 lines
05-25 02:59:17.505 14941 15097 E ActivityThread: Failed to find provider info for com.google.android.apps.gsa.testing.ui.audio.recorded
05-25 02:59:18.274 14295 15898 I chatty  : uid=1000 system_server expire 6 lines
05-25 02:59:18.381  1322  1333 D VoldCryptCmdListener: cryptfs getpwtype
05-25 02:59:18.785 14295 14779 I chatty  : uid=1000 system_server expire 3 lines
05-25 02:59:19.926 14295 14387 I chatty  : uid=1000 system_server expire 1 line
05-25 02:59:20.987 14295 14569 I chatty  : uid=1000 system_server expire 8 lines
05-25 02:59:21.844  1322  1333 D VoldCryptCmdListener: cryptfs getpwtype
05-25 02:59:22.642 14941 15097 E ActivityThread: Failed to find provider info for com.google.android.apps.gsa.testing.ui.audio.recorded
05-25 02:59:27.724 14941 15097 E ActivityThread: Failed to find provider info for com.google.android.apps.gsa.testing.ui.audio.recorded
05-25 02:59:32.761 14941 15097 E ActivityThread: Failed to find provider info for com.google.android.apps.gsa.testing.ui.audio.recorded
05-25 02:59:37.800 14941 15097 E ActivityThread: Failed to find provider info for com.google.android.apps.gsa.testing.ui.audio.recorded
05-25 02:59:42.840 14941 15097 E ActivityThread: Failed to find provider info for com.google.android.apps.gsa.testing.ui.audio.recorded
05-25 02:59:47.880 14941 15097 E ActivityThread: Failed to find provider info for com.google.android.apps.gsa.testing.ui.audio.recorded
05-25 02:59:52.912 14941 15097 E ActivityThread: Failed to find provider info for com.google.android.apps.gsa.testing.ui.audio.recorded
05-25 02:59:57.959 14941 15097 E ActivityThread: Failed to find provider info for com.google.android.apps.gsa.testing.ui.audio.recorded
05-25 03:00:02.994 14941 15097 E ActivityThread: Failed to find provider info for com.google.android.apps.gsa.testing.ui.audio.recorded
05-25 03:00:08.030 14941 15097 E ActivityThread: Failed to find provider info for com.google.android.apps.gsa.testing.ui.audio.recorded
05-25 03:00:08.424 14295 16301 I chatty  : uid=1000 system_server expire 1 line
05-25 03:00:13.079 14941 15097 E ActivityThread: Failed to find provider info for com.google.android.apps.gsa.testing.ui.audio.recorded
05-25 03:00:18.123 14941 15097 E ActivityThread: Failed to find provider info for com.google.android.apps.gsa.testing.ui.audio.recorded
05-25 03:00:23.181 14941 15097 E ActivityThread: Failed to find provider info for com.google.android.apps.gsa.testing.ui.audio.recorded
05-25 03:01:13.575 14941 15097 I chatty  : uid=10032 com.google.android.googlequicksearchbox:search identical 10 lines
05-25 03:01:18.601 14941 15097 E ActivityThread: Failed to find provider info for com.google.android.apps.gsa.testing.ui.audio.recorded
05-25 03:01:23.666 14941 15097 E ActivityThread: Failed to find provider info for com.google.android.apps.gsa.testing.ui.audio.recorded
05-25 03:01:53.876 14941 15097 I chatty  : uid=10032 com.google.android.googlequicksearchbox:search identical 15 lines
05-25 03:01:58.908 14941 15097 E ActivityThread: Failed to find provider info for com.google.android.apps.gsa.testing.ui.audio.recorded
05-25 03:02:03.928 14941 15097 E ActivityThread: Failed to find provider info for com.google.android.apps.gsa.testing.ui.audio.recorded
05-25 03:02:19.021 14941 15097 E ActivityThread: Failed to find provider info for com.google.android.apps.gsa.testing.ui.audio.recorded
05-25 03:02:24.048 14941 15097 E ActivityThread: Failed to find provider info for com.google.android.apps.gsa.testing.ui.audio.recorded
05-25 03:03:04.306 14941 15097 E ActivityThread: Failed to find provider info for com.google.android.apps.gsa.testing.ui.audio.recorded
05-25 03:03:09.353 14941 15097 E ActivityThread: Failed to find provider info for com.google.android.apps.gsa.testing.ui.audio.recorded
05-25 03:03:59.689 14941 15097 I chatty  : uid=10032 com.google.android.googlequicksearchbox:search identical 10 lines
05-25 03:04:04.716 14941 15097 E ActivityThread: Failed to find provider info for com.google.android.apps.gsa.testing.ui.audio.recorded
05-25 03:04:09.744 14941 15097 E ActivityThread: Failed to find provider info for com.google.android.apps.gsa.testing.ui.audio.recorded
05-25 03:04:55.081 14941 15097 I chatty  : uid=10032 com.google.android.googlequicksearchbox:search identical 24 lines
05-25 03:05:00.201 14941 15097 E ActivityThread: Failed to find provider info for com.google.android.apps.gsa.testing.ui.audio.recorded
05-25 03:05:05.224 14941 15097 E ActivityThread: Failed to find provider info for com.google.android.apps.gsa.testing.ui.audio.recorded
05-25 03:05:10.247 14941 15097 E ActivityThread: Failed to find provider info for com.google.android.apps.gsa.testing.ui.audio.recorded
05-25 03:05:15.276 14941 15097 E ActivityThread: Failed to find provider info for com.google.android.apps.gsa.testing.ui.audio.recorded
05-25 03:06:35.790 14941 15097 E ActivityThread: Failed to find provider info for com.google.android.apps.gsa.testing.ui.audio.recorded
05-25 03:06:39.860 14295 14295 I chatty  : uid=1000 system_server expire 6 lines
05-25 03:06:40.826 14941 15097 E ActivityThread: Failed to find provider info for com.google.android.apps.gsa.testing.ui.audio.recorded
05-25 03:06:50.897 14941 15097 I chatty  : uid=10032 com.google.android.googlequicksearchbox:search identical 69 lines
05-25 03:06:55.932 14941 15097 E ActivityThread: Failed to find provider info for com.google.android.apps.gsa.testing.ui.audio.recorded
05-25 03:07:00.962 14941 15097 E ActivityThread: Failed to find provider info for com.google.android.apps.gsa.testing.ui.audio.recorded
05-25 03:12:43.174 14941 15097 E ActivityThread: Failed to find provider info for com.google.android.apps.gsa.testing.ui.audio.recorded
05-25 03:12:43.378 14295 14331 I chatty  : uid=1000 system_server expire 2 lines
05-25 03:12:48.209 14941 15097 E ActivityThread: Failed to find provider info for com.google.android.apps.gsa.testing.ui.audio.recorded
05-25 03:16:09.504 14941 15097 I chatty  : uid=10032 com.google.android.googlequicksearchbox:search identical 40 lines
05-25 03:16:14.548 14941 15097 E ActivityThread: Failed to find provider info for com.google.android.apps.gsa.testing.ui.audio.recorded
05-25 03:16:19.583 14941 15097 E ActivityThread: Failed to find provider info for com.google.android.apps.gsa.testing.ui.audio.recorded
--------- beginning of main
05-25 03:17:50.192 14277 17261 I chatty  : uid=1041(audioserver) /system/bin/audioserver expire 1 line
05-25 03:17:50.205  1377  1402 D hwcomposer: hw_composer sent 72 syncs in 61s
05-25 03:17:50.209 14941 14941 I chatty  : uid=10032 com.google.android.googlequicksearchbox:search expire 91 lines
05-25 03:17:50.209 14941 15098 I chatty  : uid=10032 com.google.android.googlequicksearchbox:search expire 28 lines
05-25 03:17:55.222 14277 17266 I chatty  : uid=1041(audioserver) /system/bin/audioserver expire 1 line
05-25 03:17:55.226 14941 15387 I chatty  : uid=10032 com.google.android.googlequicksearchbox:search expire 13 lines
05-25 03:17:55.229 14941 15547 I chatty  : uid=10032 com.google.android.googlequicksearchbox:search expire 24 lines
05-25 03:17:57.185  1384  1384 I boot-pipe: done populating /dev/random
05-25 03:18:00.271 14277 17270 I chatty  : uid=1041(audioserver) /system/bin/audioserver expire 1 line
05-25 03:18:00.306 14941 15091 I chatty  : uid=10032 com.google.android.googlequicksearchbox:search expire 26 lines
05-25 03:18:05.314 14941 15097 I chatty  : uid=10032 com.google.android.googlequicksearchbox:search expire 59 lines
05-25 03:18:05.324 14277 17273 I chatty  : uid=1041(audioserver) /system/bin/audioserver expire 1 line
05-25 03:18:10.355 14277 17276 I chatty  : uid=1041(audioserver) /system/bin/audioserver expire 1 line
05-25 03:18:15.374 14277 15397 I chatty  : uid=1041(audioserver) /system/bin/audioserver expire 11 lines
05-25 03:18:15.374 14277 17281 I chatty  : uid=1041(audioserver) /system/bin/audioserver expire 1 line
05-25 03:18:20.401 14277 17284 I chatty  : uid=1041(audioserver) /system/bin/audioserver expire 1 line
05-25 03:18:25.451 14277 17287 I chatty  : uid=1041(audioserver) /system/bin/audioserver expire 1 line
05-25 03:18:25.452 14941 15097 I chatty  : uid=10032 com.google.android.googlequicksearchbox:search identical 25 lines
05-25 03:18:30.491 14277 17290 I chatty  : uid=1041(audioserver) /system/bin/audioserver expire 1 line
05-25 03:18:30.492 14941 15097 E ActivityThread: Failed to find provider info for com.google.android.apps.gsa.testing.ui.audio.recorded
05-25 03:18:33.454 14295 14327 I chatty  : uid=1000 system_server expire 4 lines
05-25 03:18:35.531 14277 17295 I chatty  : uid=1041(audioserver) /system/bin/audioserver expire 1 line
05-25 03:18:35.533 14941 15097 E ActivityThread: Failed to find provider info for com.google.android.apps.gsa.testing.ui.audio.recorded
05-25 03:18:40.559 14277 17298 I chatty  : uid=1041(audioserver) /system/bin/audioserver expire 1 line
05-25 03:18:45.614 14277 17301 I chatty  : uid=1041(audioserver) /system/bin/audioserver expire 1 line
05-25 03:18:50.641 14277 17304 I chatty  : uid=1041(audioserver) /system/bin/audioserver expire 1 line
05-25 03:18:50.654  1377  1402 D hwcomposer: hw_composer sent 72 syncs in 60s
05-25 03:18:50.655 14941 15097 I chatty  : uid=10032 com.google.android.googlequicksearchbox:search expire 38 lines
05-25 03:18:55.669 14277 17309 I chatty  : uid=1041(audioserver) /system/bin/audioserver expire 1 line
05-25 03:20:16.140 14941 15097 I chatty  : uid=10032 com.google.android.googlequicksearchbox:search identical 20 lines
05-25 03:20:21.157 14941 15097 E ActivityThread: Failed to find provider info for com.google.android.apps.gsa.testing.ui.audio.recorded
05-25 03:20:26.315 14941 15097 E ActivityThread: Failed to find provider info for com.google.android.apps.gsa.testing.ui.audio.recorded
05-25 03:20:27.223 14295 15738 I chatty  : uid=1000 system_server expire 2 lines
05-25 03:20:27.285 14295 15166 I chatty  : uid=1000 system_server expire 1 line
05-25 03:20:27.312 14295 16424 I chatty  : uid=1000 system_server expire 3 lines
05-25 03:20:28.046 14295 14360 I chatty  : uid=1000 system_server expire 6 lines
