05-25 02:28:59.382  6559  7496 D PackageManager: Clear ephemeral installer activity
05-25 02:28:59.743  6559  7496 I ActivityManager: Killing 7784:com.google.android.apps.maps/u0a64 (adj 906): empty #17
05-25 02:29:00.609  6559  7299 I ActivityManager: Start proc 8380:com.ustwo.lwp/u0a76 for broadcast com.ustwo.lwp/.TimezoneChangedReceiver
05-25 02:29:00.732  6559  7299 I ActivityManager: Killing 7525:com.android.keychain/1000 (adj 906): empty #17
05-25 02:29:01.028  6559  7271 I ActivityManager: Start proc 8399:com.android.cellbroadcastreceiver/u0a6 for broadcast com.android.cellbroadcastreceiver/.CellBroadcastReceiver
05-25 02:29:01.157  6559  8331 I ActivityManager: Killing 7935:com.google.android.apps.wallpaper/u0a31 (adj 906): empty #17
05-25 02:29:01.478  6559  7579 I ActivityManager: Start proc 8424:com.google.android.apps.maps/u0a64 for broadcast com.google.android.apps.maps/com.google.android.apps.gmm.ugc.ataplace.AtAPlaceService
05-25 02:29:02.022  6559  7496 D CryptdConnector: SND -> {6 cryptfs getpwtype}
05-25 02:29:02.022  1322  1333 D VoldCryptCmdListener: cryptfs getpwtype
05-25 02:29:02.023  6559  6667 D CryptdConnector: RCV <- {213 6 default}
05-25 02:29:03.216  6559  7579 I ActivityManager: Killing 7988:com.google.android.configupdater/u0a5 (adj 906): empty #17
05-25 02:29:03.553  7225  7284 E ActivityThread: Failed to find provider info for com.google.android.apps.gsa.testing.ui.audio.recorded
05-25 02:29:07.917  6559  6619 D PackageManager: Ephemeral installer not found with new action; try old one
05-25 02:29:07.917  6559  6619 D PackageManager: Clear ephemeral installer activity
05-25 02:29:07.921  6559  6619 V BackupManagerService: restoreAtInstall pkg=splitsound.com.splitsound token=1 restoreSet=0
05-25 02:29:07.922  6559  6619 V BackupManagerService: Finishing install immediately
05-25 02:29:07.956  6559  6574 D PackageInstaller: Ignoring abandon after commit relinquished control
05-25 02:29:08.058  6559  6559 I Telecom : DefaultDialerCache: Refreshing default dialer for user 0: now com.google.android.dialer: DDC.oR@AEU
05-25 02:29:08.094  6559  6559 I Telecom : DefaultDialerCache: Refreshing default dialer for user 0: now com.google.android.dialer: DDC.oR@AEY
05-25 02:29:08.380  6559  6607 D AutofillUI: destroySaveUiUiThread(): already destroyed
05-25 02:29:08.390  6559  6601 D AutofillManagerServiceImpl: Set component for user 0 as ServiceInfo{8940da4 com.google.android.gms.autofill.service.AutofillService}
05-25 02:29:08.677  7225  7284 E ActivityThread: Failed to find provider info for com.google.android.apps.gsa.testing.ui.audio.recorded
05-25 02:29:09.133  6559  6606 I ActivityManager: Force stopping android.support.test.orchestrator appid=10080 user=-1: installPackageLI
05-25 02:29:09.174  6559  6619 I PackageManager: Package android.support.test.orchestrator codePath changed from /data/app/android.support.test.orchestrator-30d_lOu-DXJEJ1eHMJTeSw== to /data/app/android.support.test.orchestrator-VClhdQSlCsa-Mhy1xTdhtg==; Retaining data and using new
05-25 02:29:09.174  6559  6619 W PackageManager: Code path for android.support.test.orchestrator changing from /data/app/android.support.test.orchestrator-30d_lOu-DXJEJ1eHMJTeSw== to /data/app/android.support.test.orchestrator-VClhdQSlCsa-Mhy1xTdhtg==
05-25 02:29:09.174  6559  6619 W PackageManager: Resource path for android.support.test.orchestrator changing from /data/app/android.support.test.orchestrator-30d_lOu-DXJEJ1eHMJTeSw== to /data/app/android.support.test.orchestrator-VClhdQSlCsa-Mhy1xTdhtg==
05-25 02:29:09.258  6559  6619 D PackageManager: Ephemeral installer not found with new action; try old one
05-25 02:29:09.258  6559  6619 D PackageManager: Clear ephemeral installer activity
05-25 02:29:09.371  6559  6574 D PackageInstaller: Ignoring abandon after commit relinquished control
05-25 02:29:09.381  6559  6619 I ActivityManager: Force stopping android.support.test.orchestrator appid=10080 user=0: pkg removed
05-25 02:29:09.401  6559  6559 I ActivityManager: Start proc 8561:com.android.keychain/1000 for service com.android.keychain/.KeyChainService
05-25 02:29:09.451  6559  6559 I Telecom : DefaultDialerCache: Refreshing default dialer for user 0: now com.google.android.dialer: DDC.oR@AEg
05-25 02:29:09.519  6559  6607 D AutofillUI: destroySaveUiUiThread(): already destroyed
05-25 02:29:09.521  6559  6601 D AutofillManagerServiceImpl: Set component for user 0 as ServiceInfo{739a4e7 com.google.android.gms.autofill.service.AutofillService}
05-25 02:29:10.210  6559  6606 I ActivityManager: Force stopping android.support.test.services appid=10081 user=-1: installPackageLI
05-25 02:29:10.261  6559  6619 I PackageManager: Package android.support.test.services codePath changed from /data/app/android.support.test.services-puZljB2A2-hHagLKisiRIQ== to /data/app/android.support.test.services-yApNXUmVABJEvO77B60cqA==; Retaining data and using new
05-25 02:29:10.262  6559  6619 W PackageManager: Code path for android.support.test.services changing from /data/app/android.support.test.services-puZljB2A2-hHagLKisiRIQ== to /data/app/android.support.test.services-yApNXUmVABJEvO77B60cqA==
05-25 02:29:10.262  6559  6619 W PackageManager: Resource path for android.support.test.services changing from /data/app/android.support.test.services-puZljB2A2-hHagLKisiRIQ== to /data/app/android.support.test.services-yApNXUmVABJEvO77B60cqA==
05-25 02:29:10.346  6559  6619 D PackageManager: Ephemeral installer not found with new action; try old one
05-25 02:29:10.346  6559  6619 D PackageManager: Clear ephemeral installer activity
05-25 02:29:10.436  6559  7718 D PackageInstaller: Ignoring abandon after commit relinquished control
05-25 02:29:10.438  6559  6619 I ActivityManager: Force stopping android.support.test.services appid=10081 user=0: pkg removed
05-25 02:29:10.491  6559  6559 I Telecom : DefaultDialerCache: Refreshing default dialer for user 0: now com.google.android.dialer: DDC.oR@AE0
05-25 02:29:10.540  6559  6607 D AutofillUI: destroySaveUiUiThread(): already destroyed
05-25 02:29:10.540  6559  6601 D AutofillManagerServiceImpl: Set component for user 0 as ServiceInfo{ee6b2b5 com.google.android.gms.autofill.service.AutofillService}
05-25 02:29:11.656  6559  6606 I ActivityManager: Force stopping splitsound.com.splitsound.test appid=10082 user=-1: installPackageLI
05-25 02:29:11.694  6559  6619 I PackageManager: Package splitsound.com.splitsound.test codePath changed from /data/app/splitsound.com.splitsound.test-8_pk5RfdsZGcjQ6W83AXGg== to /data/app/splitsound.com.splitsound.test-VJAbmkJgqO9h1cR2Vfw3dg==; Retaining data and using new
05-25 02:29:11.695  6559  6619 W PackageManager: Code path for splitsound.com.splitsound.test changing from /data/app/splitsound.com.splitsound.test-8_pk5RfdsZGcjQ6W83AXGg== to /data/app/splitsound.com.splitsound.test-VJAbmkJgqO9h1cR2Vfw3dg==
05-25 02:29:11.695  6559  6619 W PackageManager: Resource path for splitsound.com.splitsound.test changing from /data/app/splitsound.com.splitsound.test-8_pk5RfdsZGcjQ6W83AXGg== to /data/app/splitsound.com.splitsound.test-VJAbmkJgqO9h1cR2Vfw3dg==
05-25 02:29:11.802  6559  6619 D PackageManager: Ephemeral installer not found with new action; try old one
05-25 02:29:11.802  6559  6619 D PackageManager: Clear ephemeral installer activity
05-25 02:29:11.899  6559  7579 D PackageInstaller: Ignoring abandon after commit relinquished control
05-25 02:29:11.901  6559  6619 I ActivityManager: Force stopping splitsound.com.splitsound.test appid=10082 user=0: pkg removed
05-25 02:29:11.983  6559  6559 I Telecom : DefaultDialerCache: Refreshing default dialer for user 0: now com.google.android.dialer: DDC.oR@AFU
05-25 02:29:12.006  6559  6607 D AutofillUI: destroySaveUiUiThread(): already destroyed
05-25 02:29:12.006  6559  6601 D AutofillManagerServiceImpl: Set component for user 0 as ServiceInfo{357a729 com.google.android.gms.autofill.service.AutofillService}
05-25 02:29:12.576  6559  7299 I ActivityManager: Start proc 8646:android.support.test.services/u0a81 for content provider android.support.test.services/.speakeasy.server.SpeakEasyContentProvider
05-25 02:29:13.082  6559  7718 I ActivityManager: Force stopping android.support.test.orchestrator appid=10080 user=0: start instr
05-25 02:29:13.093  6559  7718 I ActivityManager: Start proc 8677:android.support.test.orchestrator/u0a80 for added application android.support.test.orchestrator
05-25 02:29:13.590  7225  7284 E ActivityThread: Failed to find provider info for com.google.android.apps.gsa.testing.ui.audio.recorded
05-25 02:29:13.741  6559  7718 I ActivityManager: Force stopping splitsound.com.splitsound appid=10083 user=0: start instr
05-25 02:29:13.756  6559  7718 I ActivityManager: Start proc 8727:splitsound.com.splitsound/u0a83 for added application splitsound.com.splitsound
05-25 02:29:15.360  6559  7718 W BroadcastQueue: Background execution not allowed: receiving Intent { act=android.intent.action.PACKAGE_ADDED dat=package:splitsound.com.splitsound flg=0x4000010 (has extras) } to com.google.android.googlequicksearchbox/com.google.android.apps.gsa.googlequicksearchbox.GelStubAppWatcher
05-25 02:29:15.423  6559  7299 W BroadcastQueue: Background execution not allowed: receiving Intent { act=android.intent.action.PACKAGE_REMOVED dat=package:android.support.test.orchestrator flg=0x4000010 (has extras) } to com.google.android.googlequicksearchbox/com.google.android.apps.gsa.googlequicksearchbox.GelStubAppWatcher
05-25 02:29:15.455  6559  7299 W BroadcastQueue: Background execution not allowed: receiving Intent { act=android.intent.action.PACKAGE_ADDED dat=package:android.support.test.orchestrator flg=0x4000010 (has extras) } to com.google.android.googlequicksearchbox/com.google.android.apps.gsa.googlequicksearchbox.GelStubAppWatcher
05-25 02:29:15.455  6559  6606 W BroadcastQueue: Background execution not allowed: receiving Intent { act=android.intent.action.PACKAGE_REPLACED dat=package:android.support.test.orchestrator flg=0x4000010 (has extras) } to com.google.android.apps.photos/.account.full.FetchAccountPropertiesAppUpgradeBroadcastReceiver
05-25 02:29:15.455  6559  6606 W BroadcastQueue: Background execution not allowed: receiving Intent { act=android.intent.action.PACKAGE_REPLACED dat=package:android.support.test.orchestrator flg=0x4000010 (has extras) } to com.google.android.apps.photos/.backgroundsignin.BackgroundSignInBroadcastReceiver
05-25 02:29:15.455  6559  6606 W BroadcastQueue: Background execution not allowed: receiving Intent { act=android.intent.action.PACKAGE_REPLACED dat=package:android.support.test.orchestrator flg=0x4000010 (has extras) } to com.google.android.apps.photos/.experiments.phenotype.full.PhenotypeAppUpgradeBroadcastReceiver
05-25 02:29:15.455  6559  6606 W BroadcastQueue: Background execution not allowed: receiving Intent { act=android.intent.action.PACKAGE_REPLACED dat=package:android.support.test.orchestrator flg=0x4000010 (has extras) } to com.google.android.apps.photos/.notificationchannels.AppUpdateBroadcastReceiver
05-25 02:29:15.545  6559  7299 W BroadcastQueue: Background execution not allowed: receiving Intent { act=android.intent.action.PACKAGE_REPLACED dat=package:android.support.test.orchestrator flg=0x4000010 (has extras) } to com.google.android.googlequicksearchbox/com.google.android.apps.gsa.googlequicksearchbox.GelStubAppWatcher
05-25 02:29:15.550  6559  7579 I ActivityManager: Force stopping splitsound.com.splitsound appid=10083 user=0: finished inst
05-25 02:29:15.550  6559  7579 I ActivityManager: Killing 8727:splitsound.com.splitsound/u0a83 (adj 0): stop splitsound.com.splitsound
05-25 02:29:15.749  6559  7579 W BroadcastQueue: Background execution not allowed: receiving Intent { act=android.intent.action.PACKAGE_REMOVED dat=package:android.support.test.services flg=0x4000010 (has extras) } to com.google.android.googlequicksearchbox/com.google.android.apps.gsa.googlequicksearchbox.GelStubAppWatcher
05-25 02:29:15.847  6559  7718 W BroadcastQueue: Background execution not allowed: receiving Intent { act=android.intent.action.PACKAGE_ADDED dat=package:android.support.test.services flg=0x4000010 (has extras) } to com.google.android.googlequicksearchbox/com.google.android.apps.gsa.googlequicksearchbox.GelStubAppWatcher
05-25 02:29:15.847  6559  6606 W BroadcastQueue: Background execution not allowed: receiving Intent { act=android.intent.action.PACKAGE_REPLACED dat=package:android.support.test.services flg=0x4000010 (has extras) } to com.google.android.apps.photos/.account.full.FetchAccountPropertiesAppUpgradeBroadcastReceiver
05-25 02:29:15.847  6559  6606 W BroadcastQueue: Background execution not allowed: receiving Intent { act=android.intent.action.PACKAGE_REPLACED dat=package:android.support.test.services flg=0x4000010 (has extras) } to com.google.android.apps.photos/.backgroundsignin.BackgroundSignInBroadcastReceiver
05-25 02:29:15.847  6559  6606 W BroadcastQueue: Background execution not allowed: receiving Intent { act=android.intent.action.PACKAGE_REPLACED dat=package:android.support.test.services flg=0x4000010 (has extras) } to com.google.android.apps.photos/.experiments.phenotype.full.PhenotypeAppUpgradeBroadcastReceiver
05-25 02:29:15.847  6559  6606 W BroadcastQueue: Background execution not allowed: receiving Intent { act=android.intent.action.PACKAGE_REPLACED dat=package:android.support.test.services flg=0x4000010 (has extras) } to com.google.android.apps.photos/.notificationchannels.AppUpdateBroadcastReceiver
05-25 02:29:16.077  6559  6574 W BroadcastQueue: Background execution not allowed: receiving Intent { act=android.intent.action.PACKAGE_REPLACED dat=package:android.support.test.services flg=0x4000010 (has extras) } to com.google.android.googlequicksearchbox/com.google.android.apps.gsa.googlequicksearchbox.GelStubAppWatcher
05-25 02:29:16.365  6559  6574 W BroadcastQueue: Background execution not allowed: receiving Intent { act=android.intent.action.PACKAGE_REMOVED dat=package:splitsound.com.splitsound.test flg=0x4000010 (has extras) } to com.google.android.googlequicksearchbox/com.google.android.apps.gsa.googlequicksearchbox.GelStubAppWatcher
05-25 02:29:16.423  6559  7579 W BroadcastQueue: Background execution not allowed: receiving Intent { act=android.intent.action.PACKAGE_ADDED dat=package:splitsound.com.splitsound.test flg=0x4000010 (has extras) } to com.google.android.googlequicksearchbox/com.google.android.apps.gsa.googlequicksearchbox.GelStubAppWatcher
05-25 02:29:16.423  6559  6606 W BroadcastQueue: Background execution not allowed: receiving Intent { act=android.intent.action.PACKAGE_REPLACED dat=package:splitsound.com.splitsound.test flg=0x4000010 (has extras) } to com.google.android.apps.photos/.account.full.FetchAccountPropertiesAppUpgradeBroadcastReceiver
05-25 02:29:16.423  6559  6606 W BroadcastQueue: Background execution not allowed: receiving Intent { act=android.intent.action.PACKAGE_REPLACED dat=package:splitsound.com.splitsound.test flg=0x4000010 (has extras) } to com.google.android.apps.photos/.backgroundsignin.BackgroundSignInBroadcastReceiver
05-25 02:29:16.423  6559  6606 W BroadcastQueue: Background execution not allowed: receiving Intent { act=android.intent.action.PACKAGE_REPLACED dat=package:splitsound.com.splitsound.test flg=0x4000010 (has extras) } to com.google.android.apps.photos/.experiments.phenotype.full.PhenotypeAppUpgradeBroadcastReceiver
05-25 02:29:16.423  6559  6606 W BroadcastQueue: Background execution not allowed: receiving Intent { act=android.intent.action.PACKAGE_REPLACED dat=package:splitsound.com.splitsound.test flg=0x4000010 (has extras) } to com.google.android.apps.photos/.notificationchannels.AppUpdateBroadcastReceiver
05-25 02:29:16.511  6559  7299 W BroadcastQueue: Background execution not allowed: receiving Intent { act=android.intent.action.PACKAGE_REPLACED dat=package:splitsound.com.splitsound.test flg=0x4000010 (has extras) } to com.google.android.googlequicksearchbox/com.google.android.apps.gsa.googlequicksearchbox.GelStubAppWatcher
05-25 02:29:16.931  6559  7246 I ActivityManager: Force stopping splitsound.com.splitsound appid=10083 user=0: start instr
05-25 02:29:16.945  6559  7246 I ActivityManager: Start proc 8818:splitsound.com.splitsound/u0a83 for added application splitsound.com.splitsound
05-25 02:29:17.451  6559  7187 I ActivityManager: START u0 {act=android.intent.action.MAIN flg=0x14000000 cmp=splitsound.com.splitsound/.DrawerActivityTest} from uid 10083
05-25 02:29:17.728  6559  6607 W Looper  : Dispatch took 108ms on android.ui, h=Handler (com.android.server.am.ActivityManagerService$UiHandler) {fc68a29} cb=null msg=53
05-25 02:29:20.327  6559  6828 I ActivityManager: Activity reported stop, but no longer stopping: ActivityRecord{4ee0190 u0 com.google.android.apps.nexuslauncher/.NexusLauncherActivity t4}
05-25 02:29:20.342  7225  7285 E ActivityThread: Failed to find provider info for com.google.android.apps.gsa.testing.ui.audio.recorded
05-25 02:29:21.188  6559  8054 I ActivityManager: Force stopping splitsound.com.splitsound appid=10083 user=0: finished inst
05-25 02:29:21.188  6559  8054 I ActivityManager: Killing 8818:splitsound.com.splitsound/u0a83 (adj 0): stop splitsound.com.splitsound
05-25 02:29:21.456  6559  8779 I ActivityManager: Failure reporting to instrumentation watcher: comp=ComponentInfo{splitsound.com.splitsound.test/android.support.test.runner.AndroidJUnitRunner} results=Bundle[mParcelledData.dataSize=348]
05-25 02:29:21.795  6559  8864 F libc    : Fatal signal 11 (SIGSEGV), code 2, fault addr 0xbbdc2050 in tid 8864 (RenderThread), pid 6559 (system_server)
05-25 02:29:21.906  8868  8868 F DEBUG   : *** *** *** *** *** *** *** *** *** *** *** *** *** *** *** ***
05-25 02:29:21.906  8868  8868 F DEBUG   : Build fingerprint: 'google/sdk_gphone_x86/generic_x86:8.1.0/OSM1.180201.021/4741582:userdebug/dev-keys'
05-25 02:29:21.906  8868  8868 F DEBUG   : Revision: '0'
05-25 02:29:21.906  8868  8868 F DEBUG   : ABI: 'x86'
05-25 02:29:21.906  8868  8868 F DEBUG   : pid: 6559, tid: 8864, name: RenderThread  >>> system_server <<<
05-25 02:29:21.906  8868  8868 F DEBUG   : signal 11 (SIGSEGV), code 2 (SEGV_ACCERR), fault addr 0xbbdc2050
05-25 02:29:21.906  8868  8868 F DEBUG   :     eax c1c7f1e8  ebx d7accc64  ecx c17f8b90  edx 00000002
05-25 02:29:21.906  8868  8868 F DEBUG   :     esi 00000003  edi 00000002
05-25 02:29:21.906  8868  8868 F DEBUG   :     xcs 00000023  xds 0000002b  xes 0000002b  xfs 0000006b  xss 0000002b
05-25 02:29:21.906  8868  8868 F DEBUG   :     eip bbdc2050  ebp c1c7f808  esp c1c7f1ac  flags 00010246
05-25 02:29:21.994  8868  8868 F DEBUG   : 
05-25 02:29:21.994  8868  8868 F DEBUG   : backtrace:
05-25 02:29:21.994  8868  8868 F DEBUG   :     #00 pc 000c2050  [anon:libc_malloc:bbd00000]
05-25 02:29:21.994  8868  8868 F DEBUG   :     #01 pc 000dfd3d  /vendor/lib/egl/libGLESv2_swiftshader.so (sw::Renderer::executeTask(int)+189)
05-25 02:29:21.994  8868  8868 F DEBUG   :     #02 pc 000dfa07  /vendor/lib/egl/libGLESv2_swiftshader.so (sw::Renderer::threadLoop(int)+103)
05-25 02:29:21.994  8868  8868 F DEBUG   :     #03 pc 000df98e  /vendor/lib/egl/libGLESv2_swiftshader.so (sw::Renderer::threadFunction(void*)+78)
05-25 02:29:21.994  8868  8868 F DEBUG   :     #04 pc 000ce064  /vendor/lib/egl/libGLESv2_swiftshader.so (sw::Thread::startFunction(void*)+84)
05-25 02:29:21.994  8868  8868 F DEBUG   :     #05 pc 00071445  /system/lib/libc.so (__pthread_start(void*)+53)
05-25 02:29:21.994  8868  8868 F DEBUG   :     #06 pc 000205db  /system/lib/libc.so (__start_thread+75)
05-25 02:29:21.994  8868  8868 F DEBUG   :     #07 pc 0001ec16  /system/lib/libc.so (__bionic_clone+70)
05-25 02:29:26.131  6984  6984 E AndroidRuntime: FATAL EXCEPTION: main
05-25 02:29:26.131  6984  6984 E AndroidRuntime: Process: com.android.phone, PID: 6984
05-25 02:29:26.131  6984  6984 E AndroidRuntime: DeadSystemException: The system died; earlier logs will point to the root cause
05-25 02:29:26.151  7062  8039 E AndroidRuntime: FATAL EXCEPTION: [cxt] processing com.google.android.gms.auth.managed.config.ConfigChangedIntentOperation for action com.google.android.gms.phenotype.UPDATE
05-25 02:29:26.151  7062  8039 E AndroidRuntime: Process: com.google.android.gms.persistent, PID: 7062
05-25 02:29:26.151  7062  8039 E AndroidRuntime: DeadSystemException: The system died; earlier logs will point to the root cause
05-25 02:29:26.152  7470  7655 E AndroidRuntime: FATAL EXCEPTION: lowpool[0]
05-25 02:29:26.152  7470  7655 E AndroidRuntime: Process: com.google.android.gms, PID: 7470
05-25 02:29:26.152  7470  7655 E AndroidRuntime: DeadSystemException: The system died; earlier logs will point to the root cause
05-25 02:29:26.160  7897  7897 E AndroidRuntime: FATAL EXCEPTION: main
05-25 02:29:26.160  7897  7897 E AndroidRuntime: Process: com.google.android.apps.photos, PID: 7897
05-25 02:29:26.160  7897  7897 E AndroidRuntime: DeadSystemException: The system died; earlier logs will point to the root cause
05-25 02:29:26.175  7470  7470 E AndroidRuntime: FATAL EXCEPTION: main
05-25 02:29:26.175  7470  7470 E AndroidRuntime: Process: com.google.android.gms, PID: 7470
05-25 02:29:26.175  7470  7470 E AndroidRuntime: DeadSystemException: The system died; earlier logs will point to the root cause
05-25 02:29:26.451  7225  7225 E AndroidRuntime: FATAL EXCEPTION: main
05-25 02:29:26.451  7225  7225 E AndroidRuntime: Process: com.google.android.googlequicksearchbox:search, PID: 7225
05-25 02:29:26.451  7225  7225 E AndroidRuntime: DeadSystemException: The system died; earlier logs will point to the root cause
05-25 02:29:26.527  8424  8424 E AndroidRuntime: FATAL EXCEPTION: main
05-25 02:29:26.527  8424  8424 E AndroidRuntime: Process: com.google.android.apps.maps, PID: 8424
05-25 02:29:26.527  8424  8424 E AndroidRuntime: DeadSystemException: The system died; earlier logs will point to the root cause
05-25 02:29:26.529  7600  7600 E AndroidRuntime: FATAL EXCEPTION: main
05-25 02:29:26.529  7600  7600 E AndroidRuntime: Process: com.google.android.dialer, PID: 7600
05-25 02:29:26.529  7600  7600 E AndroidRuntime: DeadSystemException: The system died; earlier logs will point to the root cause
05-25 02:29:26.552  8677  8695 E AndroidRuntime: FATAL EXCEPTION: AndroidTestOrchestrator
05-25 02:29:26.552  8677  8695 E AndroidRuntime: Process: android.support.test.orchestrator, PID: 8677
05-25 02:29:26.552  8677  8695 E AndroidRuntime: DeadSystemException: The system died; earlier logs will point to the root cause
05-25 02:29:26.571  7120  7120 E AndroidRuntime: FATAL EXCEPTION: main
05-25 02:29:26.571  7120  7120 E AndroidRuntime: Process: com.google.android.apps.nexuslauncher, PID: 7120
05-25 02:29:26.571  7120  7120 E AndroidRuntime: DeadSystemException: The system died; earlier logs will point to the root cause
05-25 02:29:27.097  8907  8907 D Zygote32Timing: BeginIcuCachePinning took to complete: 5ms
05-25 02:29:27.267  8907  8907 D Zygote32Timing: PreloadClasses took to complete: 170ms
05-25 02:29:27.326  8907  8907 D Zygote32Timing: PreloadResources took to complete: 60ms
05-25 02:29:27.391  8907  8907 D Zygote32Timing: ZygotePreload took to complete: 299ms
05-25 02:29:27.399  8907  8907 D Zygote32Timing: PostZygoteInitGC took to complete: 8ms
05-25 02:29:27.399  8907  8907 D Zygote32Timing: ZygoteInit took to complete: 307ms
05-25 02:29:27.468  8912  8912 I wificond: wificond is starting up...
05-25 02:29:27.575  8919  8919 I chatty  : uid=1000 system_server expire 503 lines
05-25 02:29:27.813  8919  8946 I chatty  : uid=1000 system_server expire 9 lines
05-25 02:29:27.825  8919  8948 I chatty  : uid=1000 system_server expire 52 lines
05-25 02:29:27.826  8919  8949 I chatty  : uid=1000 system_server expire 8 lines
05-25 02:29:27.867  8919  8951 I chatty  : uid=1000 system_server expire 7 lines
05-25 02:29:27.965  8919  8974 I chatty  : uid=1000 system_server expire 23 lines
05-25 02:29:27.982  8919  8976 I chatty  : uid=1000 system_server expire 2 lines
05-25 02:29:28.337  8919  9007 I chatty  : uid=1000 system_server expire 12 lines
05-25 02:29:28.525  8919  9009 I chatty  : uid=1000 system_server expire 5 lines
05-25 02:29:28.535  8919  9011 I chatty  : uid=1000 system_server expire 7 lines
05-25 02:29:28.551  8919  9010 I chatty  : uid=1000 system_server expire 7 lines
05-25 02:29:28.691  8919  9026 I chatty  : uid=1000 system_server expire 17 lines
05-25 02:29:28.701  8919  9027 I chatty  : uid=1000 system_server expire 15 lines
05-25 02:29:28.725  8919  9030 I chatty  : uid=1000 system_server expire 1 line
05-25 02:29:28.747  8919  9023 I chatty  : uid=1000 system_server expire 2 lines
05-25 02:29:28.771  8919  8947 I chatty  : uid=1000 system_server expire 10 lines
05-25 02:29:28.772  8919  9033 I chatty  : uid=1000 system_server expire 1 line
05-25 02:29:28.995  8919  9058 I chatty  : uid=1000 system_server expire 1 line
05-25 02:29:29.021  1380  1380 I android.hardware.wifi@1.0-service: Legacy HAL stop complete callback received
05-25 02:29:29.078  8919  8979 I chatty  : uid=1000 system_server expire 4 lines
05-25 02:29:29.222  1380  1380 I android.hardware.wifi@1.0-service: Wifi HAL stopped
05-25 02:29:29.310  1322  1333 D vold    : e4crypt_unlock_user_key 0 serial=0 token_present=0
05-25 02:29:29.310  8919  9028 I chatty  : uid=1000 system_server expire 4 lines
05-25 02:29:29.336  8919  8972 I chatty  : uid=1000 system_server expire 3 lines
05-25 02:29:29.441  8919  9032 I chatty  : uid=1000 system_server expire 10 lines
05-25 02:29:29.509  9075  9075 D SystemUIBootTiming: StartServicesDependency took to complete: 4ms
05-25 02:29:29.993  1380  1380 I android.hardware.wifi@1.0-service: Wifi HAL started
05-25 02:29:30.415  1380  1380 E android.hardware.wifi@1.0-service: Failed to set DFS flag; DFS channels may be unavailable.
05-25 02:29:30.503  9075  9075 D SystemUIBootTiming: StartServicesNotificationChannels took to complete: 993ms
05-25 02:29:30.685  8912  8912 I wificond: create scanner for interface with index: 3
05-25 02:29:30.686  8912  8912 I wificond: subscribe scan result for interface with index: 3
05-25 02:29:30.691  9075  9075 D SystemUIBootTiming: StartServicesCommandQueueStart took to complete: 65ms
05-25 02:29:30.795  8912  8912 E wificond: No Offload Service available
05-25 02:29:30.795  8912  8912 I wificond: Offload HAL not supported 
05-25 02:29:32.292  1322  1332 V vold    : Waiting for FUSE to spin up...
05-25 02:29:32.339  8919  9201 I chatty  : uid=1000 system_server expire 21 lines
05-25 02:29:32.342  1322  1332 V vold    : Waiting for FUSE to spin up...
05-25 02:29:32.396  1322  1332 V vold    : Waiting for FUSE to spin up...
05-25 02:29:32.443  8919  9200 I chatty  : uid=1000 system_server expire 15 lines
05-25 02:29:32.453  1322  1332 V vold    : Waiting for FUSE to spin up...
05-25 02:29:32.504  1322  1332 V vold    : Waiting for FUSE to spin up...
05-25 02:29:32.554  1322  1332 V vold    : Waiting for FUSE to spin up...
05-25 02:29:32.604  1322  1332 V vold    : Waiting for FUSE to spin up...
05-25 02:29:32.654  1322  1332 V vold    : Waiting for FUSE to spin up...
05-25 02:29:32.704  1322  1332 V vold    : Waiting for FUSE to spin up...
05-25 02:29:32.754  1322  1332 V vold    : Waiting for FUSE to spin up...
05-25 02:29:32.810  1322  1332 V vold    : Waiting for FUSE to spin up...
05-25 02:29:33.062  1322  1332 V vold    : Waiting for FUSE to spin up...
05-25 02:29:34.372  9075  9075 D SystemUIBootTiming: StartServicesKeyguardViewMediator took to complete: 3681ms
05-25 02:29:34.967  8919  8975 I chatty  : uid=1000 system_server expire 1 line
05-25 02:29:35.298  8919  9287 I chatty  : uid=1000 system_server expire 1 line
05-25 02:29:35.415  8919  9290 I chatty  : uid=1000 system_server expire 1 line
05-25 02:29:35.485  8919  9291 I chatty  : uid=1000 system_server expire 1 line
05-25 02:29:35.635  9075  9075 D SystemUIBootTiming: StartServicesRecents took to complete: 1262ms
05-25 02:29:37.540  8919  9045 I chatty  : uid=1000 system_server expire 4 lines
05-25 02:29:38.048  8919  9039 I chatty  : uid=1000 system_server expire 10 lines
05-25 02:29:38.172  9194  9194 I TelecomFramework: TtyManager: updateUiTtyMode -1 -> 0
05-25 02:29:38.238  9075  9075 D SystemUIBootTiming: StartServicesVolumeUI took to complete: 2553ms
05-25 02:29:38.252  9194  9342 E ActivityThread: Failed to find provider info for com.android.contacts
05-25 02:29:38.295  9075  9075 D SystemUIBootTiming: StartServicesDivider took to complete: 56ms
05-25 02:29:39.316  9075  9075 I StatusBar: isKeyguardShowing() called before startKeyguard(), returning true
05-25 02:29:39.318  9075  9075 W StatusBar: isKeyguardSecure() called before startKeyguard(), returning false
05-25 02:29:39.318  9075  9075 W StatusBar: java.lang.Throwable
05-25 02:29:39.318  9075  9075 W StatusBar: 	at com.android.systemui.statusbar.phone.StatusBar.isKeyguardSecure(StatusBar.java:7551)
05-25 02:29:39.318  9075  9075 W StatusBar: 	at com.android.systemui.statusbar.phone.StatusBar.isCameraAllowedByAdmin(StatusBar.java:5436)
05-25 02:29:39.318  9075  9075 W StatusBar: 	at com.android.systemui.statusbar.phone.KeyguardBottomAreaView$DefaultRightButton.getIcon(KeyguardBottomAreaView.java:856)
05-25 02:29:39.318  9075  9075 W StatusBar: 	at com.android.systemui.statusbar.phone.KeyguardBottomAreaView.updateCameraVisibility(KeyguardBottomAreaView.java:382)
05-25 02:29:39.318  9075  9075 W StatusBar: 	at com.android.systemui.statusbar.phone.KeyguardBottomAreaView.setStatusBar(KeyguardBottomAreaView.java:351)
05-25 02:29:39.318  9075  9075 W StatusBar: 	at com.android.systemui.statusbar.phone.NotificationPanelView.setStatusBar(NotificationPanelView.java:252)
05-25 02:29:39.318  9075  9075 W StatusBar: 	at com.android.systemui.statusbar.phone.StatusBar.makeStatusBarView(StatusBar.java:1019)
05-25 02:29:39.318  9075  9075 W StatusBar: 	at com.android.systemui.statusbar.phone.StatusBar.addStatusBarWindow(StatusBar.java:3664)
05-25 02:29:39.318  9075  9075 W StatusBar: 	at com.android.systemui.statusbar.phone.StatusBar.createAndAddWindows(StatusBar.java:3660)
05-25 02:29:39.318  9075  9075 W StatusBar: 	at com.android.systemui.statusbar.phone.StatusBar.start(StatusBar.java:889)
05-25 02:29:39.318  9075  9075 W StatusBar: 	at com.google.android.systemui.statusbar.phone.StatusBarGoogle.start(StatusBarGoogle.java:56)
05-25 02:29:39.318  9075  9075 W StatusBar: 	at com.android.systemui.SystemBars.createStatusBarFromConfig(SystemBars.java:71)
05-25 02:29:39.318  9075  9075 W StatusBar: 	at com.android.systemui.SystemBars.start(SystemBars.java:42)
05-25 02:29:39.318  9075  9075 W StatusBar: 	at com.android.systemui.SystemUIApplication.startServicesIfNeeded(SystemUIApplication.java:215)
05-25 02:29:39.318  9075  9075 W StatusBar: 	at com.android.systemui.SystemUIApplication.startServicesIfNeeded(SystemUIApplication.java:164)
05-25 02:29:39.318  9075  9075 W StatusBar: 	at com.android.systemui.SystemUIService.onCreate(SystemUIService.java:33)
05-25 02:29:39.318  9075  9075 W StatusBar: 	at android.app.ActivityThread.handleCreateService(ActivityThread.java:3339)
05-25 02:29:39.318  9075  9075 W StatusBar: 	at android.app.ActivityThread.-wrap4(Unknown Source:0)
05-25 02:29:39.318  9075  9075 W StatusBar: 	at android.app.ActivityThread$H.handleMessage(ActivityThread.java:1677)
05-25 02:29:39.318  9075  9075 W StatusBar: 	at android.os.Handler.dispatchMessage(Handler.java:106)
05-25 02:29:39.318  9075  9075 W StatusBar: 	at android.os.Looper.loop(Looper.java:164)
05-25 02:29:39.318  9075  9075 W StatusBar: 	at android.app.ActivityThread.main(ActivityThread.java:6494)
05-25 02:29:39.318  9075  9075 W StatusBar: 	at java.lang.reflect.Method.invoke(Native Method)
05-25 02:29:39.318  9075  9075 W StatusBar: 	at com.android.internal.os.RuntimeInit$MethodAndArgsCaller.run(RuntimeInit.java:438)
05-25 02:29:39.318  9075  9075 W StatusBar: 	at com.android.internal.os.ZygoteInit.main(ZygoteInit.java:807)
05-25 02:29:39.359  9194  9194 I TelecomFramework: AccountEntry: Registered phoneAccount: [[ ] PhoneAccount: ComponentInfo{com.android.phone/com.android.services.telephony.TelephonyConnectionService}, [e0184adedf913b076626646d3f52c3b49c39ad6d], UserHandle{0} Capabilities: CallProvider MultiUser PlaceEmerg SimSub  Audio Routes: BESW Schemes: tel voicemail  Extras: Bundle[{android.telecom.extra.SUPPORTS_VIDEO_CALLING_FALLBACK=true}] GroupId: [da39a3ee5e6b4b0d3255bfef95601890afd80709]] with handle: ComponentInfo{com.android.phone/com.android.services.telephony.TelephonyConnectionService}, [e0184adedf913b076626646d3f52c3b49c39ad6d], UserHandle{0}
05-25 02:29:39.359  9194  9194 I TelecomFramework: PstnIncomingCallNotifier: Registering: Handler (com.android.internal.telephony.GsmCdmaPhone) {a9a2386}
05-25 02:29:39.365  9194  9194 I TelecomFramework: TelecomAccountRegistry: Unregistering phone account ComponentInfo{com.android.phone/com.android.services.telephony.TelephonyConnectionService}, [e2f7d48dd2b5ca523e7313cf4ba0f6ea830b6281], UserHandle{0}.
05-25 02:29:39.473  9075  9075 I StatusBar: isKeyguardShowing() called before startKeyguard(), returning true
05-25 02:29:39.473  9075  9075 W StatusBar: isKeyguardSecure() called before startKeyguard(), returning false
05-25 02:29:39.473  9075  9075 W StatusBar: java.lang.Throwable
05-25 02:29:39.473  9075  9075 W StatusBar: 	at com.android.systemui.statusbar.phone.StatusBar.isKeyguardSecure(StatusBar.java:7551)
05-25 02:29:39.473  9075  9075 W StatusBar: 	at com.android.systemui.statusbar.phone.StatusBar.isCameraAllowedByAdmin(StatusBar.java:5436)
05-25 02:29:39.473  9075  9075 W StatusBar: 	at com.android.systemui.statusbar.phone.KeyguardBottomAreaView$DefaultRightButton.getIcon(KeyguardBottomAreaView.java:856)
05-25 02:29:39.473  9075  9075 W StatusBar: 	at com.android.systemui.statusbar.phone.KeyguardBottomAreaView.updateCameraVisibility(KeyguardBottomAreaView.java:382)
05-25 02:29:39.473  9075  9075 W StatusBar: 	at com.android.systemui.statusbar.phone.KeyguardBottomAreaView.setUserSetupComplete(KeyguardBottomAreaView.java:360)
05-25 02:29:39.473  9075  9075 W StatusBar: 	at com.android.systemui.statusbar.phone.NotificationPanelView.setUserSetupComplete(NotificationPanelView.java:2655)
05-25 02:29:39.473  9075  9075 W StatusBar: 	at com.android.systemui.statusbar.phone.StatusBar.makeStatusBarView(StatusBar.java:1162)
05-25 02:29:39.473  9075  9075 W StatusBar: 	at com.android.systemui.statusbar.phone.StatusBar.addStatusBarWindow(StatusBar.java:3664)
05-25 02:29:39.473  9075  9075 W StatusBar: 	at com.android.systemui.statusbar.phone.StatusBar.createAndAddWindows(StatusBar.java:3660)
05-25 02:29:39.473  9075  9075 W StatusBar: 	at com.android.systemui.statusbar.phone.StatusBar.start(StatusBar.java:889)
05-25 02:29:39.473  9075  9075 W StatusBar: 	at com.google.android.systemui.statusbar.phone.StatusBarGoogle.start(StatusBarGoogle.java:56)
05-25 02:29:39.473  9075  9075 W StatusBar: 	at com.android.systemui.SystemBars.createStatusBarFromConfig(SystemBars.java:71)
05-25 02:29:39.473  9075  9075 W StatusBar: 	at com.android.systemui.SystemBars.start(SystemBars.java:42)
05-25 02:29:39.473  9075  9075 W StatusBar: 	at com.android.systemui.SystemUIApplication.startServicesIfNeeded(SystemUIApplication.java:215)
05-25 02:29:39.473  9075  9075 W StatusBar: 	at com.android.systemui.SystemUIApplication.startServicesIfNeeded(SystemUIApplication.java:164)
05-25 02:29:39.473  9075  9075 W StatusBar: 	at com.android.systemui.SystemUIService.onCreate(SystemUIService.java:33)
05-25 02:29:39.473  9075  9075 W StatusBar: 	at android.app.ActivityThread.handleCreateService(ActivityThread.java:3339)
05-25 02:29:39.473  9075  9075 W StatusBar: 	at android.app.ActivityThread.-wrap4(Unknown Source:0)
05-25 02:29:39.473  9075  9075 W StatusBar: 	at android.app.ActivityThread$H.handleMessage(ActivityThread.java:1677)
05-25 02:29:39.473  9075  9075 W StatusBar: 	at android.os.Handler.dispatchMessage(Handler.java:106)
05-25 02:29:39.473  9075  9075 W StatusBar: 	at android.os.Looper.loop(Looper.java:164)
05-25 02:29:39.473  9075  9075 W StatusBar: 	at android.app.ActivityThread.main(ActivityThread.java:6494)
05-25 02:29:39.473  9075  9075 W StatusBar: 	at java.lang.reflect.Method.invoke(Native Method)
05-25 02:29:39.473  9075  9075 W StatusBar: 	at com.android.internal.os.RuntimeInit$MethodAndArgsCaller.run(RuntimeInit.java:438)
05-25 02:29:39.473  9075  9075 W StatusBar: 	at com.android.internal.os.ZygoteInit.main(ZygoteInit.java:807)
05-25 02:29:39.504  9194  9194 I TelecomFramework: PstnPhoneCapabilitiesNotifier: handleVideoCapabilitesChanged. Video capability - false
05-25 02:29:39.611  9075  9075 I StatusBar: isKeyguardShowing() called before startKeyguard(), returning true
05-25 02:29:39.611  9075  9075 W StatusBar: isKeyguardSecure() called before startKeyguard(), returning false
05-25 02:29:39.611  9075  9075 W StatusBar: java.lang.Throwable
05-25 02:29:39.611  9075  9075 W StatusBar: 	at com.android.systemui.statusbar.phone.StatusBar.isKeyguardSecure(StatusBar.java:7551)
05-25 02:29:39.611  9075  9075 W StatusBar: 	at com.android.systemui.statusbar.phone.StatusBar.isCameraAllowedByAdmin(StatusBar.java:5436)
05-25 02:29:39.611  9075  9075 W StatusBar: 	at com.android.systemui.statusbar.phone.KeyguardBottomAreaView$DefaultRightButton.getIcon(KeyguardBottomAreaView.java:856)
05-25 02:29:39.611  9075  9075 W StatusBar: 	at com.android.systemui.statusbar.phone.KeyguardBottomAreaView.updateCameraVisibility(KeyguardBottomAreaView.java:382)
05-25 02:29:39.611  9075  9075 W StatusBar: 	at com.android.systemui.statusbar.phone.KeyguardBottomAreaView.setUserSetupComplete(KeyguardBottomAreaView.java:360)
05-25 02:29:39.611  9075  9075 W StatusBar: 	at com.android.systemui.statusbar.phone.NotificationPanelView.setUserSetupComplete(NotificationPanelView.java:2655)
05-25 02:29:39.611  9075  9075 W StatusBar: 	at com.android.systemui.statusbar.phone.StatusBar$1.onUserSetupChanged(StatusBar.java:524)
05-25 02:29:39.611  9075  9075 W StatusBar: 	at com.android.systemui.statusbar.policy.DeviceProvisionedControllerImpl.addCallback(DeviceProvisionedControllerImpl.java:69)
05-25 02:29:39.611  9075  9075 W StatusBar: 	at com.android.systemui.statusbar.policy.DeviceProvisionedControllerImpl.addCallback(DeviceProvisionedControllerImpl.java:63)
05-25 02:29:39.611  9075  9075 W StatusBar: 	at com.android.systemui.statusbar.phone.StatusBar.makeStatusBarView(StatusBar.java:1252)
05-25 02:29:39.611  9075  9075 W StatusBar: 	at com.android.systemui.statusbar.phone.StatusBar.addStatusBarWindow(StatusBar.java:3664)
05-25 02:29:39.611  9075  9075 W StatusBar: 	at com.android.systemui.statusbar.phone.StatusBar.createAndAddWindows(StatusBar.java:3660)
05-25 02:29:39.611  9075  9075 W StatusBar: 	at com.android.systemui.statusbar.phone.StatusBar.start(StatusBar.java:889)
05-25 02:29:39.611  9075  9075 W StatusBar: 	at com.google.android.systemui.statusbar.phone.StatusBarGoogle.start(StatusBarGoogle.java:56)
05-25 02:29:39.611  9075  9075 W StatusBar: 	at com.android.systemui.SystemBars.createStatusBarFromConfig(SystemBars.java:71)
05-25 02:29:39.611  9075  9075 W StatusBar: 	at com.android.systemui.SystemBars.start(SystemBars.java:42)
05-25 02:29:39.611  9075  9075 W StatusBar: 	at com.android.systemui.SystemUIApplication.startServicesIfNeeded(SystemUIApplication.java:215)
05-25 02:29:39.611  9075  9075 W StatusBar: 	at com.android.systemui.SystemUIApplication.startServicesIfNeeded(SystemUIApplication.java:164)
05-25 02:29:39.611  9075  9075 W StatusBar: 	at com.android.systemui.SystemUIService.onCreate(SystemUIService.java:33)
05-25 02:29:39.611  9075  9075 W StatusBar: 	at android.app.ActivityThread.handleCreateService(ActivityThread.java:3339)
05-25 02:29:39.611  9075  9075 W StatusBar: 	at android.app.ActivityThread.-wrap4(Unknown Source:0)
05-25 02:29:39.611  9075  9075 W StatusBar: 	at android.app.ActivityThread$H.handleMessage(ActivityThread.java:1677)
05-25 02:29:39.611  9075  9075 W StatusBar: 	at android.os.Handler.dispatchMessage(Handler.java:106)
05-25 02:29:39.611  9075  9075 W StatusBar: 	at android.os.Looper.loop(Looper.java:164)
05-25 02:29:39.611  9075  9075 W StatusBar: 	at android.app.ActivityThread.main(ActivityThread.java:6494)
05-25 02:29:39.611  9075  9075 W StatusBar: 	at java.lang.reflect.Method.invoke(Native Method)
05-25 02:29:39.611  9075  9075 W StatusBar: 	at com.android.internal.os.RuntimeInit$MethodAndArgsCaller.run(RuntimeInit.java:438)
05-25 02:29:39.611  9075  9075 W StatusBar: 	at com.android.internal.os.ZygoteInit.main(ZygoteInit.java:807)
05-25 02:29:39.684  9194  9194 D MccTable: updateMccMncConfiguration mccmnc='310260' fromServiceState=false
05-25 02:29:39.685  9194  9194 D MccTable: updateMccMncConfiguration defaultMccMnc=
05-25 02:29:39.685  9194  9194 D MccTable: updateMccMncConfiguration: mcc=310, mnc=260
05-25 02:29:39.706  8919  8919 I chatty  : uid=1000 system_server expire 14 lines
05-25 02:29:39.715  9194  9194 D MccTable: timezone set to America/New_York
05-25 02:29:39.715  9194  9194 D MccTable: updateMccMncConfiguration updateConfig config={0.0 310mcc260mnc ?localeList ?layoutDir ?swdp ?wdp ?hdp ?density ?lsize ?long ?ldr ?wideColorGamut ?orien ?uimode ?night ?touch ?keyb/?/? ?nav/?}
05-25 02:29:39.893  9075  9347 E ActivityThread: Failed to find provider info for com.android.contacts
05-25 02:29:39.926  9075  9075 D SystemUIBootTiming: StartServicesSystemBars took to complete: 1631ms
05-25 02:29:39.955  8919  8931 I chatty  : uid=1000 system_server expire 12 lines
05-25 02:29:40.116  9194  9194 I TelecomFramework: PstnIncomingCallNotifier: Unregistering: Handler (com.android.internal.telephony.GsmCdmaPhone) {a9a2386}
05-25 02:29:40.166  8919  9195 I chatty  : uid=1000 system_server expire 16 lines
05-25 02:29:40.167  9194  9194 I TelecomFramework: AccountEntry: Registered phoneAccount: [[ ] PhoneAccount: ComponentInfo{com.android.phone/com.android.services.telephony.TelephonyConnectionService}, [e0184adedf913b076626646d3f52c3b49c39ad6d], UserHandle{0} Capabilities: CallProvider MultiUser PlaceEmerg SimSub  Audio Routes: BESW Schemes: tel voicemail  Extras: Bundle[{android.telecom.extra.SUPPORTS_VIDEO_CALLING_FALLBACK=true}] GroupId: [da39a3ee5e6b4b0d3255bfef95601890afd80709]] with handle: ComponentInfo{com.android.phone/com.android.services.telephony.TelephonyConnectionService}, [e0184adedf913b076626646d3f52c3b49c39ad6d], UserHandle{0}
05-25 02:29:40.167  9194  9194 I TelecomFramework: PstnIncomingCallNotifier: Registering: Handler (com.android.internal.telephony.GsmCdmaPhone) {a9a2386}
05-25 02:29:40.173  9194  9194 I TelecomFramework: PstnPhoneCapabilitiesNotifier: handleVideoCapabilitesChanged. Video capability - false
05-25 02:29:40.197  9075  9075 D SystemUIBootTiming: StartServicesStorageNotification took to complete: 271ms
05-25 02:29:40.258  9075  9075 D SystemUIBootTiming: StartServicesPowerUI took to complete: 61ms
05-25 02:29:40.261  9075  9075 D SystemUIBootTiming: StartServicesRingtonePlayer took to complete: 3ms
05-25 02:29:40.266  9075  9075 D SystemUIBootTiming: StartServicesKeyboardUI took to complete: 5ms
05-25 02:29:40.299  9075  9075 D SystemUIBootTiming: StartServicesPipUI took to complete: 33ms
05-25 02:29:40.305  9075  9075 D SystemUIBootTiming: StartServicesShortcutKeyDispatcher took to complete: 6ms
05-25 02:29:40.308  9075  9075 D SystemUIBootTiming: StartServicesVendorServices took to complete: 3ms
05-25 02:29:40.309  9075  9075 D SystemUIBootTiming: StartServicesService took to complete: 1ms
05-25 02:29:40.309  9075  9075 D SystemUIBootTiming: StartServicesLatencyTester took to complete: 0ms
05-25 02:29:40.385  9075  9075 D SystemUIBootTiming: StartServicesGlobalActionsComponent took to complete: 76ms
05-25 02:29:40.396  9075  9075 D SystemUIBootTiming: StartServicesRoundedCorners took to complete: 11ms
05-25 02:29:40.396  9075  9075 D SystemUIBootTiming: StartServices took to complete: 10892ms
05-25 02:29:40.476  9194  9337 D MccTable: updateMccMncConfiguration mccmnc='310260' fromServiceState=false
05-25 02:29:40.762  9194  9337 D MccTable: updateMccMncConfiguration defaultMccMnc=310260
05-25 02:29:40.762  9194  9337 D MccTable: updateMccMncConfiguration: mcc=310, mnc=260
05-25 02:29:40.762  9194  9337 D MccTable: updateMccMncConfiguration updateConfig config={0.0 310mcc260mnc ?localeList ?layoutDir ?swdp ?wdp ?hdp ?density ?lsize ?long ?ldr ?wideColorGamut ?orien ?uimode ?night ?touch ?keyb/?/? ?nav/?}
05-25 02:29:40.811  1322  1333 D vold    : e4crypt_prepare_user_storage for volume null, user 0, serial 0, flags 2
05-25 02:29:40.812  1322  1333 D vold    : Preparing: /data/system_ce/0
05-25 02:29:40.812  1322  1333 D vold    : Preparing: /data/misc_ce/0
05-25 02:29:40.812  1322  1333 D vold    : Preparing: /data/media/0
05-25 02:29:40.812  1322  1333 D vold    : Preparing: /data/data
05-25 02:29:41.025  1322  1332 D vold    : Linking /storage/emulated/0 to /mnt/user/0/primary
05-25 02:29:41.026  8919  9027 I chatty  : uid=1000 system_server expire 1 line
05-25 02:29:41.028  8919  9026 I chatty  : uid=1000 system_server expire 1 line
05-25 02:29:41.712  8919  9409 I chatty  : uid=1000 system_server expire 3 lines
05-25 02:29:42.402  8919  8934 I chatty  : uid=1000 system_server expire 14 lines
05-25 02:29:45.825  9494  9536 E ActivityThread: Failed to find provider info for com.google.android.googlequicksearchbox.GsaPublicContentProvider
05-25 02:29:47.375  1322  1333 D VoldCryptCmdListener: cryptfs getpwtype
05-25 02:29:48.095  9194  9194 I TelecomFramework: PstnIncomingCallNotifier: Unregistering: Handler (com.android.internal.telephony.GsmCdmaPhone) {a9a2386}
05-25 02:29:48.128  9194  9194 I TelecomFramework: AccountEntry: Registered phoneAccount: [[ ] PhoneAccount: ComponentInfo{com.android.phone/com.android.services.telephony.TelephonyConnectionService}, [e2f7d48dd2b5ca523e7313cf4ba0f6ea830b6281], UserHandle{0} Capabilities: CallProvider MultiUser PlaceEmerg SimSub  Audio Routes: BESW Schemes: tel voicemail  Extras: Bundle[{android.telecom.extra.SUPPORTS_VIDEO_CALLING_FALLBACK=true}] GroupId: [da39a3ee5e6b4b0d3255bfef95601890afd80709]] with handle: ComponentInfo{com.android.phone/com.android.services.telephony.TelephonyConnectionService}, [e2f7d48dd2b5ca523e7313cf4ba0f6ea830b6281], UserHandle{0}
05-25 02:29:48.128  9194  9194 I TelecomFramework: PstnIncomingCallNotifier: Registering: Handler (com.android.internal.telephony.GsmCdmaPhone) {a9a2386}
05-25 02:29:48.131  9194  9194 I TelecomFramework: TelecomAccountRegistry: Unregistering phone account ComponentInfo{com.android.phone/com.android.services.telephony.TelephonyConnectionService}, [e0184adedf913b076626646d3f52c3b49c39ad6d], UserHandle{0}.
05-25 02:29:48.173  9194  9194 I TelecomFramework: PstnPhoneCapabilitiesNotifier: handleVideoCapabilitesChanged. Video capability - false
05-25 02:29:48.181  8919  9379 I chatty  : uid=1000 system_server expire 6 lines
05-25 02:29:48.733  8919  9575 I chatty  : uid=1000 system_server expire 10 lines
05-25 02:29:48.884  9194  9337 D MccTable: updateMccMncConfiguration mccmnc='310260' fromServiceState=false
05-25 02:29:48.885  9194  9337 D MccTable: updateMccMncConfiguration defaultMccMnc=310260
05-25 02:29:48.885  9194  9337 D MccTable: updateMccMncConfiguration: mcc=310, mnc=260
05-25 02:29:48.895  9194  9337 D MccTable: updateMccMncConfiguration updateConfig config={0.0 310mcc260mnc ?localeList ?layoutDir ?swdp ?wdp ?hdp ?density ?lsize ?long ?ldr ?wideColorGamut ?orien ?uimode ?night ?touch ?keyb/?/? ?nav/?}
05-25 02:29:48.897  9194  9194 I TelecomFramework: PstnIncomingCallNotifier: Unregistering: Handler (com.android.internal.telephony.GsmCdmaPhone) {a9a2386}
05-25 02:29:48.903  9194  9194 I TelecomFramework: AccountEntry: Registered phoneAccount: [[ ] PhoneAccount: ComponentInfo{com.android.phone/com.android.services.telephony.TelephonyConnectionService}, [e2f7d48dd2b5ca523e7313cf4ba0f6ea830b6281], UserHandle{0} Capabilities: CallProvider MultiUser PlaceEmerg SimSub  Audio Routes: BESW Schemes: tel voicemail  Extras: Bundle[{android.telecom.extra.SUPPORTS_VIDEO_CALLING_FALLBACK=true}] GroupId: [da39a3ee5e6b4b0d3255bfef95601890afd80709]] with handle: ComponentInfo{com.android.phone/com.android.services.telephony.TelephonyConnectionService}, [e2f7d48dd2b5ca523e7313cf4ba0f6ea830b6281], UserHandle{0}
05-25 02:29:48.903  9194  9194 I TelecomFramework: PstnIncomingCallNotifier: Registering: Handler (com.android.internal.telephony.GsmCdmaPhone) {a9a2386}
05-25 02:29:49.653  8919  9034 I chatty  : uid=1000 system_server expire 1 line
05-25 02:29:50.098  8919  9606 I chatty  : uid=1000 system_server expire 20 lines
05-25 02:29:50.114  9451  9451 W KeyphraseEnrollmentInfo: No enrollment application supports the given keyphrase/locale: 'Ok Google'/en_US
05-25 02:29:51.358  9194  9194 I TelecomFramework: PstnPhoneCapabilitiesNotifier: handleVideoCapabilitesChanged. Video capability - false
05-25 02:29:51.496  9194  9194 I TelecomFramework: PstnIncomingCallNotifier: Unregistering: Handler (com.android.internal.telephony.GsmCdmaPhone) {a9a2386}
05-25 02:29:51.591  9194  9194 I TelecomFramework: AccountEntry: Registered phoneAccount: [[ ] PhoneAccount: ComponentInfo{com.android.phone/com.android.services.telephony.TelephonyConnectionService}, [e2f7d48dd2b5ca523e7313cf4ba0f6ea830b6281], UserHandle{0} Capabilities: CallProvider MultiUser PlaceEmerg SimSub  Audio Routes: BESW Schemes: tel voicemail  Extras: Bundle[{android.telecom.extra.SUPPORTS_VIDEO_CALLING_FALLBACK=true}] GroupId: [da39a3ee5e6b4b0d3255bfef95601890afd80709]] with handle: ComponentInfo{com.android.phone/com.android.services.telephony.TelephonyConnectionService}, [e2f7d48dd2b5ca523e7313cf4ba0f6ea830b6281], UserHandle{0}
05-25 02:29:51.591  9194  9194 I TelecomFramework: PstnIncomingCallNotifier: Registering: Handler (com.android.internal.telephony.GsmCdmaPhone) {a9a2386}
