05-25 03:23:16.624 14295 14479 I ActivityManager: START u0 {act=android.intent.action.MAIN flg=0x14000000 cmp=splitsound.com.splitsound/.DrawerActivityTest} from uid 10085
05-25 03:23:16.644 14295 14379 W System  : ClassLoader referenced unknown path: 
05-25 03:23:16.808 17952 17952 W System.err: java.io.FileNotFoundException: /jacoco.exec (Read-only file system)
05-25 03:23:16.808 17952 17952 W System.err: 	at java.io.FileOutputStream.open0(Native Method)
05-25 03:23:16.808 17952 17952 W System.err: 	at java.io.FileOutputStream.open(FileOutputStream.java:287)
05-25 03:23:16.808 17952 17952 W System.err: 	at java.io.FileOutputStream.<init>(FileOutputStream.java:223)
05-25 03:23:16.808 17952 17952 W System.err: 	at org.jacoco.agent.rt.internal_8ff85ea.output.FileOutput.openFile(FileOutput.java:67)
05-25 03:23:16.809 17952 17952 W System.err: 	at org.jacoco.agent.rt.internal_8ff85ea.output.FileOutput.startup(FileOutput.java:49)
05-25 03:23:16.809 17952 17952 W System.err: 	at org.jacoco.agent.rt.internal_8ff85ea.Agent.startup(Agent.java:122)
05-25 03:23:16.809 17952 17952 W System.err: 	at org.jacoco.agent.rt.internal_8ff85ea.Agent.getInstance(Agent.java:50)
05-25 03:23:16.809 17952 17952 W System.err: 	at org.jacoco.agent.rt.internal_8ff85ea.Offline.<clinit>(Offline.java:31)
05-25 03:23:16.809 17952 17952 W System.err: 	at org.jacoco.agent.rt.internal_8ff85ea.Offline.getProbes(Offline.java:51)
05-25 03:23:16.809 17952 17952 W System.err: 	at splitsound.com.splitsound.DrawerActivityTest.$jacocoInit(Unknown Source:13)
05-25 03:23:16.809 17952 17952 W System.err: 	at splitsound.com.splitsound.DrawerActivityTest.<init>(Unknown Source:0)
05-25 03:23:16.809 17952 17952 W System.err: 	at java.lang.Class.newInstance(Native Method)
05-25 03:23:16.809 17952 17952 W System.err: 	at android.app.Instrumentation.newActivity(Instrumentation.java:1174)
05-25 03:23:16.809 17952 17952 W System.err: 	at android.support.test.runner.MonitoringInstrumentation.newActivity(MonitoringInstrumentation.java:710)
05-25 03:23:16.809 17952 17952 W System.err: 	at android.app.ActivityThread.performLaunchActivity(ActivityThread.java:2669)
05-25 03:23:16.809 17952 17952 W System.err: 	at android.app.ActivityThread.handleLaunchActivity(ActivityThread.java:2856)
05-25 03:23:16.810 17952 17952 W System.err: 	at android.app.ActivityThread.-wrap11(Unknown Source:0)
05-25 03:23:16.810 17952 17952 W System.err: 	at android.app.ActivityThread$H.handleMessage(ActivityThread.java:1589)
05-25 03:23:16.810 17952 17952 W System.err: 	at android.os.Handler.dispatchMessage(Handler.java:106)
05-25 03:23:16.810 17952 17952 W System.err: 	at android.os.Looper.loop(Looper.java:164)
05-25 03:23:16.810 17952 17952 W System.err: 	at android.app.ActivityThread.main(ActivityThread.java:6494)
05-25 03:23:16.810 17952 17952 W System.err: 	at java.lang.reflect.Method.invoke(Native Method)
05-25 03:23:16.810 17952 17952 W System.err: 	at com.android.internal.os.RuntimeInit$MethodAndArgsCaller.run(RuntimeInit.java:438)
05-25 03:23:16.810 17952 17952 W System.err: 	at com.android.internal.os.ZygoteInit.main(ZygoteInit.java:807)
05-25 03:23:16.975 14295 14379 D gralloc_ranchu: Emulator without host-side GPU emulation detected. Loading gralloc.default.so from /vendor/lib/hw/gralloc.goldfish.default.so...
05-25 03:23:16.987 17952 17952 D LifecycleMonitor: Lifecycle status change: splitsound.com.splitsound.DrawerActivityTest@ba8badf in: PRE_ON_CREATE
05-25 03:23:17.058 14941 14941 I zygote  : Deoptimizing com.google.common.collect.cz com.google.common.collect.cz.ac(java.util.Collection) due to JIT inline cache
05-25 03:23:17.557 14295 14329 W Looper  : Dispatch took 774ms on android.ui, h=Handler (com.android.server.am.ActivityManagerService$UiHandler) {3aa9f1e} cb=null msg=53
05-25 03:23:17.603 17952 17952 D LifecycleMonitor: Lifecycle status change: splitsound.com.splitsound.DrawerActivityTest@ba8badf in: CREATED
05-25 03:23:17.604 17952 17952 D LifecycleMonitor: Lifecycle status change: splitsound.com.splitsound.DrawerActivityTest@ba8badf in: STARTED
05-25 03:23:17.607 17952 17952 D LifecycleMonitor: Lifecycle status change: splitsound.com.splitsound.DrawerActivityTest@ba8badf in: RESUMED
05-25 03:23:17.623  1386  2169 E SurfaceFlinger: ro.sf.lcd_density must be defined as a build property
05-25 03:23:17.624 17952 17973 D OpenGLRenderer: HWUI GL Pipeline
05-25 03:23:17.763 17952 17952 W RenderThread: type=1400 audit(0.0:119): avc: denied { search } for name="graphics" dev="tmpfs" ino=4627 scontext=u:r:untrusted_app:s0:c512,c768 tcontext=u:object_r:graphics_device:s0 tclass=dir permissive=0
05-25 03:23:17.795 17952 17973 I zygote  : android::hardware::configstore::V1_0::ISurfaceFlingerConfigs::hasWideColorDisplay retrieved: 0
05-25 03:23:17.795 17952 17973 I OpenGLRenderer: Initialized EGL, version 1.4
05-25 03:23:17.795 17952 17973 D OpenGLRenderer: Swap behavior 1
05-25 03:23:17.806  1386  2169 E SurfaceFlinger: ro.sf.lcd_density must be defined as a build property
05-25 03:23:18.700 17952 17963 I zygote  : Background concurrent copying GC freed 10653(3MB) AllocSpace objects, 0(0B) LOS objects, 49% free, 1553KB/3MB, paused 4.194ms total 298.696ms
05-25 03:23:20.333 17952 17973 D gralloc_ranchu: Emulator without host-side GPU emulation detected. Loading gralloc.default.so from /vendor/lib/hw/gralloc.goldfish.default.so...
05-25 03:23:20.377 14295 14438 E TaskPersister: File error accessing recents directory (directory doesn't exist?).
05-25 03:23:20.537 17952 17952 I Choreographer: Skipped 141 frames!  The application may be doing too much work on its main thread.
05-25 03:23:20.540 14295 14355 I ActivityManager: Displayed splitsound.com.splitsound/.DrawerActivityTest: +3s727ms
05-25 03:23:20.758 17952 17952 D LifecycleMonitor: Lifecycle status change: splitsound.com.splitsound.DrawerActivityTest@ba8badf in: PAUSED
05-25 03:23:20.823 17952 17957 I zygote  : Do partial code cache collection, code=14KB, data=30KB
05-25 03:23:20.823 17952 17957 I zygote  : After code cache collection, code=14KB, data=30KB
05-25 03:23:20.823 17952 17957 I zygote  : Increasing code cache capacity to 128KB
05-25 03:23:20.824 17952 17957 I zygote  : Do partial code cache collection, code=14KB, data=38KB
05-25 03:23:20.824 17952 17957 I zygote  : After code cache collection, code=14KB, data=38KB
05-25 03:23:20.824 17952 17957 I zygote  : Increasing code cache capacity to 256KB
05-25 03:23:20.824 17952 17957 I zygote  : JIT allocated 56KB for compiled code of void android.view.View.<init>(android.content.Context, android.util.AttributeSet, int, int)
05-25 03:23:21.017  1379  1379 W hw-IPCThreadState: All binder threads in pool (2 threads) busy for 111 ms
05-25 03:23:21.068 14295 14905 W zygote  : Long monitor contention with owner Binder:14295_8 (14892) at void com.android.server.wm.WindowManagerService.continueSurfaceLayout()(WindowManagerService.java:2951) waiters=1 in int com.android.server.wm.WindowManagerService.relayoutWindow(com.android.server.wm.Session, android.view.IWindow, int, android.view.WindowManager$LayoutParams, int, int, int, int, android.graphics.Rect, android.graphics.Rect, android.graphics.Rect, android.graphics.Rect, android.graphics.Rect, android.graphics.Rect, android.graphics.Rect, android.util.MergedConfiguration, android.view.Surface) for 253ms
05-25 03:23:21.072 14295 14379 W zygote  : Long monitor contention with owner Binder:14295_8 (14892) at void com.android.server.wm.WindowManagerService.continueSurfaceLayout()(WindowManagerService.java:2951) waiters=2 in void com.android.server.wm.WindowSurfacePlacer.lambda$-com_android_server_wm_WindowSurfacePlacer_5337() for 249ms
05-25 03:23:21.126 14295 17718 W zygote  : Long monitor contention with owner Binder:14295_E (15139) at boolean com.android.server.am.ActivityManagerService.finishActivity(android.os.IBinder, int, android.content.Intent, int)(ActivityManagerService.java:5034) waiters=3 in boolean com.android.server.am.ActivityManagerService.unbindService(android.app.IServiceConnection) for 364ms
05-25 03:23:21.134 14295 14329 W zygote  : Long monitor contention with owner Binder:14295_8 (14892) at void com.android.server.am.ActivityManagerService.activityPaused(android.os.IBinder)(ActivityManagerService.java:7438) waiters=2 in void com.android.server.am.ActivityManagerService.dispatchUidsChanged() for 319ms
05-25 03:23:21.134 14295 14329 W Looper  : Dispatch took 377ms on android.ui, h=Handler (com.android.server.am.ActivityManagerService$UiHandler) {3aa9f1e} cb=null msg=53
05-25 03:23:21.240 14295 14905 I ActivityManager: Activity reported stop, but no longer stopping: ActivityRecord{51a4238 u0 com.google.android.apps.nexuslauncher/.NexusLauncherActivity t10}
05-25 03:23:21.309 14941 14941 I MicroDetectionWorker: #updateMicroDetector [detectionMode: [mDetectionMode: [1]]]
05-25 03:23:21.309 14941 14941 I MicroDetectionWorker: #startMicroDetector [speakerMode: 0]
05-25 03:23:21.309 14941 14941 I AudioController: Using mInputStreamFactoryBuilder
05-25 03:23:21.310 14941 14941 I MicroDetectionWorker: onReady
05-25 03:23:21.315 14941 15547 I MicroRecognitionRunner: Starting detection.
05-25 03:23:21.579 14788 15400 W GCoreFlp: No location to return for getLastLocation()
05-25 03:23:21.598 14941 15097 I MicrophoneInputStream: mic_starting com.google.android.apps.gsa.staticplugins.aa.c@1e1487d
05-25 03:23:21.601 14277 16524 E AudioFlinger: not enough memory for AudioTrack size=131296
05-25 03:23:21.601 14277 16524 D MemoryDealer:   AudioTrack (0xec8f7290, size=4194304)
05-25 03:23:21.601 14277 16524 D MemoryDealer:     0: 0xec8f72a0 | 0x00000000 | 0x000200E0 | A 
05-25 03:23:21.601 14277 16524 D MemoryDealer:     1: 0xec8f72c0 | 0x000200E0 | 0x000200E0 | A 
05-25 03:23:21.601 14277 16524 D MemoryDealer:     2: 0xec8f71d0 | 0x000401C0 | 0x000200E0 | A 
05-25 03:23:21.601 14277 16524 D MemoryDealer:     3: 0xec8f7660 | 0x000602A0 | 0x000200E0 | A 
05-25 03:23:21.601 14277 16524 D MemoryDealer:     4: 0xec8f7520 | 0x00080380 | 0x000200E0 | A 
05-25 03:23:21.601 14277 16524 D MemoryDealer:     5: 0xec8f7890 | 0x000A0460 | 0x000200E0 | A 
05-25 03:23:21.601 14277 16524 D MemoryDealer:     6: 0xec8f7a60 | 0x000C0540 | 0x000200E0 | A 
05-25 03:23:21.601 14277 16524 D MemoryDealer:     7: 0xec8f7c30 | 0x000E0620 | 0x000200E0 | A 
05-25 03:23:21.601 14277 16524 D MemoryDealer:     8: 0xec8f7d50 | 0x00100700 | 0x000200E0 | A 
05-25 03:23:21.601 14277 16524 D MemoryDealer:     9: 0xec8f7fa0 | 0x001207E0 | 0x000200E0 | A 
05-25 03:23:21.601 14277 16524 D MemoryDealer:    10: 0xebeff130 | 0x001408C0 | 0x000200E0 | A 
05-25 03:23:21.601 14277 16524 D MemoryDealer:    11: 0xebeff300 | 0x001609A0 | 0x000200E0 | A 
05-25 03:23:21.601 14277 16524 D MemoryDealer:    12: 0xebeff440 | 0x00180A80 | 0x000200E0 | A 
05-25 03:23:21.601 14277 16524 D MemoryDealer:    13: 0xebeff690 | 0x001A0B60 | 0x000200E0 | A 
05-25 03:23:21.601 14277 16524 D MemoryDealer:    14: 0xec8f7d40 | 0x001C0C40 | 0x000200E0 | A 
05-25 03:23:21.601 14277 16524 D MemoryDealer:    15: 0xebeff970 | 0x001E0D20 | 0x000200E0 | A 
05-25 03:23:21.601 14277 16524 D MemoryDealer:    16: 0xebeffbc0 | 0x00200E00 | 0x000200E0 | A 
05-25 03:23:21.601 14277 16524 D MemoryDealer:    17: 0xebeffd30 | 0x00220EE0 | 0x000200E0 | A 
05-25 03:23:21.601 14277 16524 D MemoryDealer:    18: 0xebefff40 | 0x00240FC0 | 0x000200E0 | A 
05-25 03:23:21.601 14277 16524 D MemoryDealer:    19: 0xeba7e090 | 0x002610A0 | 0x000200E0 | A 
05-25 03:23:21.601 14277 16524 D MemoryDealer:    
05-25 03:23:21.601 14277 16524 E AudioFlinger: createRecordTrack_l() initCheck failed -12; no control block?
05-25 03:23:21.601 14941 15097 E AudioRecord: AudioFlinger could not create record track, status: -12
05-25 03:23:21.657 14277 17984 I AudioFlinger: AudioFlinger's thread 0xe93031c0 tid=17984 ready to run
05-25 03:23:21.659 14941 15097 E AudioRecord-JNI: Error creating AudioRecord instance: initialization check failed with status -12.
05-25 03:23:21.659 14941 15097 E android.media.AudioRecord: Error code -20 when initializing native AudioRecord object.
05-25 03:23:21.659 14941 15097 I MicrophoneInputStream: mic_started com.google.android.apps.gsa.staticplugins.aa.c@1e1487d
05-25 03:23:21.659 14941 15097 E ActivityThread: Failed to find provider info for com.google.android.apps.gsa.testing.ui.audio.recorded
05-25 03:23:21.719 14941 15097 I MicrophoneInputStream: mic_close com.google.android.apps.gsa.staticplugins.aa.c@1e1487d
05-25 03:23:21.719 14941 15547 I MicroRecognitionRunner: Detection finished
05-25 03:23:21.719 14941 15547 W ErrorReporter: reportError [type: 211, code: 524300]: Error reading from input stream
05-25 03:23:21.882 14941 15387 I MicroRecognitionRunner: Stopping hotword detection.
05-25 03:23:21.882 14941 15547 W ErrorProcessor: onFatalError, processing error from engine(4)
05-25 03:23:21.882 14941 15547 W ErrorProcessor: com.google.android.apps.gsa.shared.speech.b.g: Error reading from input stream
05-25 03:23:21.882 14941 15547 W ErrorProcessor: 	at com.google.android.apps.gsa.staticplugins.recognizer.j.a.a(SourceFile:28)
05-25 03:23:21.882 14941 15547 W ErrorProcessor: 	at com.google.android.apps.gsa.staticplugins.recognizer.j.b.run(SourceFile:15)
05-25 03:23:21.882 14941 15547 W ErrorProcessor: 	at java.util.concurrent.Executors$RunnableAdapter.call(Executors.java:457)
05-25 03:23:21.882 14941 15547 W ErrorProcessor: 	at java.util.concurrent.FutureTask.run(FutureTask.java:266)
05-25 03:23:21.882 14941 15547 W ErrorProcessor: 	at java.util.concurrent.Executors$RunnableAdapter.call(Executors.java:457)
05-25 03:23:21.882 14941 15547 W ErrorProcessor: 	at java.util.concurrent.FutureTask.run(FutureTask.java:266)
05-25 03:23:21.882 14941 15547 W ErrorProcessor: 	at com.google.android.apps.gsa.shared.util.concurrent.a.ag.run(Unknown Source:4)
05-25 03:23:21.882 14941 15547 W ErrorProcessor: 	at com.google.android.apps.gsa.shared.util.concurrent.a.bo.run(SourceFile:4)
05-25 03:23:21.882 14941 15547 W ErrorProcessor: 	at com.google.android.apps.gsa.shared.util.concurrent.a.bo.run(SourceFile:4)
05-25 03:23:21.882 14941 15547 W ErrorProcessor: 	at java.util.concurrent.ThreadPoolExecutor.runWorker(ThreadPoolExecutor.java:1162)
05-25 03:23:21.882 14941 15547 W ErrorProcessor: 	at java.util.concurrent.ThreadPoolExecutor$Worker.run(ThreadPoolExecutor.java:636)
05-25 03:23:21.882 14941 15547 W ErrorProcessor: 	at java.lang.Thread.run(Thread.java:764)
05-25 03:23:21.882 14941 15547 W ErrorProcessor: 	at com.google.android.apps.gsa.shared.util.concurrent.a.ak.run(SourceFile:6)
05-25 03:23:21.882 14941 15547 W ErrorProcessor: Caused by: com.google.android.apps.gsa.shared.exception.GsaIOException: Error code: 393238 | Buffer overflow, no available space.
05-25 03:23:21.882 14941 15547 W ErrorProcessor: 	at com.google.android.apps.gsa.speech.audio.Tee.f(SourceFile:103)
05-25 03:23:21.882 14941 15547 W ErrorProcessor: 	at com.google.android.apps.gsa.speech.audio.au.read(SourceFile:2)
05-25 03:23:21.882 14941 15547 W ErrorProcessor: 	at java.io.InputStream.read(InputStream.java:101)
05-25 03:23:21.882 14941 15547 W ErrorProcessor: 	at com.google.android.apps.gsa.speech.audio.ao.run(SourceFile:18)
05-25 03:23:21.882 14941 15547 W ErrorProcessor: 	at com.google.android.apps.gsa.speech.audio.an.run(SourceFile:2)
05-25 03:23:21.882 14941 15547 W ErrorProcessor: 	... 11 more
05-25 03:23:21.883 14941 15547 I AudioController: internalShutdown
05-25 03:23:21.912 17952 17968 I TestRunner: finished: useAppContext(splitsound.com.splitsound.MainActivityTest)
05-25 03:23:21.918 17890 17890 I MonitoringInstr: Activities that are still in CREATED to STOPPED: 0
05-25 03:23:21.921 17952 17952 I MonitoringInstr: Activities that are still in CREATED to STOPPED: 1
05-25 03:23:21.925 14941 14941 I MicroDetectionWorker: onReady
05-25 03:23:22.073  1379  1379 W hw-IPCThreadState: All binder threads in pool (2 threads) busy for 126 ms
05-25 03:23:22.074 17952 17968 I MonitoringInstr: Unstopped activity count: 1
05-25 03:23:22.160 17952 17968 I chatty  : uid=10085(u0_a85) splitsound.com.splitsound identical 2 lines
05-25 03:23:22.211 17952 17968 I MonitoringInstr: Unstopped activity count: 1
05-25 03:23:22.256 14941 14941 I MicroDetector: Keeping mic open: false
05-25 03:23:22.256 14941 14941 I MicroDetectionWorker: #onError(false)
05-25 03:23:22.256 14941 15098 I DeviceStateChecker: DeviceStateChecker cancelled
05-25 03:23:22.261 17952 17968 I MonitoringInstr: Unstopped activity count: 1
05-25 03:23:22.361 17952 17968 I MonitoringInstr: Unstopped activity count: 1
05-25 03:23:22.397 14876 15037 W OpenGLRenderer: Incorrectly called buildLayer on View: ShortcutAndWidgetContainer, destroying layer...
05-25 03:23:22.402 17952 17952 D LifecycleMonitor: Lifecycle status change: splitsound.com.splitsound.DrawerActivityTest@ba8badf in: STOPPED
05-25 03:23:22.469 17952 17968 I TestRunner: run finished: 1 tests, 0 failed, 0 ignored
05-25 03:23:22.473 17952 17968 I MonitoringInstr: waitForActivitiesToComplete() took: 0ms
05-25 03:23:22.473 14295 15139 I ActivityManager: Force stopping splitsound.com.splitsound appid=10085 user=0: finished inst
05-25 03:23:22.473 14295 15139 I ActivityManager: Killing 17952:splitsound.com.splitsound/u0a85 (adj 0): stop splitsound.com.splitsound
05-25 03:23:22.474 14295 17942 W Binder  : Outgoing transactions from this process must be FLAG_ONEWAY
05-25 03:23:22.474 14295 17942 W Binder  : java.lang.Throwable
05-25 03:23:22.474 14295 17942 W Binder  : 	at android.os.BinderProxy.transact(Binder.java:752)
05-25 03:23:22.474 14295 17942 W Binder  : 	at android.app.IInstrumentationWatcher$Stub$Proxy.instrumentationFinished(IInstrumentationWatcher.java:160)
05-25 03:23:22.474 14295 17942 W Binder  : 	at com.android.server.am.InstrumentationReporter$MyThread.run(InstrumentationReporter.java:86)
05-25 03:23:22.475 14295 14330 W zygote  : kill(-17952, 9) failed: No such process
05-25 03:23:22.476 17943 17943 D AndroidRuntime: Shutting down VM
05-25 03:23:22.553 14295 14330 W zygote  : kill(-17952, 9) failed: No such process
05-25 03:23:22.633 14295 14330 W zygote  : kill(-17952, 9) failed: No such process
05-25 03:23:22.662 17943 17985 W app_process: Thread attaching while runtime is shutting down: Binder:17943_3
05-25 03:23:22.662 17943 17985 I AndroidRuntime: NOTE: attach of thread 'Binder:17943_3' failed
05-25 03:23:22.676 14295 14330 W zygote  : kill(-17952, 9) failed: No such process
05-25 03:23:22.682 14295 14436 D OpenGLRenderer: HWUI GL Pipeline
05-25 03:23:22.693 14295 14295 W RenderThread: type=1400 audit(0.0:120): avc: denied { search } for name="graphics" dev="tmpfs" ino=4627 scontext=u:r:system_server:s0 tcontext=u:object_r:graphics_device:s0 tclass=dir permissive=0
05-25 03:23:22.697  1386  2169 E SurfaceFlinger: ro.sf.lcd_density must be defined as a build property
05-25 03:23:22.701 14295 17987 I zygote  : android::hardware::configstore::V1_0::ISurfaceFlingerConfigs::hasWideColorDisplay retrieved: 0
05-25 03:23:22.701 14295 17987 I OpenGLRenderer: Initialized EGL, version 1.4
05-25 03:23:22.701 14295 17987 D OpenGLRenderer: Swap behavior 1
05-25 03:23:22.767 14295 14330 W zygote  : kill(-17952, 9) failed: No such process
05-25 03:23:22.797  1386  2169 E SurfaceFlinger: ro.sf.lcd_density must be defined as a build property
05-25 03:23:22.806 14295 14330 W zygote  : kill(-17952, 9) failed: No such process
05-25 03:23:22.850 14295 14330 W zygote  : kill(-17952, 9) failed: No such process
05-25 03:23:22.860 14461 14475 I zygote  : NativeAlloc concurrent copying GC freed 9769(686KB) AllocSpace objects, 0(0B) LOS objects, 49% free, 5MB/10MB, paused 26us total 609.797ms
05-25 03:23:22.886 14295 14330 W zygote  : kill(-17952, 9) failed: No such process
05-25 03:23:22.923 14295 14295 W RenderThread: type=1400 audit(0.0:121): avc: denied { execmem } for scontext=u:r:system_server:s0 tcontext=u:r:system_server:s0 tclass=process permissive=0
05-25 03:23:23.033 14295 14295 I chatty  : uid=1000 system_server identical 2 lines
05-25 03:23:23.053 14295 14295 W RenderThread: type=1400 audit(0.0:124): avc: denied { execmem } for scontext=u:r:system_server:s0 tcontext=u:r:system_server:s0 tclass=process permissive=0
05-25 03:23:23.053 14295 17989 F libc    : Fatal signal 11 (SIGSEGV), code 2, fault addr 0xcb6e8050 in tid 17989 (RenderThread), pid 14295 (system_server)
05-25 03:23:23.069 14295 14355 W ActivityManager: setHasOverlayUi called on unknown pid: 17952
05-25 03:23:23.096 14295 14330 W zygote  : kill(-17952, 9) failed: No such process
05-25 03:23:23.096 14295 14330 I zygote  : Successfully killed process cgroup uid 10085 pid 17952 in 622ms
05-25 03:23:23.182 17992 17992 I crash_dump32: obtaining output fd from tombstoned, type: kDebuggerdTombstone
05-25 03:23:23.189  1513  1513 I /system/bin/tombstoned: received crash request for pid 14295
05-25 03:23:23.190 17992 17992 I crash_dump32: performing dump of process 14295 (target tid = 17989)
05-25 03:23:23.190 17992 17992 F DEBUG   : *** *** *** *** *** *** *** *** *** *** *** *** *** *** *** ***
05-25 03:23:23.190 17992 17992 F DEBUG   : Build fingerprint: 'google/sdk_gphone_x86/generic_x86:8.1.0/OSM1.180201.021/4741582:userdebug/dev-keys'
05-25 03:23:23.190 17992 17992 F DEBUG   : Revision: '0'
05-25 03:23:23.190 17992 17992 F DEBUG   : ABI: 'x86'
05-25 03:23:23.190 17992 17992 F DEBUG   : pid: 14295, tid: 17989, name: RenderThread  >>> system_server <<<
05-25 03:23:23.190 17992 17992 F DEBUG   : signal 11 (SIGSEGV), code 2 (SEGV_ACCERR), fault addr 0xcb6e8050
05-25 03:23:23.190 17992 17992 F DEBUG   :     eax cb87f1e8  ebx e3f4cc64  ecx c7ad2490  edx 00000002
05-25 03:23:23.190 17992 17992 F DEBUG   :     esi 00000003  edi 00000002
05-25 03:23:23.190 17992 17992 F DEBUG   :     xcs 00000023  xds 0000002b  xes 0000002b  xfs 0000006b  xss 0000002b
05-25 03:23:23.190 17992 17992 F DEBUG   :     eip cb6e8050  ebp cb87f808  esp cb87f1ac  flags 00010246
05-25 03:23:23.269 17992 17992 F DEBUG   : 
05-25 03:23:23.269 17992 17992 F DEBUG   : backtrace:
05-25 03:23:23.269 17992 17992 F DEBUG   :     #00 pc 00068050  [anon:libc_malloc:cb680000]
05-25 03:23:23.269 17992 17992 F DEBUG   :     #01 pc 000dfd3d  /vendor/lib/egl/libGLESv2_swiftshader.so (sw::Renderer::executeTask(int)+189)
05-25 03:23:23.269 17992 17992 F DEBUG   :     #02 pc 000dfa07  /vendor/lib/egl/libGLESv2_swiftshader.so (sw::Renderer::threadLoop(int)+103)
05-25 03:23:23.269 17992 17992 F DEBUG   :     #03 pc 000df98e  /vendor/lib/egl/libGLESv2_swiftshader.so (sw::Renderer::threadFunction(void*)+78)
05-25 03:23:23.269 17992 17992 F DEBUG   :     #04 pc 000ce064  /vendor/lib/egl/libGLESv2_swiftshader.so (sw::Thread::startFunction(void*)+84)
05-25 03:23:23.269 17992 17992 F DEBUG   :     #05 pc 00071445  /system/lib/libc.so (__pthread_start(void*)+53)
05-25 03:23:23.269 17992 17992 F DEBUG   :     #06 pc 000205db  /system/lib/libc.so (__start_thread+75)
05-25 03:23:23.269 17992 17992 F DEBUG   :     #07 pc 0001ec16  /system/lib/libc.so (__bionic_clone+70)
05-25 03:23:23.495 17988 17988 D AndroidRuntime: >>>>>> START com.android.internal.os.RuntimeInit uid 0 <<<<<<
05-25 03:23:23.651 17988 17988 W app_process: Unexpected CPU variant for X86 using defaults: x86
05-25 03:23:23.678 17988 17988 I app_process: The ClassLoaderContext is a special shared library.
05-25 03:23:23.853 17988 17988 D AndroidRuntime: Calling main entry com.android.commands.am.Am
05-25 03:23:27.262 14941 14941 I MicroDetectionWorker: #updateMicroDetector [detectionMode: [mDetectionMode: [1]]]
05-25 03:23:27.262 14941 14941 I MicroDetectionWorker: #startMicroDetector [speakerMode: 0]
05-25 03:23:27.262 14941 14941 I AudioController: Using mInputStreamFactoryBuilder
05-25 03:23:27.713  1513  1513 E /system/bin/tombstoned: Tombstone written to: /data/tombstones/tombstone_06
05-25 03:23:27.718 14295 14307 I zygote  : NativeAlloc concurrent copying GC freed 32426(2MB) AllocSpace objects, 14(600KB) LOS objects, 41% free, 8MB/14MB, paused 24us total 436.393ms
05-25 03:23:27.772 14941 14941 D AndroidRuntime: Shutting down VM
05-25 03:23:27.772 14941 14941 E AndroidRuntime: FATAL EXCEPTION: main
05-25 03:23:27.772 14941 14941 E AndroidRuntime: Process: com.google.android.googlequicksearchbox:search, PID: 14941
05-25 03:23:27.772 14941 14941 E AndroidRuntime: DeadSystemException: The system died; earlier logs will point to the root cause
05-25 03:23:27.773 14591 14591 I chatty  : uid=1001(radio) com.android.phone expire 2 lines
05-25 03:23:27.773 14591 14591 E AndroidRuntime: FATAL EXCEPTION: main
05-25 03:23:27.773 14591 14591 E AndroidRuntime: Process: com.android.phone, PID: 14591
05-25 03:23:27.773 14591 14591 E AndroidRuntime: DeadSystemException: The system died; earlier logs will point to the root cause
05-25 03:23:27.775 14941 14941 I Process : Sending signal. PID: 14941 SIG: 9
05-25 03:23:27.810 15063 15063 D AndroidRuntime: Shutting down VM
05-25 03:23:27.810 15063 15063 E AndroidRuntime: FATAL EXCEPTION: main
05-25 03:23:27.810 15063 15063 E AndroidRuntime: Process: com.google.android.gms, PID: 15063
05-25 03:23:27.810 15063 15063 E AndroidRuntime: DeadSystemException: The system died; earlier logs will point to the root cause
05-25 03:23:27.812 15063 15063 E BaseUncaughtHandler: Hit an exception while processing the UncaughtExceptionHandler. Original exception: 
05-25 03:23:27.812 15063 15063 E BaseUncaughtHandler: DeadSystemException: The system died; earlier logs will point to the root cause
05-25 03:23:27.813 15063 15063 E BaseUncaughtHandler: Hit an exception while processing the UncaughtExceptionHandler. Original exception: 
05-25 03:23:27.813 15063 15063 E BaseUncaughtHandler: DeadSystemException: The system died; earlier logs will point to the root cause
05-25 03:23:27.814 15063 15063 I Process : Sending signal. PID: 15063 SIG: 9
05-25 03:23:27.824  1385  1385 I lowmemorykiller: ActivityManager disconnected
05-25 03:23:27.824  1385  1385 I lowmemorykiller: Closing Activity Manager data connection
05-25 03:23:27.847 17988 17988 I app_process: System.exit called, status: 1
05-25 03:23:27.847 17988 17988 I AndroidRuntime: VM exiting with result code 1.
05-25 03:23:27.853  1318  1318 I ServiceManager: service 'connectivity' died
05-25 03:23:27.855  1318  1318 I ServiceManager: service 'servicediscovery' died
05-25 03:23:27.855  1318  1318 I ServiceManager: service 'updatelock' died
05-25 03:23:27.855  1318  1318 I ServiceManager: service 'notification' died
05-25 03:23:27.855  1318  1318 I ServiceManager: service 'devicestoragemonitor' died
05-25 03:23:27.855  1318  1318 I ServiceManager: service 'location' died
05-25 03:23:27.855  1318  1318 I ServiceManager: service 'country_detector' died
05-25 03:23:27.855  1318  1318 I ServiceManager: service 'search' died
05-25 03:23:27.855  1318  1318 I ServiceManager: service 'wallpaper' died
05-25 03:23:27.855  1318  1318 I ServiceManager: service 'audio' died
05-25 03:23:27.855  1318  1318 I ServiceManager: service 'DockObserver' died
05-25 03:23:27.855  1318  1318 I ServiceManager: service 'midi' died
05-25 03:23:27.855  1318  1318 I ServiceManager: service 'usb' died
05-25 03:23:27.855  1318  1318 I ServiceManager: service 'serial' died
05-25 03:23:27.855  1318  1318 I ServiceManager: service 'hardware_properties' died
05-25 03:23:27.855  1318  1318 I ServiceManager: service 'jobscheduler' died
05-25 03:23:27.855  1318  1318 I ServiceManager: service 'soundtrigger' died
05-25 03:23:27.855  1318  1318 I ServiceManager: service 'trust' died
05-25 03:23:27.855  1318  1318 I ServiceManager: service 'backup' died
05-25 03:23:27.855  1318  1318 I ServiceManager: service 'appwidget' died
05-25 03:23:27.855  1318  1318 I ServiceManager: service 'voiceinteraction' died
05-25 03:23:27.855  1318  1318 I ServiceManager: service 'diskstats' died
05-25 03:23:27.855  1318  1318 I ServiceManager: service 'network_time_update_service' died
05-25 03:23:27.855  1318  1318 I ServiceManager: service 'commontime_management' died
05-25 03:23:27.855  1318  1318 I ServiceManager: service 'dreams' died
05-25 03:23:27.855  1318  1318 I ServiceManager: service 'graphicsstats' died
05-25 03:23:27.855  1318  1318 I ServiceManager: service 'print' died
05-25 03:23:27.855  1318  1318 I ServiceManager: service 'restrictions' died
05-25 03:23:27.855  1318  1318 I ServiceManager: service 'media_session' died
05-25 03:23:27.855  1318  1318 I ServiceManager: service 'media_resource_monitor' died
05-25 03:23:27.855  1318  1318 I ServiceManager: service 'media_router' died
05-25 03:23:27.855  1318  1318 I ServiceManager: service 'fingerprint' died
05-25 03:23:27.855  1318  1318 I ServiceManager: service 'shortcut' died
05-25 03:23:27.855  1318  1318 I ServiceManager: service 'launcherapps' died
05-25 03:23:27.855  1318  1318 I ServiceManager: service 'media_projection' died
05-25 03:23:27.855  1318  1318 I ServiceManager: service 'media.camera.proxy' died
05-25 03:23:27.855  1318  1318 I ServiceManager: service 'autofill' died
05-25 03:23:27.855  1318  1318 I ServiceManager: service 'imms' died
05-25 03:23:27.855  1318  1318 I ServiceManager: service 'connmetrics' died
05-25 03:23:27.855  1318  1318 I ServiceManager: service 'netd_listener' died
05-25 03:23:27.855  1318  1318 I ServiceManager: service 'contexthub' died
05-25 03:23:27.855  1318  1318 I ServiceManager: service 'pinner' died
05-25 03:23:27.855  1318  1318 I ServiceManager: service 'input_method' died
05-25 03:23:27.855  1318  1318 I ServiceManager: service 'accessibility' died
05-25 03:23:27.855  1318  1318 I ServiceManager: service 'mount' died
05-25 03:23:27.855  1318  1318 I ServiceManager: service 'storagestats' died
05-25 03:23:27.855  1318  1318 I ServiceManager: service 'uimode' died
05-25 03:23:27.855  1318  1318 I ServiceManager: service 'lock_settings' died
05-25 03:23:27.855  1318  1318 I ServiceManager: service 'deviceidle' died
05-25 03:23:27.855  1318  1318 I ServiceManager: service 'device_policy' died
05-25 03:23:27.856  1318  1318 I ServiceManager: service 'statusbar' died
05-25 03:23:27.856  1318  1318 I ServiceManager: service 'clipboard' died
05-25 03:23:27.856  1318  1318 I ServiceManager: service 'wifi' died
05-25 03:23:27.856  1318  1318 I ServiceManager: service 'wifiscanner' died
05-25 03:23:27.856  1318  1318 I ServiceManager: service 'rttmanager' died
05-25 03:23:27.856  1318  1318 I ServiceManager: service 'telecom' died
05-25 03:23:27.856  1318  1318 I ServiceManager: service 'usagestats' died
05-25 03:23:27.856  1318  1318 I ServiceManager: service 'webviewupdate' died
05-25 03:23:27.856  1318  1318 I ServiceManager: service 'sec_key_att_app_id_provider' died
05-25 03:23:27.856  1318  1318 I ServiceManager: service 'overlay' died
05-25 03:23:27.856  1318  1318 I ServiceManager: service 'scheduling_policy' died
05-25 03:23:27.856  1318  1318 I ServiceManager: service 'telephony.registry' died
05-25 03:23:27.856  1318  1318 I ServiceManager: service 'account' died
05-25 03:23:27.856  1318  1318 I ServiceManager: service 'content' died
05-25 03:23:27.856  1318  1318 I ServiceManager: service 'settings' died
05-25 03:23:27.856  1318  1318 I ServiceManager: service 'vibrator' died
05-25 03:23:27.856  1318  1318 I ServiceManager: service 'consumer_ir' died
05-25 03:23:27.856  1318  1318 I ServiceManager: service 'alarm' died
05-25 03:23:27.859  1386  1386 D SurfaceFlinger: Set power mode=2, type=0 flinger=0xe82c7000
05-25 03:23:27.859  1318  1318 I ServiceManager: service 'window' died
05-25 03:23:27.859  1318  1318 I ServiceManager: service 'input' died
05-25 03:23:27.860  1318  1318 I ServiceManager: service 'vrmanager' died
05-25 03:23:27.860  1318  1318 I ServiceManager: service 'netpolicy' died
05-25 03:23:27.860  1318  1318 I ServiceManager: service 'user' died
05-25 03:23:27.860  1318  1318 I ServiceManager: service 'otadexopt' died
05-25 03:23:27.860  1318  1318 I ServiceManager: service 'package_native' died
05-25 03:23:27.860  1318  1318 I ServiceManager: service 'package' died
05-25 03:23:27.860  1318  1318 I ServiceManager: service 'dropbox' died
05-25 03:23:27.860 14788 15391 W Sensors : sensorservice died [0xe5de4fc0]
05-25 03:23:27.860 14461 14760 W Sensors : sensorservice died [0xe5da9a40]
05-25 03:23:27.860  1318  1318 I ServiceManager: service 'sensorservice' died
05-25 03:23:27.861  1318  1318 I ServiceManager: service 'battery' died
05-25 03:23:27.861  1318  1318 I ServiceManager: service 'batterystats' died
05-25 03:23:27.861  1318  1318 I ServiceManager: service 'appops' died
05-25 03:23:27.861 14277 16524 W AudioFlinger: power manager service died !!!
05-25 03:23:27.864 14277 16524 I chatty  : uid=1041(audioserver) /system/bin/audioserver identical 30 lines
05-25 03:23:27.864 14277 16524 W AudioFlinger: power manager service died !!!
05-25 03:23:27.864  1318  1318 I ServiceManager: service 'power' died
05-25 03:23:27.864  1318  1318 I ServiceManager: service 'recovery' died
05-25 03:23:27.864  1318  1318 I ServiceManager: service 'display' died
05-25 03:23:27.864  1318  1318 I ServiceManager: service 'network_score' died
05-25 03:23:27.864  1318  1318 I ServiceManager: service 'procstats' died
05-25 03:23:27.864  1318  1318 I ServiceManager: service 'meminfo' died
05-25 03:23:27.864  1318  1318 I ServiceManager: service 'gfxinfo' died
05-25 03:23:27.864  1318  1318 I ServiceManager: service 'dbinfo' died
05-25 03:23:27.864  1318  1318 I ServiceManager: service 'netstats' died
05-25 03:23:27.864  1318  1318 I ServiceManager: service 'cpuinfo' died
05-25 03:23:27.864  1318  1318 I ServiceManager: service 'permission' died
05-25 03:23:27.864  1318  1318 I ServiceManager: service 'processinfo' died
05-25 03:23:27.864  1318  1318 I ServiceManager: service 'activity' died
05-25 03:23:27.864  1318  1318 I ServiceManager: service 'network_management' died
05-25 03:23:27.864  1318  1318 I ServiceManager: service 'device_identifiers' died
05-25 03:23:27.864  1318  1318 I ServiceManager: service 'textservices' died
05-25 03:23:27.939  1501  1966 I ServiceManager: Waiting for service package_native...
05-25 03:23:27.959  1386  1386 W SurfaceFlinger: couldn't log to binary event log: overflow.
05-25 03:23:27.960  1386  1386 W SurfaceFlinger: couldn't log to binary event log: overflow.
05-25 03:23:27.989 17890 17908 D TestRunResult: received test event without test start for splitsound.com.splitsound.TestActivity#useAppContext
05-25 03:23:27.994 17890 17908 I OrchestrationXmlTestRunListener: Created xml report file at /storage/emulated/0/odo/test_result_1480653771352863816.xml
05-25 03:23:27.996 17890 17908 I OrchestrationXmlTestRunListener: XML test result file generated at /storage/emulated/0/odo/test_result_1480653771352863816.xml. Total tests 2, failure 1, passed 1, 
05-25 03:23:28.018 17890 17908 D NetworkSecurityConfig: No Network Security Config specified, using platform default
05-25 03:23:28.019 17873 17873 I app_process: System.exit called, status: 1
05-25 03:23:28.019 17873 17873 I AndroidRuntime: VM exiting with result code 1.
05-25 03:23:28.029  1375  1375 W GnssHAL_GnssInterface: GNSS service noticed HIDL death. Stopping all GNSS operations.
05-25 03:23:28.031  1375 14737 E GnssHAL_GnssInterface: gpsSvStatusCb: Unable to invoke callback
05-25 03:23:28.032  1375 14737 E GnssHAL_GnssInterface: gpsSvStatusCb: Unable to invoke callback
05-25 03:23:28.036  1319  1319 E hw-IPCThreadState: attemptIncStrongHandle(32): Not supported
05-25 03:23:28.037  1319  1319 E hw-IPCThreadState: attemptIncStrongHandle(29): Not supported
05-25 03:23:28.046 14788 15391 W BinderNative: Uncaught exception from death notification
05-25 03:23:28.046 14788 15391 W BinderNative: DeadSystemException: The system died; earlier logs will point to the root cause
05-25 03:23:28.049 14277 16168 W AudioFlinger: Thread AudioIn_36 cannot connect to the power manager service
05-25 03:23:28.050 14277 16168 W AudioFlinger: Thread AudioIn_36 cannot connect to the power manager service
05-25 03:23:28.050 14277 16168 E AudioFlinger: no wake lock to update, but system ready!
05-25 03:23:28.053 14277 16217 W AudioFlinger: Thread AudioIn_3E cannot connect to the power manager service
05-25 03:23:28.053 14277 16217 W AudioFlinger: Thread AudioIn_3E cannot connect to the power manager service
05-25 03:23:28.053 14277 16217 E AudioFlinger: no wake lock to update, but system ready!
05-25 03:23:28.054 14277 16227 W AudioFlinger: Thread AudioIn_46 cannot connect to the power manager service
05-25 03:23:28.054 14277 16227 W AudioFlinger: Thread AudioIn_46 cannot connect to the power manager service
05-25 03:23:28.054 14277 16227 E AudioFlinger: no wake lock to update, but system ready!
05-25 03:23:28.055 14277 16279 W AudioFlinger: Thread AudioIn_4E cannot connect to the power manager service
05-25 03:23:28.055 14277 16279 W AudioFlinger: Thread AudioIn_4E cannot connect to the power manager service
05-25 03:23:28.055 14277 16279 E AudioFlinger: no wake lock to update, but system ready!
05-25 03:23:28.056 14277 16285 W AudioFlinger: Thread AudioIn_56 cannot connect to the power manager service
05-25 03:23:28.056 14277 16285 W AudioFlinger: Thread AudioIn_56 cannot connect to the power manager service
05-25 03:23:28.056 14277 16285 E AudioFlinger: no wake lock to update, but system ready!
05-25 03:23:28.057 14277 16289 W AudioFlinger: Thread AudioIn_5E cannot connect to the power manager service
05-25 03:23:28.057 14277 16289 W AudioFlinger: Thread AudioIn_5E cannot connect to the power manager service
05-25 03:23:28.057 14277 16289 E AudioFlinger: no wake lock to update, but system ready!
05-25 03:23:28.058 14277 16294 W AudioFlinger: Thread AudioIn_66 cannot connect to the power manager service
05-25 03:23:28.058 14277 16294 W AudioFlinger: Thread AudioIn_66 cannot connect to the power manager service
05-25 03:23:28.058 14277 16294 E AudioFlinger: no wake lock to update, but system ready!
05-25 03:23:28.058 14277 15396 W AudioFlinger: Thread AudioIn_1E cannot connect to the power manager service
05-25 03:23:28.058 14277 15396 W AudioFlinger: Thread AudioIn_1E cannot connect to the power manager service
05-25 03:23:28.058 14277 15396 E AudioFlinger: no wake lock to update, but system ready!
05-25 03:23:28.059 14277 16300 W AudioFlinger: Thread AudioIn_6E cannot connect to the power manager service
05-25 03:23:28.059 14277 16300 W AudioFlinger: Thread AudioIn_6E cannot connect to the power manager service
05-25 03:23:28.059 14277 16300 E AudioFlinger: no wake lock to update, but system ready!
05-25 03:23:28.060 14277 16304 W AudioFlinger: Thread AudioIn_76 cannot connect to the power manager service
05-25 03:23:28.060 14277 16304 W AudioFlinger: Thread AudioIn_76 cannot connect to the power manager service
05-25 03:23:28.060 14277 16304 E AudioFlinger: no wake lock to update, but system ready!
05-25 03:23:28.061 14277 16321 W AudioFlinger: Thread AudioIn_96 cannot connect to the power manager service
05-25 03:23:28.061 14277 16321 W AudioFlinger: Thread AudioIn_96 cannot connect to the power manager service
05-25 03:23:28.061 14277 16321 E AudioFlinger: no wake lock to update, but system ready!
05-25 03:23:28.063 14277 15540 W AudioFlinger: Thread AudioIn_26 cannot connect to the power manager service
05-25 03:23:28.063 14277 15540 W AudioFlinger: Thread AudioIn_26 cannot connect to the power manager service
05-25 03:23:28.063 14277 15540 E AudioFlinger: no wake lock to update, but system ready!
05-25 03:23:28.063 14277 16307 W AudioFlinger: Thread AudioIn_7E cannot connect to the power manager service
05-25 03:23:28.063 14277 16307 W AudioFlinger: Thread AudioIn_7E cannot connect to the power manager service
05-25 03:23:28.063 14277 16307 E AudioFlinger: no wake lock to update, but system ready!
05-25 03:23:28.065 14277 16312 W AudioFlinger: Thread AudioIn_86 cannot connect to the power manager service
05-25 03:23:28.065 14277 16312 W AudioFlinger: Thread AudioIn_86 cannot connect to the power manager service
05-25 03:23:28.065 14277 16312 E AudioFlinger: no wake lock to update, but system ready!
05-25 03:23:28.065 14277 15886 W AudioFlinger: Thread AudioIn_2E cannot connect to the power manager service
05-25 03:23:28.065 14277 15886 W AudioFlinger: Thread AudioIn_2E cannot connect to the power manager service
05-25 03:23:28.065 14277 15886 E AudioFlinger: no wake lock to update, but system ready!
05-25 03:23:28.066 14277 16317 W AudioFlinger: Thread AudioIn_8E cannot connect to the power manager service
05-25 03:23:28.066 14277 16317 W AudioFlinger: Thread AudioIn_8E cannot connect to the power manager service
05-25 03:23:28.066 14277 16317 E AudioFlinger: no wake lock to update, but system ready!
05-25 03:23:28.067 14277 16326 W AudioFlinger: Thread AudioIn_9E cannot connect to the power manager service
05-25 03:23:28.067 14277 16326 W AudioFlinger: Thread AudioIn_9E cannot connect to the power manager service
05-25 03:23:28.067 14277 16326 E AudioFlinger: no wake lock to update, but system ready!
05-25 03:23:28.067 14277 16329 W AudioFlinger: Thread AudioIn_A6 cannot connect to the power manager service
05-25 03:23:28.068 14277 16329 W AudioFlinger: Thread AudioIn_A6 cannot connect to the power manager service
05-25 03:23:28.068 14277 16329 E AudioFlinger: no wake lock to update, but system ready!
05-25 03:23:28.069 14277 16334 W AudioFlinger: Thread AudioIn_AE cannot connect to the power manager service
05-25 03:23:28.069 14277 16334 W AudioFlinger: Thread AudioIn_AE cannot connect to the power manager service
05-25 03:23:28.069 14277 16334 E AudioFlinger: no wake lock to update, but system ready!
05-25 03:23:28.070 14277 16337 W AudioFlinger: Thread AudioIn_B6 cannot connect to the power manager service
05-25 03:23:28.070 14277 16337 W AudioFlinger: Thread AudioIn_B6 cannot connect to the power manager service
05-25 03:23:28.070 14277 16337 E AudioFlinger: no wake lock to update, but system ready!
05-25 03:23:28.071 14277 16341 W AudioFlinger: Thread AudioIn_BE cannot connect to the power manager service
05-25 03:23:28.071 14277 16341 W AudioFlinger: Thread AudioIn_BE cannot connect to the power manager service
05-25 03:23:28.071 14277 16341 E AudioFlinger: no wake lock to update, but system ready!
05-25 03:23:28.073 14277 16344 W AudioFlinger: Thread AudioIn_C6 cannot connect to the power manager service
05-25 03:23:28.073 14277 16344 W AudioFlinger: Thread AudioIn_C6 cannot connect to the power manager service
05-25 03:23:28.073 14277 16344 E AudioFlinger: no wake lock to update, but system ready!
05-25 03:23:28.073 14277 16350 W AudioFlinger: Thread AudioIn_CE cannot connect to the power manager service
05-25 03:23:28.073 14277 16350 W AudioFlinger: Thread AudioIn_CE cannot connect to the power manager service
05-25 03:23:28.073 14277 16350 E AudioFlinger: no wake lock to update, but system ready!
05-25 03:23:28.075 14277 16353 W AudioFlinger: Thread AudioIn_D6 cannot connect to the power manager service
05-25 03:23:28.075 14277 16353 W AudioFlinger: Thread AudioIn_D6 cannot connect to the power manager service
05-25 03:23:28.075 14277 16353 E AudioFlinger: no wake lock to update, but system ready!
05-25 03:23:28.075 14277 16356 W AudioFlinger: Thread AudioIn_DE cannot connect to the power manager service
05-25 03:23:28.075 14277 16356 W AudioFlinger: Thread AudioIn_DE cannot connect to the power manager service
05-25 03:23:28.075 14277 16356 E AudioFlinger: no wake lock to update, but system ready!
05-25 03:23:28.076 14277 16361 W AudioFlinger: Thread AudioIn_E6 cannot connect to the power manager service
05-25 03:23:28.076 14277 16361 W AudioFlinger: Thread AudioIn_E6 cannot connect to the power manager service
05-25 03:23:28.076 14277 16361 E AudioFlinger: no wake lock to update, but system ready!
05-25 03:23:28.077 14277 16366 W AudioFlinger: Thread AudioIn_EE cannot connect to the power manager service
05-25 03:23:28.078 14277 16366 W AudioFlinger: Thread AudioIn_EE cannot connect to the power manager service
05-25 03:23:28.078 14277 16366 E AudioFlinger: no wake lock to update, but system ready!
05-25 03:23:28.078 14277 16406 W AudioFlinger: Thread AudioIn_F6 cannot connect to the power manager service
05-25 03:23:28.078 14277 16406 W AudioFlinger: Thread AudioIn_F6 cannot connect to the power manager service
05-25 03:23:28.079 14277 16406 E AudioFlinger: no wake lock to update, but system ready!
05-25 03:23:28.079 14277 16411 W AudioFlinger: Thread AudioIn_FE cannot connect to the power manager service
05-25 03:23:28.079 14277 16411 W AudioFlinger: Thread AudioIn_FE cannot connect to the power manager service
05-25 03:23:28.079 14277 16411 E AudioFlinger: no wake lock to update, but system ready!
05-25 03:23:28.080 14277 16414 W AudioFlinger: Thread AudioIn_106 cannot connect to the power manager service
05-25 03:23:28.080 14277 16414 W AudioFlinger: Thread AudioIn_106 cannot connect to the power manager service
05-25 03:23:28.080 14277 16414 E AudioFlinger: no wake lock to update, but system ready!
05-25 03:23:28.081 14277 16435 W AudioFlinger: Thread AudioIn_10E cannot connect to the power manager service
05-25 03:23:28.081 14277 16435 W AudioFlinger: Thread AudioIn_10E cannot connect to the power manager service
05-25 03:23:28.081 14277 16435 E AudioFlinger: no wake lock to update, but system ready!
05-25 03:23:28.089 16367 16367 D AndroidRuntime: Shutting down VM
05-25 03:23:28.089 16367 16367 E AndroidRuntime: FATAL EXCEPTION: main
05-25 03:23:28.089 16367 16367 E AndroidRuntime: Process: com.google.android.apps.messaging, PID: 16367
05-25 03:23:28.089 16367 16367 E AndroidRuntime: DeadSystemException: The system died; earlier logs will point to the root cause
05-25 03:23:28.099  1318  1318 I ServiceManager: service 'isub' died
05-25 03:23:28.099  1318  1318 I ServiceManager: service 'simphonebook' died
05-25 03:23:28.099  1318  1318 I ServiceManager: service 'iphonesubinfo' died
05-25 03:23:28.099  1318  1318 I ServiceManager: service 'isms' died
05-25 03:23:28.099  1318  1318 I ServiceManager: service 'phone' died
05-25 03:23:28.099  1318  1318 I ServiceManager: service 'carrier_config' died
05-25 03:23:28.110 17845 17845 I app_process: System.exit called, status: 1
05-25 03:23:28.110 17845 17845 I AndroidRuntime: VM exiting with result code 1.
05-25 03:23:28.131 16367 16367 W CrashMetricService: Failed to get process stats.
05-25 03:23:28.131 16367 16367 W CrashMetricService: DeadSystemException: The system died; earlier logs will point to the root cause
05-25 03:23:28.137 14967 14967 D AndroidRuntime: Shutting down VM
05-25 03:23:28.137 14967 14967 E AndroidRuntime: FATAL EXCEPTION: main
05-25 03:23:28.137 14967 14967 E AndroidRuntime: Process: com.google.android.dialer, PID: 14967
05-25 03:23:28.137 14967 14967 E AndroidRuntime: DeadSystemException: The system died; earlier logs will point to the root cause
05-25 03:23:28.141 17855 17870 W BinderNative: Uncaught exception from death notification
05-25 03:23:28.141 17855 17870 W BinderNative: DeadSystemException: The system died; earlier logs will point to the root cause
05-25 03:23:28.144 14967 14967 E Dialer  : SilentCrashReporter.uncaughtException - sendSilentFeedback
05-25 03:23:28.145 14967 14967 E Dialer  : SilentCrashReporter.uncaughtException - java.lang.RuntimeException: android.os.DeadSystemException
05-25 03:23:28.145 14967 14967 E Dialer  : 	at android.app.ContextImpl.registerReceiverInternal(ContextImpl.java:1442)
05-25 03:23:28.145 14967 14967 E Dialer  : 	at android.app.ContextImpl.registerReceiver(ContextImpl.java:1394)
05-25 03:23:28.145 14967 14967 E Dialer  : 	at android.app.ContextImpl.registerReceiver(ContextImpl.java:1382)
05-25 03:23:28.145 14967 14967 E Dialer  : 	at android.content.ContextWrapper.registerReceiver(ContextWrapper.java:609)
05-25 03:23:28.145 14967 14967 E Dialer  : 	at dnv.a(Unknown Source:12)
05-25 03:23:28.145 14967 14967 E Dialer  : 	at dyz.a(Unknown Source:60)
05-25 03:23:28.145 14967 14967 E Dialer  : 	at dyk.a(Unknown Source:12)
05-25 03:23:28.145 14967 14967 E Dialer  : 	at dzh.onConnectionSuspended(Unknown Source:7)
05-25 03:23:28.145 14967 14967 E Dialer  : 	at dxw.onConnectionSuspended(Unknown Source:5)
05-25 03:23:28.145 14967 14967 E Dialer  : 	at dpt.a(Unknown Source:2)
05-25 03:23:28.145 14967 14967 E Dialer  : 	at dpv.handleMessage(Unknown Source:1)
05-25 03:23:28.145 14967 14967 E Dialer  : 	at android.os.Handler.dispatchMessage(Handler.java:106)
05-25 03:23:28.145 14967 14967 E Dialer  : 	at android.os.Looper.loop(Looper.java:164)
05-25 03:23:28.145 14967 14967 E Dialer  : 	at android.app.ActivityThread.main(ActivityThread.java:6494)
05-25 03:23:28.145 14967 14967 E Dialer  : 	at java.lang.reflect.Method.invoke(Native Method)
05-25 03:23:28.145 14967 14967 E Dialer  : 	at com.android.internal.os.RuntimeInit$MethodAndArgsCaller.run(RuntimeInit.java:438)
05-25 03:23:28.145 14967 14967 E Dialer  : 	at com.android.internal.os.ZygoteInit.main(ZygoteInit.java:807)
05-25 03:23:28.145 14967 14967 E Dialer  : Caused by: android.os.DeadSystemException
05-25 03:23:28.145 14967 14967 E Dialer  : 	... 17 more
05-25 03:23:28.145 14967 14967 I Dialer  : SilentCrashReporter.sendSilentFeedback - mApiClient was not connected in sendSilentFeedback
05-25 03:23:28.163 16367 16367 E Bugle   : Uncaught exception in primary thread Thread[main,5,main]
05-25 03:23:28.163 16367 16367 E Bugle   : java.lang.RuntimeException: android.os.DeadSystemException
05-25 03:23:28.163 16367 16367 E Bugle   : 	at android.app.ContextImpl.registerReceiverInternal(ContextImpl.java:1442)
05-25 03:23:28.163 16367 16367 E Bugle   : 	at android.app.ContextImpl.registerReceiver(ContextImpl.java:1394)
05-25 03:23:28.163 16367 16367 E Bugle   : 	at android.app.ContextImpl.registerReceiver(ContextImpl.java:1382)
05-25 03:23:28.163 16367 16367 E Bugle   : 	at android.content.ContextWrapper.registerReceiver(ContextWrapper.java:609)
05-25 03:23:28.163 16367 16367 E Bugle   : 	at com.google.android.gms.common.b.a(Unknown Source:7)
