05-25 02:28:00.012  6547  6547 D Zygote32Timing: PostZygoteInitGC took to complete: 18ms
05-25 02:28:00.012  6547  6547 D Zygote32Timing: ZygoteInit took to complete: 574ms
05-25 02:28:00.085  6556  6556 I wificond: wificond is starting up...
05-25 02:28:00.255  6559  6559 I chatty  : uid=1000 system_server expire 508 lines
05-25 02:28:00.719  6559  6597 I chatty  : uid=1000 system_server expire 11 lines
05-25 02:28:00.739  6559  6606 I chatty  : uid=1000 system_server expire 34 lines
05-25 02:28:00.747  6559  6607 I chatty  : uid=1000 system_server expire 6 lines
05-25 02:28:00.781  6559  6609 I chatty  : uid=1000 system_server expire 6 lines
05-25 02:28:00.850  6559  6614 I chatty  : uid=1000 system_server expire 22 lines
05-25 02:28:00.870  6559  6616 I chatty  : uid=1000 system_server expire 2 lines
05-25 02:28:01.439  6559  6646 I chatty  : uid=1000 system_server expire 12 lines
05-25 02:28:01.718  6559  6648 I chatty  : uid=1000 system_server expire 4 lines
05-25 02:28:01.740  6559  6650 I chatty  : uid=1000 system_server expire 5 lines
05-25 02:28:01.746  6559  6649 I chatty  : uid=1000 system_server expire 7 lines
05-25 02:28:01.953  6559  6601 I chatty  : uid=1000 system_server expire 10 lines
05-25 02:28:01.983  6559  6665 I chatty  : uid=1000 system_server expire 16 lines
05-25 02:28:01.991  6559  6666 I chatty  : uid=1000 system_server expire 15 lines
05-25 02:28:02.033  6559  6661 I chatty  : uid=1000 system_server expire 2 lines
05-25 02:28:02.086  6559  6669 I chatty  : uid=1000 system_server expire 1 line
05-25 02:28:02.110  6559  6672 I chatty  : uid=1000 system_server expire 1 line
05-25 02:28:02.370  6559  6697 I chatty  : uid=1000 system_server expire 1 line
05-25 02:28:02.482  1380  1380 I android.hardware.wifi@1.0-service: Legacy HAL stop complete callback received
05-25 02:28:02.499  6559  6619 I chatty  : uid=1000 system_server expire 5 lines
05-25 02:28:02.684  1380  1380 I android.hardware.wifi@1.0-service: Wifi HAL stopped
05-25 02:28:02.810  1322  1333 D vold    : e4crypt_unlock_user_key 0 serial=0 token_present=0
05-25 02:28:02.811  6559  6667 I chatty  : uid=1000 system_server expire 3 lines
05-25 02:28:02.833  6559  6612 I chatty  : uid=1000 system_server expire 3 lines
05-25 02:28:02.994  6559  6671 I chatty  : uid=1000 system_server expire 7 lines
05-25 02:28:03.614  1380  1380 I android.hardware.wifi@1.0-service: Wifi HAL started
05-25 02:28:04.073  1380  1380 E android.hardware.wifi@1.0-service: Failed to set DFS flag; DFS channels may be unavailable.
05-25 02:28:04.247  6556  6556 I wificond: create scanner for interface with index: 3
05-25 02:28:04.247  6556  6556 I wificond: subscribe scan result for interface with index: 3
05-25 02:28:04.389  6556  6556 E wificond: No Offload Service available
05-25 02:28:04.389  6556  6556 I wificond: Offload HAL not supported 
05-25 02:28:04.878  6714  6714 D SystemUIBootTiming: StartServicesDependency took to complete: 94ms
05-25 02:28:05.019  6714  6714 D SystemUIBootTiming: StartServicesNotificationChannels took to complete: 141ms
05-25 02:28:05.021  6714  6714 D SystemUIBootTiming: StartServicesCommandQueueStart took to complete: 0ms
05-25 02:28:05.179  1322  1332 V vold    : Waiting for FUSE to spin up...
05-25 02:28:05.229  1322  1332 V vold    : Waiting for FUSE to spin up...
05-25 02:28:05.280  1322  1332 V vold    : Waiting for FUSE to spin up...
05-25 02:28:05.330  1322  1332 V vold    : Waiting for FUSE to spin up...
05-25 02:28:05.951  6714  6714 D SystemUIBootTiming: StartServicesKeyguardViewMediator took to complete: 929ms
05-25 02:28:07.093  6559  6918 I chatty  : uid=1000 system_server expire 1 line
05-25 02:28:07.125  6559  6919 I chatty  : uid=1000 system_server expire 1 line
05-25 02:28:07.144  6559  6921 I chatty  : uid=1000 system_server expire 1 line
05-25 02:28:07.158  6714  6714 D SystemUIBootTiming: StartServicesRecents took to complete: 1207ms
05-25 02:28:07.160  6559  6828 I chatty  : uid=1000 system_server expire 6 lines
05-25 02:28:07.583  6559  6684 I chatty  : uid=1000 system_server expire 12 lines
05-25 02:28:08.029  6861  6942 F libc    : Fatal signal 6 (SIGABRT), code -6 in tid 6942 (HwBinder:6861_1), pid 6861 (m.android.phone)
05-25 02:28:09.221  6964  6964 F DEBUG   : *** *** *** *** *** *** *** *** *** *** *** *** *** *** *** ***
05-25 02:28:09.221  6964  6964 F DEBUG   : Build fingerprint: 'google/sdk_gphone_x86/generic_x86:8.1.0/OSM1.180201.021/4741582:userdebug/dev-keys'
05-25 02:28:09.221  6964  6964 F DEBUG   : Revision: '0'
05-25 02:28:09.221  6964  6964 F DEBUG   : ABI: 'x86'
05-25 02:28:09.221  6964  6964 F DEBUG   : pid: 6861, tid: 6942, name: HwBinder:6861_1  >>> com.android.phone <<<
05-25 02:28:09.221  6964  6964 F DEBUG   : signal 6 (SIGABRT), code -6 (SI_TKILL), fault addr --------
05-25 02:28:09.222  6964  6964 F DEBUG   : Abort message: 'java_vm_ext.cc:534] JNI DETECTED ERROR IN APPLICATION: input is not valid Modified UTF-8: illegal continuation byte 0xd1'
05-25 02:28:09.222  6964  6964 F DEBUG   :     eax 00000000  ebx 00001acd  ecx 00001b1e  edx 00000006
05-25 02:28:09.222  6964  6964 F DEBUG   :     esi dab1a800  edi 00001acd
05-25 02:28:09.222  6964  6964 F DEBUG   :     xcs 00000023  xds 0000002b  xes 0000002b  xfs 0000006b  xss 0000002b
05-25 02:28:09.222  6964  6964 F DEBUG   :     eip e88c7af0  ebp 9e827d7b  esp c7f7b208  flags 00000296
05-25 02:28:09.502  6714  6714 D SystemUIBootTiming: StartServicesVolumeUI took to complete: 2280ms
05-25 02:28:09.736  6714  6714 D SystemUIBootTiming: StartServicesDivider took to complete: 234ms
05-25 02:28:10.636  6964  6964 F DEBUG   : 
05-25 02:28:10.636  6964  6964 F DEBUG   : backtrace:
05-25 02:28:10.636  6964  6964 F DEBUG   :     #00 pc 00000af0  [vdso:e88c7000] (__kernel_vsyscall+16)
05-25 02:28:10.636  6964  6964 F DEBUG   :     #01 pc 0001edf8  /system/lib/libc.so (syscall+40)
05-25 02:28:10.636  6964  6964 F DEBUG   :     #02 pc 0001f073  /system/lib/libc.so (abort+115)
05-25 02:28:10.636  6964  6964 F DEBUG   :     #03 pc 0054d4fb  /system/lib/libart.so (art::Runtime::Abort(char const*)+603)
05-25 02:28:10.636  6964  6964 F DEBUG   :     #04 pc 0011fb23  /system/lib/libart.so (_ZNSt3__110__function6__funcIPFvPKcENS_9allocatorIS5_EES4_EclEOS3_+35)
05-25 02:28:10.636  6964  6964 F DEBUG   :     #05 pc 0065f2eb  /system/lib/libart.so (android::base::LogMessage::~LogMessage()+1051)
05-25 02:28:10.637  6964  6964 F DEBUG   :     #06 pc 0039550f  /system/lib/libart.so (art::JavaVMExt::JniAbort(char const*, char const*)+1951)
05-25 02:28:10.637  6964  6964 F DEBUG   :     #07 pc 003956c1  /system/lib/libart.so (art::JavaVMExt::JniAbortV(char const*, char const*, char*)+113)
05-25 02:28:10.637  6964  6964 F DEBUG   :     #08 pc 0014f207  /system/lib/libart.so (art::ScopedCheck::AbortF(char const*, ...)+71)
05-25 02:28:10.637  6964  6964 F DEBUG   :     #09 pc 0014f7c8  /system/lib/libart.so (art::ScopedCheck::CheckUtfString(char const*, bool)+872)
05-25 02:28:10.637  6964  6964 F DEBUG   :     #10 pc 0014f16f  /system/lib/libart.so (art::ScopedCheck::CheckNonHeapValue(char, art::JniValueType)+111)
05-25 02:28:10.637  6964  6964 F DEBUG   :     #11 pc 0014dc1a  /system/lib/libart.so (art::ScopedCheck::CheckPossibleHeapValue(art::ScopedObjectAccess&, char, art::JniValueType)+122)
05-25 02:28:10.637  6964  6964 F DEBUG   :     #12 pc 0014cf85  /system/lib/libart.so (art::ScopedCheck::Check(art::ScopedObjectAccess&, bool, char const*, art::JniValueType*)+853)
05-25 02:28:10.637  6964  6964 F DEBUG   :     #13 pc 00142141  /system/lib/libart.so (art::CheckJNI::NewStringUTF(_JNIEnv*, char const*)+913)
05-25 02:28:10.637  6964  6964 F DEBUG   :     #14 pc 000d984c  /system/lib/libandroid_runtime.so (JHwBlob_native_getString(_JNIEnv*, _jobject*, long long)+156)
05-25 02:28:10.637  6964  6964 F DEBUG   :     #15 pc 007d5130  /system/framework/x86/boot-framework.oat (offset 0x606000) (android.app.NativeActivity.onSaveInstanceStateNative [DEDUPED]+128)
05-25 02:28:10.637  6964  6964 F DEBUG   :     #16 pc 000cc297  /system/framework/x86/boot-telephony-common.oat (offset 0xba000) (android.hardware.radio.V1_0.HardwareConfig.readEmbeddedFromParcel+103)
05-25 02:28:10.637  6964  6964 F DEBUG   :     #17 pc 000cbc26  /system/framework/x86/boot-telephony-common.oat (offset 0xba000) (android.hardware.radio.V1_0.HardwareConfig.readVectorFromParcel+438)
05-25 02:28:10.637  6964  6964 F DEBUG   :     #18 pc 00642432  /system/lib/libart.so (art_quick_invoke_static_stub+418)
05-25 02:28:10.637  6964  6964 F DEBUG   :     #19 pc 001160f9  /system/lib/libart.so (art::ArtMethod::Invoke(art::Thread*, unsigned int*, unsigned int, art::JValue*, char const*)+265)
05-25 02:28:10.637  6964  6964 F DEBUG   :     #20 pc 0032153f  /system/lib/libart.so (art::interpreter::ArtInterpreterToCompiledCodeBridge(art::Thread*, art::ArtMethod*, art::ShadowFrame*, unsigned short, art::JValue*)+335)
05-25 02:28:10.637  6964  6964 F DEBUG   :     #21 pc 0031b82b  /system/lib/libart.so (_ZN3art11interpreter6DoCallILb1ELb0EEEbPNS_9ArtMethodEPNS_6ThreadERNS_11ShadowFrameEPKNS_11InstructionEtPNS_6JValueE+699)
05-25 02:28:10.638  6964  6964 F DEBUG   :     #22 pc 0062b1b6  /system/lib/libart.so (MterpInvokeStaticRange+198)
05-25 02:28:10.638  6964  6964 F DEBUG   :     #23 pc 00633721  /system/lib/libart.so (artMterpAsmInstructionStart+15265)
05-25 02:28:10.638  6964  6964 F DEBUG   :     #24 pc 002f3a2b  /system/lib/libart.so (art::interpreter::Execute(art::Thread*, art::DexFile::CodeItem const*, art::ShadowFrame&, art::JValue, bool)+539)
05-25 02:28:10.638  6964  6964 F DEBUG   :     #25 pc 002fa1cb  /system/lib/libart.so (art::interpreter::EnterInterpreterFromEntryPoint(art::Thread*, art::DexFile::CodeItem const*, art::ShadowFrame*)+139)
05-25 02:28:10.638  6964  6964 F DEBUG   :     #26 pc 006179bf  /system/lib/libart.so (artQuickToInterpreterBridge+1311)
05-25 02:28:10.638  6964  6964 F DEBUG   :     #27 pc 0064832d  /system/lib/libart.so (art_quick_to_interpreter_bridge+77)
05-25 02:28:10.638  6964  6964 F DEBUG   :     #28 pc 00642262  /system/lib/libart.so (art_quick_invoke_stub+338)
05-25 02:28:10.638  6964  6964 F DEBUG   :     #29 pc 001160cf  /system/lib/libart.so (art::ArtMethod::Invoke(art::Thread*, unsigned int*, unsigned int, art::JValue*, char const*)+223)
05-25 02:28:10.638  6964  6964 F DEBUG   :     #30 pc 00544d6b  /system/lib/libart.so (art::InvokeWithArgArray(art::ScopedObjectAccessAlreadyRunnable const&, art::ArtMethod*, art::ArgArray*, art::JValue*, char const*)+91)
05-25 02:28:10.638  6964  6964 F DEBUG   :     #31 pc 0054675c  /system/lib/libart.so (art::InvokeVirtualOrInterfaceWithVarArgs(art::ScopedObjectAccessAlreadyRunnable const&, _jobject*, _jmethodID*, char*)+796)
05-25 02:28:10.638  6964  6964 F DEBUG   :     #32 pc 003f5ee4  /system/lib/libart.so (art::JNI::CallVoidMethodV(_JNIEnv*, _jobject*, _jmethodID*, char*)+964)
05-25 02:28:10.638  6964  6964 F DEBUG   :     #33 pc 00151d0e  /system/lib/libart.so (art::CheckJNI::CallMethodV(char const*, _JNIEnv*, _jobject*, _jclass*, _jmethodID*, char*, art::Primitive::Type, art::InvokeType)+1694)
05-25 02:28:10.639  6964  6964 F DEBUG   :     #34 pc 0013df2b  /system/lib/libart.so (art::CheckJNI::CallVoidMethodV(_JNIEnv*, _jobject*, _jmethodID*, char*)+75)
05-25 02:28:10.639  6964  6964 F DEBUG   :     #35 pc 00087d2e  /system/lib/libandroid_runtime.so (_JNIEnv::CallVoidMethod(_jobject*, _jmethodID*, ...)+62)
05-25 02:28:10.639  6964  6964 F DEBUG   :     #36 pc 000d65cc  /system/lib/libandroid_runtime.so (android::JHwBinder::onTransact(unsigned int, android::hardware::Parcel const&, android::hardware::Parcel*, unsigned int, std::__1::function<void (android::hardware::Parcel&)>)+412)
05-25 02:28:10.639  6964  6964 F DEBUG   :     #37 pc 0000ea96  /system/lib/libhwbinder.so (android::hardware::BHwBinder::transact(unsigned int, android::hardware::Parcel const&, android::hardware::Parcel*, unsigned int, std::__1::function<void (android::hardware::Parcel&)>)+102)
05-25 02:28:10.639  6964  6964 F DEBUG   :     #38 pc 0001328c  /system/lib/libhwbinder.so (android::hardware::IPCThreadState::executeCommand(int)+796)
05-25 02:28:10.639  6964  6964 F DEBUG   :     #39 pc 00012e62  /system/lib/libhwbinder.so (android::hardware::IPCThreadState::getAndExecuteCommand()+178)
05-25 02:28:10.639  6964  6964 F DEBUG   :     #40 pc 00013761  /system/lib/libhwbinder.so (android::hardware::IPCThreadState::joinThreadPool(bool)+81)
05-25 02:28:10.639  6964  6964 F DEBUG   :     #41 pc 00020649  /system/lib/libhwbinder.so (android::hardware::PoolThread::threadLoop()+41)
05-25 02:28:10.640  6964  6964 F DEBUG   :     #42 pc 00010426  /system/lib/libutils.so (android::Thread::_threadLoop(void*)+326)
05-25 02:28:10.640  6964  6964 F DEBUG   :     #43 pc 0007870b  /system/lib/libandroid_runtime.so (android::AndroidRuntime::javaThreadShell(void*)+171)
05-25 02:28:10.640  6964  6964 F DEBUG   :     #44 pc 0000fd86  /system/lib/libutils.so (thread_data_t::trampoline(thread_data_t const*)+246)
05-25 02:28:10.640  6964  6964 F DEBUG   :     #45 pc 00071445  /system/lib/libc.so (__pthread_start(void*)+53)
05-25 02:28:10.640  6964  6964 F DEBUG   :     #46 pc 000205db  /system/lib/libc.so (__start_thread+75)
05-25 02:28:10.640  6964  6964 F DEBUG   :     #47 pc 0001ec16  /system/lib/libc.so (__bionic_clone+70)
05-25 02:28:11.232  6559  6980 I chatty  : uid=1000 system_server expire 14 lines
05-25 02:28:11.503  6714  6714 I StatusBar: isKeyguardShowing() called before startKeyguard(), returning true
05-25 02:28:11.504  6714  6714 W StatusBar: isKeyguardSecure() called before startKeyguard(), returning false
05-25 02:28:11.504  6714  6714 W StatusBar: java.lang.Throwable
05-25 02:28:11.504  6714  6714 W StatusBar: 	at com.android.systemui.statusbar.phone.StatusBar.isKeyguardSecure(StatusBar.java:7551)
05-25 02:28:11.504  6714  6714 W StatusBar: 	at com.android.systemui.statusbar.phone.StatusBar.isCameraAllowedByAdmin(StatusBar.java:5436)
05-25 02:28:11.504  6714  6714 W StatusBar: 	at com.android.systemui.statusbar.phone.KeyguardBottomAreaView$DefaultRightButton.getIcon(KeyguardBottomAreaView.java:856)
05-25 02:28:11.504  6714  6714 W StatusBar: 	at com.android.systemui.statusbar.phone.KeyguardBottomAreaView.updateCameraVisibility(KeyguardBottomAreaView.java:382)
05-25 02:28:11.504  6714  6714 W StatusBar: 	at com.android.systemui.statusbar.phone.KeyguardBottomAreaView.setStatusBar(KeyguardBottomAreaView.java:351)
05-25 02:28:11.504  6714  6714 W StatusBar: 	at com.android.systemui.statusbar.phone.NotificationPanelView.setStatusBar(NotificationPanelView.java:252)
05-25 02:28:11.504  6714  6714 W StatusBar: 	at com.android.systemui.statusbar.phone.StatusBar.makeStatusBarView(StatusBar.java:1019)
05-25 02:28:11.504  6714  6714 W StatusBar: 	at com.android.systemui.statusbar.phone.StatusBar.addStatusBarWindow(StatusBar.java:3664)
05-25 02:28:11.504  6714  6714 W StatusBar: 	at com.android.systemui.statusbar.phone.StatusBar.createAndAddWindows(StatusBar.java:3660)
05-25 02:28:11.504  6714  6714 W StatusBar: 	at com.android.systemui.statusbar.phone.StatusBar.start(StatusBar.java:889)
05-25 02:28:11.504  6714  6714 W StatusBar: 	at com.google.android.systemui.statusbar.phone.StatusBarGoogle.start(StatusBarGoogle.java:56)
05-25 02:28:11.504  6714  6714 W StatusBar: 	at com.android.systemui.SystemBars.createStatusBarFromConfig(SystemBars.java:71)
05-25 02:28:11.504  6714  6714 W StatusBar: 	at com.android.systemui.SystemBars.start(SystemBars.java:42)
05-25 02:28:11.504  6714  6714 W StatusBar: 	at com.android.systemui.SystemUIApplication.startServicesIfNeeded(SystemUIApplication.java:215)
05-25 02:28:11.504  6714  6714 W StatusBar: 	at com.android.systemui.SystemUIApplication.startServicesIfNeeded(SystemUIApplication.java:164)
05-25 02:28:11.504  6714  6714 W StatusBar: 	at com.android.systemui.SystemUIService.onCreate(SystemUIService.java:33)
05-25 02:28:11.504  6714  6714 W StatusBar: 	at android.app.ActivityThread.handleCreateService(ActivityThread.java:3339)
05-25 02:28:11.504  6714  6714 W StatusBar: 	at android.app.ActivityThread.-wrap4(Unknown Source:0)
05-25 02:28:11.504  6714  6714 W StatusBar: 	at android.app.ActivityThread$H.handleMessage(ActivityThread.java:1677)
05-25 02:28:11.504  6714  6714 W StatusBar: 	at android.os.Handler.dispatchMessage(Handler.java:106)
05-25 02:28:11.504  6714  6714 W StatusBar: 	at android.os.Looper.loop(Looper.java:164)
05-25 02:28:11.504  6714  6714 W StatusBar: 	at android.app.ActivityThread.main(ActivityThread.java:6494)
05-25 02:28:11.504  6714  6714 W StatusBar: 	at java.lang.reflect.Method.invoke(Native Method)
05-25 02:28:11.504  6714  6714 W StatusBar: 	at com.android.internal.os.RuntimeInit$MethodAndArgsCaller.run(RuntimeInit.java:438)
05-25 02:28:11.504  6714  6714 W StatusBar: 	at com.android.internal.os.ZygoteInit.main(ZygoteInit.java:807)
05-25 02:28:11.564  6714  6714 I StatusBar: isKeyguardShowing() called before startKeyguard(), returning true
05-25 02:28:11.564  6714  6714 W StatusBar: isKeyguardSecure() called before startKeyguard(), returning false
05-25 02:28:11.564  6714  6714 W StatusBar: java.lang.Throwable
05-25 02:28:11.564  6714  6714 W StatusBar: 	at com.android.systemui.statusbar.phone.StatusBar.isKeyguardSecure(StatusBar.java:7551)
05-25 02:28:11.564  6714  6714 W StatusBar: 	at com.android.systemui.statusbar.phone.StatusBar.isCameraAllowedByAdmin(StatusBar.java:5436)
05-25 02:28:11.564  6714  6714 W StatusBar: 	at com.android.systemui.statusbar.phone.KeyguardBottomAreaView$DefaultRightButton.getIcon(KeyguardBottomAreaView.java:856)
05-25 02:28:11.564  6714  6714 W StatusBar: 	at com.android.systemui.statusbar.phone.KeyguardBottomAreaView.updateCameraVisibility(KeyguardBottomAreaView.java:382)
05-25 02:28:11.564  6714  6714 W StatusBar: 	at com.android.systemui.statusbar.phone.KeyguardBottomAreaView.setUserSetupComplete(KeyguardBottomAreaView.java:360)
05-25 02:28:11.564  6714  6714 W StatusBar: 	at com.android.systemui.statusbar.phone.NotificationPanelView.setUserSetupComplete(NotificationPanelView.java:2655)
05-25 02:28:11.564  6714  6714 W StatusBar: 	at com.android.systemui.statusbar.phone.StatusBar.makeStatusBarView(StatusBar.java:1162)
05-25 02:28:11.564  6714  6714 W StatusBar: 	at com.android.systemui.statusbar.phone.StatusBar.addStatusBarWindow(StatusBar.java:3664)
05-25 02:28:11.564  6714  6714 W StatusBar: 	at com.android.systemui.statusbar.phone.StatusBar.createAndAddWindows(StatusBar.java:3660)
05-25 02:28:11.564  6714  6714 W StatusBar: 	at com.android.systemui.statusbar.phone.StatusBar.start(StatusBar.java:889)
05-25 02:28:11.564  6714  6714 W StatusBar: 	at com.google.android.systemui.statusbar.phone.StatusBarGoogle.start(StatusBarGoogle.java:56)
05-25 02:28:11.564  6714  6714 W StatusBar: 	at com.android.systemui.SystemBars.createStatusBarFromConfig(SystemBars.java:71)
05-25 02:28:11.564  6714  6714 W StatusBar: 	at com.android.systemui.SystemBars.start(SystemBars.java:42)
05-25 02:28:11.564  6714  6714 W StatusBar: 	at com.android.systemui.SystemUIApplication.startServicesIfNeeded(SystemUIApplication.java:215)
05-25 02:28:11.564  6714  6714 W StatusBar: 	at com.android.systemui.SystemUIApplication.startServicesIfNeeded(SystemUIApplication.java:164)
05-25 02:28:11.564  6714  6714 W StatusBar: 	at com.android.systemui.SystemUIService.onCreate(SystemUIService.java:33)
05-25 02:28:11.564  6714  6714 W StatusBar: 	at android.app.ActivityThread.handleCreateService(ActivityThread.java:3339)
05-25 02:28:11.564  6714  6714 W StatusBar: 	at android.app.ActivityThread.-wrap4(Unknown Source:0)
05-25 02:28:11.564  6714  6714 W StatusBar: 	at android.app.ActivityThread$H.handleMessage(ActivityThread.java:1677)
05-25 02:28:11.564  6714  6714 W StatusBar: 	at android.os.Handler.dispatchMessage(Handler.java:106)
05-25 02:28:11.564  6714  6714 W StatusBar: 	at android.os.Looper.loop(Looper.java:164)
05-25 02:28:11.564  6714  6714 W StatusBar: 	at android.app.ActivityThread.main(ActivityThread.java:6494)
05-25 02:28:11.564  6714  6714 W StatusBar: 	at java.lang.reflect.Method.invoke(Native Method)
05-25 02:28:11.564  6714  6714 W StatusBar: 	at com.android.internal.os.RuntimeInit$MethodAndArgsCaller.run(RuntimeInit.java:438)
05-25 02:28:11.564  6714  6714 W StatusBar: 	at com.android.internal.os.ZygoteInit.main(ZygoteInit.java:807)
05-25 02:28:11.629  6714  6714 I StatusBar: isKeyguardShowing() called before startKeyguard(), returning true
05-25 02:28:11.629  6714  6714 W StatusBar: isKeyguardSecure() called before startKeyguard(), returning false
05-25 02:28:11.629  6714  6714 W StatusBar: java.lang.Throwable
05-25 02:28:11.629  6714  6714 W StatusBar: 	at com.android.systemui.statusbar.phone.StatusBar.isKeyguardSecure(StatusBar.java:7551)
05-25 02:28:11.629  6714  6714 W StatusBar: 	at com.android.systemui.statusbar.phone.StatusBar.isCameraAllowedByAdmin(StatusBar.java:5436)
05-25 02:28:11.629  6714  6714 W StatusBar: 	at com.android.systemui.statusbar.phone.KeyguardBottomAreaView$DefaultRightButton.getIcon(KeyguardBottomAreaView.java:856)
05-25 02:28:11.629  6714  6714 W StatusBar: 	at com.android.systemui.statusbar.phone.KeyguardBottomAreaView.updateCameraVisibility(KeyguardBottomAreaView.java:382)
05-25 02:28:11.629  6714  6714 W StatusBar: 	at com.android.systemui.statusbar.phone.KeyguardBottomAreaView.setUserSetupComplete(KeyguardBottomAreaView.java:360)
05-25 02:28:11.629  6714  6714 W StatusBar: 	at com.android.systemui.statusbar.phone.NotificationPanelView.setUserSetupComplete(NotificationPanelView.java:2655)
05-25 02:28:11.629  6714  6714 W StatusBar: 	at com.android.systemui.statusbar.phone.StatusBar$1.onUserSetupChanged(StatusBar.java:524)
05-25 02:28:11.629  6714  6714 W StatusBar: 	at com.android.systemui.statusbar.policy.DeviceProvisionedControllerImpl.addCallback(DeviceProvisionedControllerImpl.java:69)
05-25 02:28:11.629  6714  6714 W StatusBar: 	at com.android.systemui.statusbar.policy.DeviceProvisionedControllerImpl.addCallback(DeviceProvisionedControllerImpl.java:63)
05-25 02:28:11.629  6714  6714 W StatusBar: 	at com.android.systemui.statusbar.phone.StatusBar.makeStatusBarView(StatusBar.java:1252)
05-25 02:28:11.629  6714  6714 W StatusBar: 	at com.android.systemui.statusbar.phone.StatusBar.addStatusBarWindow(StatusBar.java:3664)
05-25 02:28:11.629  6714  6714 W StatusBar: 	at com.android.systemui.statusbar.phone.StatusBar.createAndAddWindows(StatusBar.java:3660)
05-25 02:28:11.629  6714  6714 W StatusBar: 	at com.android.systemui.statusbar.phone.StatusBar.start(StatusBar.java:889)
05-25 02:28:11.629  6714  6714 W StatusBar: 	at com.google.android.systemui.statusbar.phone.StatusBarGoogle.start(StatusBarGoogle.java:56)
05-25 02:28:11.629  6714  6714 W StatusBar: 	at com.android.systemui.SystemBars.createStatusBarFromConfig(SystemBars.java:71)
05-25 02:28:11.629  6714  6714 W StatusBar: 	at com.android.systemui.SystemBars.start(SystemBars.java:42)
05-25 02:28:11.629  6714  6714 W StatusBar: 	at com.android.systemui.SystemUIApplication.startServicesIfNeeded(SystemUIApplication.java:215)
05-25 02:28:11.629  6714  6714 W StatusBar: 	at com.android.systemui.SystemUIApplication.startServicesIfNeeded(SystemUIApplication.java:164)
05-25 02:28:11.629  6714  6714 W StatusBar: 	at com.android.systemui.SystemUIService.onCreate(SystemUIService.java:33)
05-25 02:28:11.629  6714  6714 W StatusBar: 	at android.app.ActivityThread.handleCreateService(ActivityThread.java:3339)
05-25 02:28:11.629  6714  6714 W StatusBar: 	at android.app.ActivityThread.-wrap4(Unknown Source:0)
05-25 02:28:11.629  6714  6714 W StatusBar: 	at android.app.ActivityThread$H.handleMessage(ActivityThread.java:1677)
05-25 02:28:11.629  6714  6714 W StatusBar: 	at android.os.Handler.dispatchMessage(Handler.java:106)
05-25 02:28:11.629  6714  6714 W StatusBar: 	at android.os.Looper.loop(Looper.java:164)
05-25 02:28:11.629  6714  6714 W StatusBar: 	at android.app.ActivityThread.main(ActivityThread.java:6494)
05-25 02:28:11.629  6714  6714 W StatusBar: 	at java.lang.reflect.Method.invoke(Native Method)
05-25 02:28:11.629  6714  6714 W StatusBar: 	at com.android.internal.os.RuntimeInit$MethodAndArgsCaller.run(RuntimeInit.java:438)
05-25 02:28:11.629  6714  6714 W StatusBar: 	at com.android.internal.os.ZygoteInit.main(ZygoteInit.java:807)
05-25 02:28:11.857  6559  6678 I chatty  : uid=1000 system_server expire 10 lines
05-25 02:28:11.878  6714  6714 D SystemUIBootTiming: StartServicesSystemBars took to complete: 2142ms
05-25 02:28:11.936  6714  6974 E ActivityThread: Failed to find provider info for com.android.contacts
05-25 02:28:11.971  6714  6714 D SystemUIBootTiming: StartServicesStorageNotification took to complete: 93ms
05-25 02:28:11.981  6714  6714 D SystemUIBootTiming: StartServicesPowerUI took to complete: 10ms
05-25 02:28:11.984  6714  6714 D SystemUIBootTiming: StartServicesRingtonePlayer took to complete: 3ms
05-25 02:28:11.986  6714  6714 D SystemUIBootTiming: StartServicesKeyboardUI took to complete: 2ms
05-25 02:28:12.003  6984  7018 E ActivityThread: Failed to find provider info for com.android.contacts
05-25 02:28:12.013  6984  6984 I TelecomFramework: TtyManager: updateUiTtyMode -1 -> 0
05-25 02:28:12.019  6714  6714 D SystemUIBootTiming: StartServicesPipUI took to complete: 33ms
05-25 02:28:12.059  6714  6714 D SystemUIBootTiming: StartServicesShortcutKeyDispatcher took to complete: 40ms
05-25 02:28:12.071  6714  6714 D SystemUIBootTiming: StartServicesVendorServices took to complete: 12ms
05-25 02:28:12.073  6714  6714 D SystemUIBootTiming: StartServicesService took to complete: 2ms
05-25 02:28:12.074  6714  6714 D SystemUIBootTiming: StartServicesLatencyTester took to complete: 1ms
05-25 02:28:12.075  6714  6714 D SystemUIBootTiming: StartServicesGlobalActionsComponent took to complete: 1ms
05-25 02:28:12.078  6714  6714 D SystemUIBootTiming: StartServicesRoundedCorners took to complete: 3ms
05-25 02:28:12.078  6714  6714 D SystemUIBootTiming: StartServices took to complete: 7294ms
05-25 02:28:12.674  1322  1333 D vold    : e4crypt_prepare_user_storage for volume null, user 0, serial 0, flags 2
05-25 02:28:12.674  1322  1333 D vold    : Preparing: /data/system_ce/0
05-25 02:28:12.674  1322  1333 D vold    : Preparing: /data/misc_ce/0
05-25 02:28:12.674  1322  1333 D vold    : Preparing: /data/media/0
05-25 02:28:12.674  1322  1333 D vold    : Preparing: /data/data
05-25 02:28:12.816  6559  6614 I chatty  : uid=1000 system_server expire 1 line
05-25 02:28:12.825  1322  1332 D vold    : Linking /storage/emulated/0 to /mnt/user/0/primary
05-25 02:28:12.825  6559  6666 I chatty  : uid=1000 system_server expire 1 line
05-25 02:28:12.838  6559  6665 I chatty  : uid=1000 system_server expire 1 line
05-25 02:28:12.991  6559  6559 I chatty  : uid=1000 system_server expire 18 lines
05-25 02:28:13.285  6559  7048 I chatty  : uid=1000 system_server expire 2 lines
05-25 02:28:13.755  6559  6573 I chatty  : uid=1000 system_server expire 11 lines
05-25 02:28:13.828  1322  1333 D VoldCryptCmdListener: cryptfs getpwtype
05-25 02:28:17.683  6559  7187 I chatty  : uid=1000 system_server expire 9 lines
05-25 02:28:18.171  6556  6556 W wificond: Scan is not started. Ignore abort request
05-25 02:28:19.387  7120  7218 E ActivityThread: Failed to find provider info for com.google.android.googlequicksearchbox.GsaPublicContentProvider
05-25 02:28:19.668  6559  6880 I chatty  : uid=1000 system_server expire 11 lines
05-25 02:28:19.996  6559  6674 I chatty  : uid=1000 system_server expire 1 line
05-25 02:28:20.305  6559  6574 I chatty  : uid=1000 system_server expire 10 lines
05-25 02:28:20.392  6559  7251 I chatty  : uid=1000 system_server expire 6 lines
05-25 02:28:20.441  6984  6984 I TelecomFramework: AccountEntry: Registered phoneAccount: [[ ] PhoneAccount: ComponentInfo{com.android.phone/com.android.services.telephony.TelephonyConnectionService}, [e0184adedf913b076626646d3f52c3b49c39ad6d], UserHandle{0} Capabilities: CallProvider MultiUser PlaceEmerg SimSub  Audio Routes: BESW Schemes: tel voicemail  Extras: Bundle[{android.telecom.extra.SUPPORTS_VIDEO_CALLING_FALLBACK=true}] GroupId: [da39a3ee5e6b4b0d3255bfef95601890afd80709]] with handle: ComponentInfo{com.android.phone/com.android.services.telephony.TelephonyConnectionService}, [e0184adedf913b076626646d3f52c3b49c39ad6d], UserHandle{0}
05-25 02:28:20.442  6984  6984 I TelecomFramework: PstnIncomingCallNotifier: Registering: Handler (com.android.internal.telephony.GsmCdmaPhone) {15dd6e}
05-25 02:28:20.444  6984  6984 I TelecomFramework: TelecomAccountRegistry: Unregistering phone account ComponentInfo{com.android.phone/com.android.services.telephony.TelephonyConnectionService}, [e2f7d48dd2b5ca523e7313cf4ba0f6ea830b6281], UserHandle{0}.
05-25 02:28:20.928  6559  6673 I chatty  : uid=1000 system_server expire 1 line
05-25 02:28:21.169  6559  7246 I chatty  : uid=1000 system_server expire 22 lines
05-25 02:28:21.396  6559  6989 I chatty  : uid=1000 system_server expire 4 lines
05-25 02:28:21.537  6984  6984 I TelecomFramework: PstnPhoneCapabilitiesNotifier: handleVideoCapabilitesChanged. Video capability - false
05-25 02:28:22.717  7078  7078 W KeyphraseEnrollmentInfo: No enrollment application supports the given keyphrase/locale: 'Ok Google'/en_US
05-25 02:28:23.251  6559  7198 I chatty  : uid=1000 system_server expire 10 lines
05-25 02:28:23.454  6984  6984 D MccTable: updateMccMncConfiguration mccmnc='310260' fromServiceState=false
05-25 02:28:23.454  6984  6984 D MccTable: updateMccMncConfiguration defaultMccMnc=
05-25 02:28:23.454  6984  6984 D MccTable: updateMccMncConfiguration: mcc=310, mnc=260
05-25 02:28:24.113  6559  6601 I chatty  : uid=1000 system_server expire 10 lines
05-25 02:28:24.116  6984  6984 D MccTable: timezone set to America/New_York
05-25 02:28:24.117  6984  6984 D MccTable: updateMccMncConfiguration updateConfig config={0.0 310mcc260mnc ?localeList ?layoutDir ?swdp ?wdp ?hdp ?density ?lsize ?long ?ldr ?wideColorGamut ?orien ?uimode ?night ?touch ?keyb/?/? ?nav/?}
05-25 02:28:36.327  6559  6606 I chatty  : uid=1000 system_server expire 8 lines
05-25 02:28:36.330  6559  6559 I chatty  : uid=1000 system_server expire 11 lines
05-25 02:28:37.288  6984  6984 I TelecomFramework: PstnIncomingCallNotifier: Unregistering: Handler (com.android.internal.telephony.GsmCdmaPhone) {15dd6e}
05-25 02:28:37.308  6984  6984 I TelecomFramework: AccountEntry: Registered phoneAccount: [[ ] PhoneAccount: ComponentInfo{com.android.phone/com.android.services.telephony.TelephonyConnectionService}, [e0184adedf913b076626646d3f52c3b49c39ad6d], UserHandle{0} Capabilities: CallProvider MultiUser PlaceEmerg SimSub  Audio Routes: BESW Schemes: tel voicemail  Extras: Bundle[{android.telecom.extra.SUPPORTS_VIDEO_CALLING_FALLBACK=true}] GroupId: [da39a3ee5e6b4b0d3255bfef95601890afd80709]] with handle: ComponentInfo{com.android.phone/com.android.services.telephony.TelephonyConnectionService}, [e0184adedf913b076626646d3f52c3b49c39ad6d], UserHandle{0}
05-25 02:28:37.308  6984  6984 I TelecomFramework: PstnIncomingCallNotifier: Registering: Handler (com.android.internal.telephony.GsmCdmaPhone) {15dd6e}
05-25 02:28:37.315  6984  6984 I TelecomFramework: PstnPhoneCapabilitiesNotifier: handleVideoCapabilitesChanged. Video capability - false
05-25 02:28:38.296  6559  6880 I chatty  : uid=1000 system_server expire 1 line
05-25 02:28:38.343  6559  6678 I chatty  : uid=1000 system_server expire 5 lines
05-25 02:28:39.089  6984  7013 D MccTable: updateMccMncConfiguration mccmnc='310260' fromServiceState=false
05-25 02:28:39.172  6984  7013 D MccTable: updateMccMncConfiguration defaultMccMnc=310260
05-25 02:28:39.172  6984  7013 D MccTable: updateMccMncConfiguration: mcc=310, mnc=260
05-25 02:28:39.172  6984  7013 D MccTable: updateMccMncConfiguration updateConfig config={0.0 310mcc260mnc ?localeList ?layoutDir ?swdp ?wdp ?hdp ?density ?lsize ?long ?ldr ?wideColorGamut ?orien ?uimode ?night ?touch ?keyb/?/? ?nav/?}
05-25 02:28:39.205  6984  6984 I TelecomFramework: PstnIncomingCallNotifier: Unregistering: Handler (com.android.internal.telephony.GsmCdmaPhone) {15dd6e}
05-25 02:28:39.221  6984  6984 I TelecomFramework: AccountEntry: Registered phoneAccount: [[ ] PhoneAccount: ComponentInfo{com.android.phone/com.android.services.telephony.TelephonyConnectionService}, [e2f7d48dd2b5ca523e7313cf4ba0f6ea830b6281], UserHandle{0} Capabilities: CallProvider MultiUser PlaceEmerg SimSub  Audio Routes: BESW Schemes: tel voicemail  Extras: Bundle[{android.telecom.extra.SUPPORTS_VIDEO_CALLING_FALLBACK=true}] GroupId: [da39a3ee5e6b4b0d3255bfef95601890afd80709]] with handle: ComponentInfo{com.android.phone/com.android.services.telephony.TelephonyConnectionService}, [e2f7d48dd2b5ca523e7313cf4ba0f6ea830b6281], UserHandle{0}
05-25 02:28:39.222  6984  6984 I TelecomFramework: PstnIncomingCallNotifier: Registering: Handler (com.android.internal.telephony.GsmCdmaPhone) {15dd6e}
05-25 02:28:39.223  6984  6984 I TelecomFramework: TelecomAccountRegistry: Unregistering phone account ComponentInfo{com.android.phone/com.android.services.telephony.TelephonyConnectionService}, [e0184adedf913b076626646d3f52c3b49c39ad6d], UserHandle{0}.
05-25 02:28:39.275  6984  6984 I TelecomFramework: PstnPhoneCapabilitiesNotifier: handleVideoCapabilitesChanged. Video capability - false
05-25 02:28:39.284  6559  7198 I chatty  : uid=1000 system_server expire 6 lines
05-25 02:28:39.405  6559  6574 I chatty  : uid=1000 system_server expire 12 lines
05-25 02:28:39.827  7438  7486 D ActivityThread: Loading provider com.google.android.gmail.provider;com.android.mail.notifier;com.google.android.gm.email.provider;com.google.android.gm.tasks.provider;com.google.android.gm.email.notifier: com.android.email.provider.EmailProvider
05-25 02:28:41.501  6559  6601 I chatty  : uid=1000 system_server expire 8 lines
05-25 02:28:42.412  7225  7284 E ActivityThread: Failed to find provider info for com.google.android.apps.gsa.testing.ui.audio.recorded
05-25 02:28:42.469  6984  7013 D MccTable: updateMccMncConfiguration mccmnc='310260' fromServiceState=false
05-25 02:28:42.469  6984  7013 D MccTable: updateMccMncConfiguration defaultMccMnc=310260
05-25 02:28:42.470  6984  7013 D MccTable: updateMccMncConfiguration: mcc=310, mnc=260
05-25 02:28:42.470  6984  7013 D MccTable: updateMccMncConfiguration updateConfig config={0.0 310mcc260mnc ?localeList ?layoutDir ?swdp ?wdp ?hdp ?density ?lsize ?long ?ldr ?wideColorGamut ?orien ?uimode ?night ?touch ?keyb/?/? ?nav/?}
05-25 02:28:42.826  6984  6984 I TelecomFramework: PstnIncomingCallNotifier: Unregistering: Handler (com.android.internal.telephony.GsmCdmaPhone) {15dd6e}
05-25 02:28:42.834  6984  6984 I TelecomFramework: AccountEntry: Registered phoneAccount: [[ ] PhoneAccount: ComponentInfo{com.android.phone/com.android.services.telephony.TelephonyConnectionService}, [e2f7d48dd2b5ca523e7313cf4ba0f6ea830b6281], UserHandle{0} Capabilities: CallProvider MultiUser PlaceEmerg SimSub  Audio Routes: BESW Schemes: tel voicemail  Extras: Bundle[{android.telecom.extra.SUPPORTS_VIDEO_CALLING_FALLBACK=true}] GroupId: [da39a3ee5e6b4b0d3255bfef95601890afd80709]] with handle: ComponentInfo{com.android.phone/com.android.services.telephony.TelephonyConnectionService}, [e2f7d48dd2b5ca523e7313cf4ba0f6ea830b6281], UserHandle{0}
05-25 02:28:42.834  6984  6984 I TelecomFramework: PstnIncomingCallNotifier: Registering: Handler (com.android.internal.telephony.GsmCdmaPhone) {15dd6e}
05-25 02:28:43.075  6559  6573 I chatty  : uid=1000 system_server expire 3 lines
05-25 02:28:43.087  6984  6984 I TelecomFramework: PstnIncomingCallNotifier: Unregistering: Handler (com.android.internal.telephony.GsmCdmaPhone) {15dd6e}
05-25 02:28:43.099  6984  6984 I TelecomFramework: AccountEntry: Registered phoneAccount: [[ ] PhoneAccount: ComponentInfo{com.android.phone/com.android.services.telephony.TelephonyConnectionService}, [e2f7d48dd2b5ca523e7313cf4ba0f6ea830b6281], UserHandle{0} Capabilities: CallProvider MultiUser PlaceEmerg SimSub  Audio Routes: BESW Schemes: tel voicemail  Extras: Bundle[{android.telecom.extra.SUPPORTS_VIDEO_CALLING_FALLBACK=true}] GroupId: [da39a3ee5e6b4b0d3255bfef95601890afd80709]] with handle: ComponentInfo{com.android.phone/com.android.services.telephony.TelephonyConnectionService}, [e2f7d48dd2b5ca523e7313cf4ba0f6ea830b6281], UserHandle{0}
05-25 02:28:43.099  6984  6984 I TelecomFramework: PstnIncomingCallNotifier: Registering: Handler (com.android.internal.telephony.GsmCdmaPhone) {15dd6e}
05-25 02:28:43.103  6984  6984 I TelecomFramework: PstnIncomingCallNotifier: Unregistering: Handler (com.android.internal.telephony.GsmCdmaPhone) {15dd6e}
05-25 02:28:43.129  6559  7579 I chatty  : uid=1000 system_server expire 4 lines
05-25 02:28:43.133  6984  6984 I TelecomFramework: AccountEntry: Registered phoneAccount: [[ ] PhoneAccount: ComponentInfo{com.android.phone/com.android.services.telephony.TelephonyConnectionService}, [e2f7d48dd2b5ca523e7313cf4ba0f6ea830b6281], UserHandle{0} Capabilities: CallProvider MultiUser PlaceEmerg SimSub  Audio Routes: BESW Schemes: tel voicemail  Extras: Bundle[{android.telecom.extra.SUPPORTS_VIDEO_CALLING_FALLBACK=true}] GroupId: [da39a3ee5e6b4b0d3255bfef95601890afd80709]] with handle: ComponentInfo{com.android.phone/com.android.services.telephony.TelephonyConnectionService}, [e2f7d48dd2b5ca523e7313cf4ba0f6ea830b6281], UserHandle{0}
05-25 02:28:43.133  6984  6984 I TelecomFramework: PstnIncomingCallNotifier: Registering: Handler (com.android.internal.telephony.GsmCdmaPhone) {15dd6e}
05-25 02:28:43.371  6984  6984 I TelecomFramework: PstnPhoneCapabilitiesNotifier: handleVideoCapabilitesChanged. Video capability - false
05-25 02:28:43.475  6984  6984 I TelecomFramework: PstnIncomingCallNotifier: Unregistering: Handler (com.android.internal.telephony.GsmCdmaPhone) {15dd6e}
05-25 02:28:43.481  6984  6984 I TelecomFramework: AccountEntry: Registered phoneAccount: [[ ] PhoneAccount: ComponentInfo{com.android.phone/com.android.services.telephony.TelephonyConnectionService}, [e2f7d48dd2b5ca523e7313cf4ba0f6ea830b6281], UserHandle{0} Capabilities: CallProvider MultiUser PlaceEmerg SimSub  Audio Routes: BESW Schemes: tel voicemail  Extras: Bundle[{android.telecom.extra.SUPPORTS_VIDEO_CALLING_FALLBACK=true}] GroupId: [da39a3ee5e6b4b0d3255bfef95601890afd80709]] with handle: ComponentInfo{com.android.phone/com.android.services.telephony.TelephonyConnectionService}, [e2f7d48dd2b5ca523e7313cf4ba0f6ea830b6281], UserHandle{0}
05-25 02:28:43.481  6984  6984 I TelecomFramework: PstnIncomingCallNotifier: Registering: Handler (com.android.internal.telephony.GsmCdmaPhone) {15dd6e}
05-25 02:28:43.481  6984  6984 I TelecomFramework: PstnPhoneCapabilitiesNotifier: handleVideoCapabilitesChanged. Video capability - false
05-25 02:28:43.482  6984  6984 I TelecomFramework: PstnPhoneCapabilitiesNotifier: handleVideoCapabilitesChanged. Video capability - false
05-25 02:28:43.809  6984  6984 I TelecomFramework: PstnPhoneCapabilitiesNotifier: handleVideoCapabilitesChanged. Video capability - false
05-25 02:28:44.288  6559  6613 I chatty  : uid=1000 system_server expire 7 lines
05-25 02:28:48.092  7225  7284 E ActivityThread: Failed to find provider info for com.google.android.apps.gsa.testing.ui.audio.recorded
05-25 02:28:49.911  6559  7722 I chatty  : uid=1000 system_server expire 3 lines
05-25 02:28:50.071  6559  6559 I chatty  : uid=1000 system_server expire 2 lines
05-25 02:28:50.518  6559  7198 W ActivityManager: Slow operation: 209ms so far, now at startProcess: done updating pids map
05-25 02:28:50.518  6559  7198 W ActivityManager: Slow operation: 209ms so far, now at startProcess: done starting proc!
05-25 02:28:50.729  6559  7198 I ActivityManager: Start proc 7766:com.android.managedprovisioning/u0a22 for broadcast com.android.managedprovisioning/.preprovisioning.BootReminder
05-25 02:28:51.155  6559  7251 W BroadcastQueue: Permission Denial: receiving Intent { act=android.intent.action.BOOT_COMPLETED flg=0x9000010 (has extras) } to com.google.android.apps.docs/.app.NotificationChannelReceiver requires android.permission.RECEIVE_BOOT_COMPLETED due to sender null (uid 1000)
05-25 02:28:51.225  6559  6606 W ActivityManager: Slow operation: 70ms so far, now at startProcess: returned from zygote!
05-25 02:28:51.225  6559  6606 W ActivityManager: Slow operation: 70ms so far, now at startProcess: done updating battery stats
05-25 02:28:51.225  6559  6606 W ActivityManager: Slow operation: 70ms so far, now at startProcess: building log message
05-25 02:28:51.225  6559  6606 I ActivityManager: Start proc 7784:com.google.android.apps.maps/u0a64 for broadcast com.google.android.apps.maps/com.google.android.apps.gmm.navigation.service.detection.StartDetectionReceiver
05-25 02:28:51.225  6559  6606 W ActivityManager: Slow operation: 70ms so far, now at startProcess: starting to update pids map
05-25 02:28:51.225  6559  6606 W ActivityManager: Slow operation: 70ms so far, now at startProcess: done updating pids map
05-25 02:28:51.225  6559  6606 W ActivityManager: Slow operation: 70ms so far, now at startProcess: done starting proc!
05-25 02:28:51.439  6559  7187 W ActivityManager: Unable to start service Intent { act=com.google.android.gms.analytics.service.START cmp=com.google.android.gms/.analytics.service.AnalyticsService (has extras) } U=0: not found
05-25 02:28:51.592  7062  7062 E ActivityThread: Failed to find provider info for com.google.android.gms.common.phenotype
05-25 02:28:52.511  6559  7187 D CryptdConnector: SND -> {4 cryptfs getpwtype}
05-25 02:28:52.511  1322  1333 D VoldCryptCmdListener: cryptfs getpwtype
05-25 02:28:52.512  6559  6667 D CryptdConnector: RCV <- {213 4 default}
05-25 02:28:52.522  6559  7187 I ActivityManager: Start proc 7826:com.google.android.apps.messaging/u0a70 for broadcast com.google.android.apps.messaging/.shared.receiver.BootAndPackageReplacedReceiver
05-25 02:28:53.287  6559  7198 I ActivityManager: Start proc 7853:com.google.android.apps.messaging:rcs/u0a70 for broadcast com.google.android.apps.messaging/com.google.android.ims.receiver.AutoStartReceiver
05-25 02:28:53.400  6559  7198 D MmsServiceBroker: getCarrierConfigValues() by com.google.android.apps.messaging
05-25 02:28:53.400  6559  7198 W MmsServiceBroker: MmsService not connected. Try connecting...
05-25 02:28:53.401  6559  6559 I MmsServiceBroker: Connecting to MmsService
05-25 02:28:53.401  6559  6559 W ContextImpl: Calling a method in the system process without a qualified user: android.app.ContextImpl.bindService:1556 com.android.server.MmsServiceBroker.tryConnecting:241 com.android.server.MmsServiceBroker.-wrap3:0 com.android.server.MmsServiceBroker$1.handleMessage:83 android.os.Handler.dispatchMessage:106 
05-25 02:28:53.415  6559  6559 I MmsServiceBroker: MmsService connected
05-25 02:28:53.430  6559  7198 D MmsServiceBroker: getCarrierConfigValues() by com.google.android.apps.messaging
05-25 02:28:53.434  6559  7198 D MmsServiceBroker: getCarrierConfigValues() by com.google.android.apps.messaging
05-25 02:28:53.509  7225  7284 E ActivityThread: Failed to find provider info for com.google.android.apps.gsa.testing.ui.audio.recorded
05-25 02:28:53.636  6559  6559 D ConditionProviders.SCP: onReceive android.intent.action.TIMEZONE_CHANGED
05-25 02:28:53.636  6559  6559 D ConditionProviders.SCP: notifyCondition condition://android/schedule?days=6.7&start=23.30&end=10.0&exitAtAlarm=false STATE_FALSE reason=!meetsSchedule
05-25 02:28:53.636  6559  6559 D ConditionProviders.SCP: notifyCondition condition://android/schedule?days=1.2.3.4.5&start=22.0&end=7.0&exitAtAlarm=false STATE_TRUE reason=meetsSchedule
05-25 02:28:53.636  6559  6559 D ConditionProviders.SCP: Scheduling evaluate for Fri May 25 07:00:00 GMT+00:00 2018 (1527231600000), in +4h31m6s364ms, now=Fri May 25 02:28:53 GMT+00:00 2018 (1527215333636)
05-25 02:28:53.696  6559  7299 I ActivityManager: Start proc 7897:com.google.android.apps.photos/u0a68 for broadcast com.google.android.apps.photos/.backup.freestorage.full.beta.PixelOfferReceiver
05-25 02:28:53.981  6559  7299 D CountryDetector: The first listener is added
05-25 02:28:54.993  6559  7271 I ActivityManager: Start proc 7935:com.google.android.apps.wallpaper/u0a31 for broadcast com.google.android.apps.wallpaper/.module.GoogleAlarmInitializer
05-25 02:28:55.153  6559  7271 I ActivityManager: Start proc 7953:com.google.android.calendar/u0a52 for broadcast com.google.android.calendar/.alerts.AlertReceiver
05-25 02:28:55.471  6559  7271 I ActivityManager: Start proc 7988:com.google.android.configupdater/u0a5 for broadcast com.google.android.configupdater/.MainReceiver
05-25 02:28:55.839  6559  6574 I ActivityManager: Start proc 8031:com.android.chrome/u0a44 for service com.android.chrome/org.chromium.chrome.browser.customtabs.CustomTabsConnectionService
05-25 02:28:55.913  6559  7271 W ActivityManager: Unable to start service Intent { cmp=com.google.android.gm.exchange/com.android.exchange.service.EasService } U=0: not found
05-25 02:28:56.115  6559  8054 I ActivityManager: Start proc 8059:com.google.android.onetimeinitializer/u0a15 for broadcast com.google.android.onetimeinitializer/.OneTimeInitializerReceiver
05-25 02:28:56.244  6559  8054 I ActivityManager: Start proc 8076:com.google.android.packageinstaller/u0a18 for broadcast com.google.android.packageinstaller/com.android.packageinstaller.TemporaryFileManager
05-25 02:28:56.334  6559  8054 I ActivityManager: Killing 6875:com.android.settings/1000 (adj 906): empty #17
05-25 02:28:56.383  6559  6614 W ActivityManager: setHasOverlayUi called on unknown pid: 6875
05-25 02:28:56.487  6559  7496 I ActivityManager: Killing 7089:com.google.android.setupwizard/u0a25 (adj 906): empty #17
05-25 02:28:56.547  6559  7496 I ActivityManager: Start proc 8108:com.google.android.videos/u0a74 for broadcast com.google.android.videos/.service.pinning.TransferService$Receiver
05-25 02:28:56.988  6559  8054 D PackageManager: Ephemeral installer not found with new action; try old one
05-25 02:28:56.988  6559  8054 D PackageManager: Clear ephemeral installer activity
05-25 02:28:57.037  6559  6880 W ActivityManager: Unable to start service Intent { act=com.android.vending.contentfilters.IContentFiltersService.BIND pkg=com.android.vending } U=0: not found
05-25 02:28:57.109  6559  8054 W ActivityManager: Background start not allowed: service Intent { cmp=com.google.android.videos/.service.pinning.TransferService (has extras) } to com.google.android.videos/.service.pinning.TransferService from pid=8108 uid=10074 pkg=com.google.android.videos
05-25 02:28:57.156  6559  8054 I ActivityManager: Killing 7366:com.android.printspooler/u0a71 (adj 906): empty #17
05-25 02:28:57.176  6559  8054 D CryptdConnector: SND -> {5 cryptfs getpwtype}
05-25 02:28:57.176  1322  1333 D VoldCryptCmdListener: cryptfs getpwtype
05-25 02:28:57.177  6559  6667 D CryptdConnector: RCV <- {213 5 default}
05-25 02:28:57.178  6559  8054 W ActivityManager: Background start not allowed: service Intent { cmp=com.google.android.videos/.service.pinning.TransferService (has extras) } to com.google.android.videos/.service.pinning.TransferService from pid=8108 uid=10074 pkg=com.google.android.videos
05-25 02:28:57.195  6559  8054 I ActivityManager: Finished processing BOOT_COMPLETED for u0
05-25 02:28:57.196  6559  8054 I ActivityManager: Killing 7621:com.google.android.ext.services/u0a14 (adj 906): empty #17
05-25 02:28:57.417  6559  8149 D PackageManager: Ephemeral installer not found with new action; try old one
05-25 02:28:57.417  6559  8149 D PackageManager: Clear ephemeral installer activity
05-25 02:28:57.418  6559  8149 D PackageManager: Ephemeral installer not found with new action; try old one
05-25 02:28:57.418  6559  8149 D PackageManager: Clear ephemeral installer activity
05-25 02:28:57.568  6559  6880 I ActivityManager: Start proc 8198:com.android.settings/1000 for broadcast com.android.settings/.sim.SimSelectNotification
05-25 02:28:57.641  6559  8054 I ActivityManager: Start proc 8205:com.google.android.gms.unstable/u0a13 for service com.google.android.gms/.droidguard.DroidGuardService
05-25 02:28:57.647  6559  6834 I ActivityManager: Killing 7728:com.android.cellbroadcastreceiver/u0a6 (adj 906): empty #17
05-25 02:28:57.693  6559  6656 W ActivityManager: Unable to start service Intent { act=com.google.android.gms.drive.ApiService.RESET_AFTER_BOOT flg=0x4 cmp=com.google.android.gms/.drive.api.ApiService (has extras) } U=0: not found
05-25 02:28:57.981  6559  8054 I ActivityManager: Killing 7748:com.android.contacts/u0a11 (adj 906): empty #17
05-25 02:28:58.049  6559  7246 I ActivityManager: Killing 7766:com.android.managedprovisioning/u0a22 (adj 906): empty #17
05-25 02:28:58.067  6559  7246 I ActivityManager: Start proc 8253:com.google.android.gms.ui/u0a13 for service com.google.android.gms/.chimera.UiIntentOperationService
05-25 02:28:58.152  6559  8149 W ActivityManager: Unable to start service Intent { act=com.google.android.gms.nearby.discovery:ACTION_INIT_MESSAGES_PATH cmp=com.google.android.gms/.nearby.discovery.service.DiscoveryService } U=0: not found
05-25 02:28:58.283  6559  7246 D PackageManager: Ephemeral installer not found with new action; try old one
05-25 02:28:58.283  6559  7246 D PackageManager: Clear ephemeral installer activity
05-25 02:28:58.308  7225  7284 E ActivityThread: Failed to find provider info for com.google.android.apps.gsa.testing.ui.audio.recorded
05-25 02:28:59.252  6559  7496 D PackageManager: Ephemeral installer not found with new action; try old one
05-25 02:28:59.252  6559  7496 D PackageManager: Clear ephemeral installer activity
05-25 02:28:59.371  6559  7496 D PackageManager: Ephemeral installer not found with new action; try old one
05-25 02:28:59.371  6559  7496 D PackageManager: Clear ephemeral installer activity
05-25 02:28:59.382  6559  7496 D PackageManager: Ephemeral installer not found with new action; try old one
